
 Start         Length     Name                   Class
 0001:00000000 0001FEA4H .text                   CODE
 0002:00000000 00000148H .data                   DATA
 0002:00000148 000002F1H .bss                    BSS


Detailed map of segments

 0001:00000000 0000019E C=CODE     S=.text    G=(none)   M=System   ACBP=A9
 0001:000001A0 000001EC C=CODE     S=.text    G=(none)   M=SysInit  ACBP=A9
 0001:0000038C 000000AE C=CODE     S=.text    G=(none)   M=SysUtils ACBP=A9
 0001:0000043C 0000000E C=CODE     S=.text    G=(none)   M=SysConst ACBP=A9
 0001:0000044C 00000050 C=CODE     S=.text    G=(none)   M=Windows  ACBP=A9
 0001:0000049C 0000000E C=CODE     S=.text    G=(none)   M=Types    ACBP=A9
 0001:000004AC 000000A6 C=CODE     S=.text    G=(none)   M=Classes  ACBP=A9
 0001:00000554 0000000E C=CODE     S=.text    G=(none)   M=ActiveX  ACBP=A9
 0001:00000564 00000038 C=CODE     S=.text    G=(none)   M=Messages ACBP=A9
 0001:0000059C 0000000E C=CODE     S=.text    G=(none)   M=TypInfo  ACBP=A9
 0001:000005AC 0000005E C=CODE     S=.text    G=(none)   M=Variants ACBP=A9
 0001:0000060C 0000000E C=CODE     S=.text    G=(none)   M=VarUtils ACBP=A9
 0001:0000061C 0000000E C=CODE     S=.text    G=(none)   M=RTLConsts ACBP=A9
 0001:0000062C 0000007E C=CODE     S=.text    G=(none)   M=DB       ACBP=A9
 0001:000006AC 0000000E C=CODE     S=.text    G=(none)   M=FMTBcd   ACBP=A9
 0001:000006BC 0000000E C=CODE     S=.text    G=(none)   M=Math     ACBP=A9
 0001:000006CC 0000000E C=CODE     S=.text    G=(none)   M=DBConsts ACBP=A9
 0001:000006DC 0000000E C=CODE     S=.text    G=(none)   M=SqlTimSt ACBP=A9
 0001:000006EC 0000002E C=CODE     S=.text    G=(none)   M=DateUtils ACBP=A9
 0001:0000071C 0000000E C=CODE     S=.text    G=(none)   M=MaskUtils ACBP=A9
 0001:0000072C 0000000E C=CODE     S=.text    G=(none)   M=ComObj   ACBP=A9
 0001:0000073C 0000000E C=CODE     S=.text    G=(none)   M=ComConst ACBP=A9
 0001:0000074C 00000036 C=CODE     S=.text    G=(none)   M=IBCustomDataSet ACBP=A9
 0001:00000784 0000000E C=CODE     S=.text    G=(none)   M=IBBlob   ACBP=A9
 0001:00000794 0000000E C=CODE     S=.text    G=(none)   M=IBUtils  ACBP=A9
 0001:000007A4 0000000E C=CODE     S=.text    G=(none)   M=DBCommon ACBP=A9
 0001:000007B4 0000004E C=CODE     S=.text    G=(none)   M=IBDatabase ACBP=A9
 0001:00000804 0000000E C=CODE     S=.text    G=(none)   M=IB       ACBP=A9
 0001:00000814 0000000E C=CODE     S=.text    G=(none)   M=IBXConst ACBP=A9
 0001:00000824 0000000E C=CODE     S=.text    G=(none)   M=IBExternals ACBP=A9
 0001:00000834 0000000E C=CODE     S=.text    G=(none)   M=IBHeader ACBP=A9
 0001:00000844 0000000E C=CODE     S=.text    G=(none)   M=IBIntf   ACBP=A9
 0001:00000854 0000000E C=CODE     S=.text    G=(none)   M=IBInstallHeader ACBP=A9
 0001:00000864 0000001E C=CODE     S=.text    G=(none)   M=IBSQL    ACBP=A9
 0001:00000884 0000000E C=CODE     S=.text    G=(none)   M=IBErrorCodes ACBP=A9
 0001:00000894 0000000E C=CODE     S=.text    G=(none)   M=IBSQLMonitor ACBP=A9
 0001:000008A4 0000000E C=CODE     S=.text    G=(none)   M=IBServices ACBP=A9
 0001:000008B4 0000000E C=CODE     S=.text    G=(none)   M=Contnrs  ACBP=A9
 0001:000008C4 0000000E C=CODE     S=.text    G=(none)   M=IBDatabaseInfo ACBP=A9
 0001:000008D4 0000000E C=CODE     S=.text    G=(none)   M=IBTable  ACBP=A9
 0001:000008E4 0000001E C=CODE     S=.text    G=(none)   M=Dialogs  ACBP=A9
 0001:00000904 00000038 C=CODE     S=.text    G=(none)   M=ShlObj   ACBP=A9
 0001:0000093C 00000038 C=CODE     S=.text    G=(none)   M=UrlMon   ACBP=A9
 0001:00000974 00000040 C=CODE     S=.text    G=(none)   M=WinInet  ACBP=A9
 0001:000009B4 00000038 C=CODE     S=.text    G=(none)   M=RegStr   ACBP=A9
 0001:000009EC 00000038 C=CODE     S=.text    G=(none)   M=ShellAPI ACBP=A9
 0001:00000A24 00000038 C=CODE     S=.text    G=(none)   M=CommCtrl ACBP=A9
 0001:00000A5C 0000000E C=CODE     S=.text    G=(none)   M=StdCtrls ACBP=A9
 0001:00000A6C 0000000E C=CODE     S=.text    G=(none)   M=ActnList ACBP=A9
 0001:00000A7C 0000000E C=CODE     S=.text    G=(none)   M=ImgList  ACBP=A9
 0001:00000A8C 0000000E C=CODE     S=.text    G=(none)   M=Graphics ACBP=A9
 0001:00000A9C 0000000E C=CODE     S=.text    G=(none)   M=Consts   ACBP=A9
 0001:00000AAC 0000013E C=CODE     S=.text    G=(none)   M=Forms    ACBP=A9
 0001:00000BEC 0000000E C=CODE     S=.text    G=(none)   M=HelpIntfs ACBP=A9
 0001:00000BFC 0000000E C=CODE     S=.text    G=(none)   M=MultiMon ACBP=A9
 0001:00000C0C 000000E6 C=CODE     S=.text    G=(none)   M=Controls ACBP=A9
 0001:00000CF4 00000038 C=CODE     S=.text    G=(none)   M=Imm      ACBP=A9
 0001:00000D2C 0000000E C=CODE     S=.text    G=(none)   M=Menus    ACBP=A9
 0001:00000D3C 0000000E C=CODE     S=.text    G=(none)   M=Themes   ACBP=A9
 0001:00000D4C 0000000E C=CODE     S=.text    G=(none)   M=UxTheme  ACBP=A9
 0001:00000D5C 0000000E C=CODE     S=.text    G=(none)   M=SyncObjs ACBP=A9
 0001:00000D6C 0000000E C=CODE     S=.text    G=(none)   M=ComCtrls ACBP=A9
 0001:00000D7C 0000000E C=CODE     S=.text    G=(none)   M=ListActns ACBP=A9
 0001:00000D8C 0000000E C=CODE     S=.text    G=(none)   M=ExtCtrls ACBP=A9
 0001:00000D9C 0000000E C=CODE     S=.text    G=(none)   M=WinHelpViewer ACBP=A9
 0001:00000DAC 0000000E C=CODE     S=.text    G=(none)   M=StdActns ACBP=A9
 0001:00000DBC 00000026 C=CODE     S=.text    G=(none)   M=Printers ACBP=A9
 0001:00000DE4 00000038 C=CODE     S=.text    G=(none)   M=WinSpool ACBP=A9
 0001:00000E1C 00000038 C=CODE     S=.text    G=(none)   M=CommDlg  ACBP=A9
 0001:00000E54 00000038 C=CODE     S=.text    G=(none)   M=Dlgs     ACBP=A9
 0001:00000E8C 0000000E C=CODE     S=.text    G=(none)   M=StrUtils ACBP=A9
 0001:00000E9C 0000000E C=CODE     S=.text    G=(none)   M=Clipbrd  ACBP=A9
 0001:00000EAC 0000000E C=CODE     S=.text    G=(none)   M=FlatSB   ACBP=A9
 0001:00000EBC 0000000E C=CODE     S=.text    G=(none)   M=ToolWin  ACBP=A9
 0001:00000ECC 00000038 C=CODE     S=.text    G=(none)   M=RichEdit ACBP=A9
 0001:00000F04 0000000E C=CODE     S=.text    G=(none)   M=ExtActns ACBP=A9
 0001:00000F14 00000036 C=CODE     S=.text    G=(none)   M=Registry ACBP=A9
 0001:00000F4C 00000016 C=CODE     S=.text    G=(none)   M=IniFiles ACBP=A9
 0001:00000F64 0000000E C=CODE     S=.text    G=(none)   M=ExtDlgs  ACBP=A9
 0001:00000F74 0000000E C=CODE     S=.text    G=(none)   M=Buttons  ACBP=A9
 0001:00000F84 0000000E C=CODE     S=.text    G=(none)   M=Mapi     ACBP=A9
 0001:00000F94 0000000E C=CODE     S=.text    G=(none)   M=ComStrs  ACBP=A9
 0001:00000FA4 0000002E C=CODE     S=.text    G=(none)   M=IBQuery  ACBP=A9
 0001:00000FD4 00000016 C=CODE     S=.text    G=(none)   M=DBClient ACBP=A9
 0001:00000FEC 0000000E C=CODE     S=.text    G=(none)   M=Midas    ACBP=A9
 0001:00000FFC 0000000E C=CODE     S=.text    G=(none)   M=DSIntf   ACBP=A9
 0001:0000100C 0000000E C=CODE     S=.text    G=(none)   M=MidConst ACBP=A9
 0001:0000101C 0000000E C=CODE     S=.text    G=(none)   M=Provider ACBP=A9
 0001:0000102C 0000000E C=CODE     S=.text    G=(none)   M=DataBkr  ACBP=A9
 0001:0000103C 00001CA8 C=CODE     S=.text    G=(none)   M=UGeral   ACBP=A9
 0001:00002CE4 00001090 C=CODE     S=.text    G=(none)   M=UDM      ACBP=A9
 0001:00003D74 00003560 C=CODE     S=.text    G=(none)   M=UGeralSQL ACBP=A9
 0001:000072D4 00000224 C=CODE     S=.text    G=(none)   M=ULogSQL  ACBP=A9
 0001:000074F8 0000000E C=CODE     S=.text    G=(none)   M=CHILKATUPLOADLib_TLB ACBP=A9
 0001:00007508 0000000E C=CODE     S=.text    G=(none)   M=StdVCL   ACBP=A9
 0001:00007518 0000000E C=CODE     S=.text    G=(none)   M=OleServer ACBP=A9
 0001:00007528 0000000E C=CODE     S=.text    G=(none)   M=OleConst ACBP=A9
 0001:00007538 00000026 C=CODE     S=.text    G=(none)   M=OleCtrls ACBP=A9
 0001:00007560 0000000E C=CODE     S=.text    G=(none)   M=AxCtrls  ACBP=A9
 0001:00007570 0000001E C=CODE     S=.text    G=(none)   M=CHILKATHTTPLib_TLB ACBP=A9
 0001:00007590 00000160 C=CODE     S=.text    G=(none)   M=uFuncoesWeb ACBP=A9
 0001:000076F0 000169F0 C=CODE     S=.text    G=(none)   M=UDMGERAL ACBP=A9
 0001:0001E0E0 0000152C C=CODE     S=.text    G=(none)   M=UDMDIG   ACBP=A9
 0001:0001F60C 0000000E C=CODE     S=.text    G=(none)   M=RpDefine ACBP=A9
 0001:0001F61C 0000000E C=CODE     S=.text    G=(none)   M=RpCon    ACBP=A9
 0001:0001F62C 0000000E C=CODE     S=.text    G=(none)   M=RpConDS  ACBP=A9
 0001:0001F63C 000004D8 C=CODE     S=.text    G=(none)   M=UDMRelatorios ACBP=A9
 0001:0001FB14 0000038D C=CODE     S=.text    G=(none)   M=SISDM    ACBP=A9
 0002:00000000 0000002C C=DATA     S=.data    G=DGROUP   M=SysInit  ACBP=A9
 0002:0000002C 000000AC C=DATA     S=.data    G=DGROUP   M=UGeral   ACBP=A9
 0002:00001000 00000010 C=BSS      S=.bss     G=DGROUP   M=SysInit  ACBP=A9
 0002:00001010 00000004 C=BSS      S=.bss     G=DGROUP   M=Windows  ACBP=A9
 0002:00001014 00000004 C=BSS      S=.bss     G=DGROUP   M=Messages ACBP=A9
 0002:00001018 00000004 C=BSS      S=.bss     G=DGROUP   M=ShlObj   ACBP=A9
 0002:0000101C 00000004 C=BSS      S=.bss     G=DGROUP   M=UrlMon   ACBP=A9
 0002:00001020 00000004 C=BSS      S=.bss     G=DGROUP   M=WinInet  ACBP=A9
 0002:00001024 00000004 C=BSS      S=.bss     G=DGROUP   M=RegStr   ACBP=A9
 0002:00001028 00000004 C=BSS      S=.bss     G=DGROUP   M=ShellAPI ACBP=A9
 0002:0000102C 00000004 C=BSS      S=.bss     G=DGROUP   M=CommCtrl ACBP=A9
 0002:00001030 00000004 C=BSS      S=.bss     G=DGROUP   M=Imm      ACBP=A9
 0002:00001034 00000004 C=BSS      S=.bss     G=DGROUP   M=WinSpool ACBP=A9
 0002:00001038 00000004 C=BSS      S=.bss     G=DGROUP   M=CommDlg  ACBP=A9
 0002:0000103C 00000004 C=BSS      S=.bss     G=DGROUP   M=Dlgs     ACBP=A9
 0002:00001040 00000004 C=BSS      S=.bss     G=DGROUP   M=RichEdit ACBP=A9
 0002:00001044 00000264 C=BSS      S=.bss     G=DGROUP   M=UGeral   ACBP=A9
 0002:000012A8 0000001C C=BSS      S=.bss     G=DGROUP   M=UDM      ACBP=A9
 0002:000012C4 00000004 C=BSS      S=.bss     G=DGROUP   M=UGeralSQL ACBP=A9
 0002:000012C8 00000008 C=BSS      S=.bss     G=DGROUP   M=ULogSQL  ACBP=A9
 0002:000012D0 00000004 C=BSS      S=.bss     G=DGROUP   M=uFuncoesWeb ACBP=A9
 0002:000012D4 0000000C C=BSS      S=.bss     G=DGROUP   M=UDMGERAL ACBP=A9
 0002:000012E0 00000008 C=BSS      S=.bss     G=DGROUP   M=UDMDIG   ACBP=A9
 0002:000012E8 00000008 C=BSS      S=.bss     G=DGROUP   M=UDMRelatorios ACBP=A9


  Address         Publics by Name

 0002:0000102C       .1
 0002:000012C4       .1
 0002:00001024       .1
 0002:00001030       .1
 0002:00001014       .1
 0002:00001040       .1
 0002:0000103C       .1
 0002:00001020       .1
 0002:0000101C       .1
 0002:00001038       .1
 0002:00001028       .1
 0002:00001018       .1
 0002:00001008       .1
 0002:000012D0       .1
 0002:000012E4       .2
 0002:000012EC       .2
 0002:000012DC       .2
 0002:000012C0       .2
 0002:000012CC       .2
 0002:00001010       .3
 0002:000012A4       .3
 0002:00001034       .3
 0001:0001FE7C       @GetPackageInfoTable
 0001:000002D8       @InitPkg
 0001:0001FE84       @PackageLoad
 0001:0000033C       @PackageLoad
 0001:0001FE90       @PackageUnload
 0001:00000348       @PackageUnload
 0001:000023D0       AdicionaLog
 0001:000001D8       AllocTlsBuffer
 0001:000025EC       ArquivosExternos
 0001:00006434       AtualizaPacienteIdade
 0001:0000669C       AtualizaTodosAbandono
 0002:000012D8       bValidaDelete
 0001:000029F0       CalculoIdade
 0001:00002A3C       CalculoMeses
 0001:00002A5C       CalculoMesesNasc
 0001:00002A10       CalculoNasc
 0001:0000223C       ChangeDefaultPrinter
 0001:00000A54       CommCtrl
 0001:00000E4C       CommDlg
 0001:00000E84       Dlgs
 0002:000012A8       DM
 0002:000012E0       dmDIG
 0002:000012D4       DMGERAL
 0002:000012E8       DMRelatorios
 0001:00019B58       Excluir
 0001:0000494C       ExecutaSQL
 0001:00002300       Existe
 0001:00000284       ExitProcessTLS
 0001:0000025C       ExitThreadTLS
 0001:000076B8       Finalization
 0001:00000ECC       Finalization
 0001:00000E54       Finalization
 0001:00000E1C       Finalization
 0001:00000DE4       Finalization
 0001:00000CF4       Finalization
 0001:00000A24       Finalization
 0001:000009EC       Finalization
 0001:000009B4       Finalization
 0001:0000097C       Finalization
 0001:0000729C       Finalization
 0001:0000093C       Finalization
 0001:00000904       Finalization
 0001:00000564       Finalization
 0001:00000464       Finalization
 0001:00003D08       Finalization
 0001:0001E0A8       Finalization
 0001:00000354       Finalization
 0001:0001F5D4       Finalization
 0001:0001FADC       Finalization
 0001:000074C0       Finalization
 0001:00002A88       Finalization
 0002:000010CC       fLog
 0001:000001A0       FreeLibrary
 0002:000012C8       frmLogSQL
 0002:000012A0       gbLaboratorio
 0002:000012A1       gbLiberaQtdeAgenda
 0002:000012A2       gContraSenhaGlobal
 0001:00007590       Get
 0001:0000044C       GetComputerName
 0001:000001E4       GetTlsSize
 0002:00001004       HInstance
 0001:00000D24       Imm
 0002:0000104C       iMunicipio
 0001:00003D74       InicializaDados
 0001:00001508       InicializaParametros
 0001:000002A8       InitializeModule
 0001:00000230       InitProcessTLS
 0001:000001EC       InitThreadTLS
 0001:00000974       InternetGetConnectedState
 0002:00001048       iProvincia
 0001:000001A8       LocalAlloc
 0001:000001B0       LocalFree
 0001:00000594       Messages
 0002:00000004       Module
 0002:00001000       ModuleIsLib
 0002:00001001       ModuleIsPackage
 0002:00001298       nFatorPreco
 0001:0000297C       NomeDoComputador
 0001:00002168       PastaArquivoProgramas
 0001:0001AF94       PegaNomeTabela
 0001:000049FC       PegaValor
 0002:000000D4       prmAgendaCriancaExposta
 0002:000000CC       prmAgendaFarmacia
 0002:000000C8       prmAgendaLaboratorio
 0002:000000B4       prmAgendaSabDom
 0002:000000D0       prmAgendaTesteRapido
 0002:000000C4       prmBloqueio
 0002:000000C0       prmConfirmaEDI
 0002:00000070       prmDataUpdate
 0002:00000078       prmDocPadrao
 0002:0000007C       prmGruPadrao
 0002:00000084       prmImgFundo
 0002:00000080       prmImpressora
 0002:0000009C       prmLstNaoTransfAgenda
 0002:00000090       prmMaxAtendAgenda
 0002:0000008C       prmMaxDataAgenda
 0002:000000A0       prmMedicoIntegraLab
 0002:00000098       prmMedicoPadraoAgenda
 0002:00000094       prmPastaParecer
 0002:000000A8       prmSGEmpresa
 0002:000000B8       prmSistemaUnidades
 0002:000000AC       prmTabRespLab
 0002:000000B0       prmUltimoNrProcesso
 0002:00000074       prmUnidade
 0002:000000BC       prmUnidadeCentral
 0002:000000A4       prmURLRX
 0002:00000088       prmVersao
 0002:0000002C       Protocolo
 0001:000009E4       RegStr
 0001:00001A2C       RetiraAcentos
 0001:00000EFC       RichEdit
 0001:000020E8       RPad
 0002:00001059       sCadastroPaciente
 0002:000010B4       sComputerName
 0002:000012B4       sDB_DIG
 0002:000012B8       sDB_LAB
 0002:0000006C       sDominio
 0001:00004230       SelectDadosEsquema
 0001:00004320       SelectDadosForma
 0001:00004184       SelectDadosInvestigador
 0001:000040F4       SelectDadosMedico
 0001:00003F68       SelectDadosMunicipio
 0001:00004DD0       SelectDadosNotificacao
 0001:00004068       SelectDadosOcupacao
 0001:0000467C       SelectDadosPaciente
 0001:00004710       SelectDadosPacienteNotificado
 0001:00004F84       SelectDadosPacienteUnidade
 0001:00003E5C       SelectDadosPais
 0001:000043A0       SelectDadosPessoaAtiva
 0001:00003EDC       SelectDadosProvincia
 0001:00004508       SelectDadosUnidade
 0001:00004600       SelectDadosUsuario
 0001:000050B8       SelectNomeUnidadeParametro
 0001:0000045C       SendMessage
 0001:00000A1C       ShellAPI
 0001:00000934       ShlObj
 0001:0001FE9C       SISDM
 0002:00001058       sListagemPaciente
 0002:0000107C       sLogComputer
 0002:000010B8       sLogin
 0002:000010BC       sLoginAuto
 0002:000012AC       sLoginAuto
 0002:00001088       sLogSistema
 0002:00001080       sLogUnidade
 0002:00001084       sLogUsuario
 0002:00001054       sMunicipioDefautDescricao
 0002:0000108C       sPath
 0002:00001090       sPathApp
 0002:000010AC       sPathConsulta
 0002:000010B0       sPathGrid
 0002:00001094       sPathIn
 0002:000010A8       sPathLayout
 0002:00001098       sPathOut
 0002:0000109C       sPathProt
 0002:000010A0       sPathScript
 0002:000010A4       sPathTemp
 0002:00001050       sProvinciaDefautDescricao
 0002:000010C8       sScreenHeigth
 0002:000010C4       sScreenWidth
 0002:000010C0       sSenhaAuto
 0002:000012B0       sSenhaAuto
 0002:000012BC       sServidorLAB
 0002:00001044       sUnidadeDefautDescricao
 0001:00000384       SysInit
 0002:0000004C       TabelaProtocolo
 0001:000039BC       TDM.Commit
 0001:000034E8       TDM.ConfirmaDelecao
 0001:00003A4C       TDM.DataModuleCreate
 0001:00003534       TDM.DBBeforeConnect
 0001:00003C40       TDM.EstaNaInternet
 0001:00003414       TDM.GeraCodigo
 0001:00002F8C       TDM.GetDate
 0001:00003290       TDM.GetDateTime
 0001:00003114       TDM.GetTime
 0001:000039F0       TDM.Rollback
 0001:00003824       TDM.SelectGenerator
 0001:00003A24       TDM.Transacao
 0001:00003C5C       TDM.ValidaCampoObrigatorio
 0001:00003BB4       TDM.ValorParametro
 0001:0001F3A0       TdmDIG.Commit
 0001:0001F388       TdmDIG.DataModuleCreate
 0001:0001F2A8       TdmDIG.dbDigBeforeConnect
 0001:0001F3D4       TdmDIG.Rollback
 0001:0001F584       TdmDIG.tbArquivo_DigitalAfterDelete
 0001:0001F40C       TdmDIG.tbArquivo_DigitalAfterInsert
 0001:0001F5B4       TdmDIG.tbArquivo_DigitalAfterOpen
 0001:0001F574       TdmDIG.tbArquivo_DigitalAfterPost
 0001:0001F5C4       TdmDIG.tbArquivo_DigitalBeforeOpen
 0001:0001F594       TdmDIG.tbArquivo_ExameAfterDelete
 0001:0001F5A4       TdmDIG.tbArquivo_ExameAfterPost
 0001:0001F554       TdmDIG.tbDig_ArquivoAfterDelete
 0001:0001F564       TdmDIG.tbDig_ArquivoAfterPost
 0001:0001F468       TdmDIG.tbDig_GrupoDocBeforeClose
 0001:0001F440       TdmDIG.tbHistoricoAfterInsert
 0001:0001F46C       TdmDIG.tbHistoricoBeforeEdit
 0001:0001F474       TdmDIG.tbHistoricoCalcFields
 0001:0001F4E0       TdmDIG.tbHistoricoCD_GRUPOValidate
 0001:0001F470       TdmDIG.tbHistoricoFilterRecord
 0001:0001F3F0       TdmDIG.Transacao
 0001:0001DFDC       TDMGERAL.AtualizaDataNascimento
 0001:00019528       TDMGERAL.DataModuleCreate
 0001:0001C20C       TDMGERAL.DataModuleDestroy
 0001:00019D48       TDMGERAL.DeleteCascadeNotificacao
 0001:0001D14C       TDMGERAL.GetVersaoUnidadesWeb
 0001:0001C17C       TDMGERAL.IBSQLMonitor1SQL
 0001:0001CB38       TDMGERAL.ProtocolaEnvio
 0001:0001BE08       TDMGERAL.qyUnidadeBeforeOpen
 0001:00019310       TDMGERAL.RemarcacaoAgenda
 0001:0001B2E4       TDMGERAL.TB_ABANDONOAfterDelete
 0001:0001A784       TDMGERAL.TB_ABANDONOAfterInsert
 0001:0001A774       TDMGERAL.TB_ABANDONOAfterPost
 0001:0001C160       TDMGERAL.TB_ABANDONOBeforeDelete
 0001:0001A624       TDMGERAL.TB_AGENDAAfterInsert
 0001:0001A770       TDMGERAL.TB_AGENDAAfterPost
 0001:0001ABC8       TDMGERAL.TB_AGENDABeforeDelete
 0001:0001BB6C       TDMGERAL.TB_AGENDABeforePost
 0001:0001A4BC       TDMGERAL.TB_AGENDACalcFields
 0001:0001C86C       TDMGERAL.TB_AGENDAFL_CONFIRMADOValidate
 0001:0001C174       TDMGERAL.TB_AGENDAMENTOSAfterPost
 0001:0001C170       TDMGERAL.TB_AGENDAMENTOSBeforePost
 0001:0001BD68       TDMGERAL.TB_ATENDIMENTOAfterDelete
 0001:0001BD78       TDMGERAL.TB_ATENDIMENTOAfterInsert
 0001:0001BDF8       TDMGERAL.TB_ATENDIMENTOAfterPost
 0001:0001BDE8       TDMGERAL.TB_ATENDIMENTOBeforeDelete
 0001:0001ABD8       TDMGERAL.TB_ATVAfterInsert
 0001:0001D344       TDMGERAL.TB_ATVBeforePost
 0001:0001D6E8       TDMGERAL.TB_ATV_AREAfterInsert
 0001:0001DA48       TDMGERAL.TB_ATV_AREAfterPost
 0001:0001C448       TDMGERAL.TB_AVALIACAO_INICIALAfterInsert
 0001:0001C490       TDMGERAL.TB_AVALIACAO_INICIALBeforeDelete
 0001:0001C4D8       TDMGERAL.TB_AVALIACAO_INICIALBeforePost
 0001:0001B690       TDMGERAL.TB_CARACTERIZACAOAfterDelete
 0001:0001B7F8       TDMGERAL.TB_CARACTERIZACAOAfterInsert
 0001:0001B6A0       TDMGERAL.TB_CARACTERIZACAOAfterPost
 0001:0001B6A4       TDMGERAL.TB_CARACTERIZACAOBeforeDelete
 0001:0001B720       TDMGERAL.TB_CARACTERIZACAOBeforePost
 0001:0001AED8       TDMGERAL.TB_CIRCUNCISAOAfterInsert
 0001:0001AEC8       TDMGERAL.TB_CIRCUNCISAOBeforeDelete
 0001:0001B8B4       TDMGERAL.TB_COINFECCAOAfterInsert
 0001:0001D5D4       TDMGERAL.TB_COINFECCAOBeforePost
 0001:0001D970       TDMGERAL.TB_COINFECCAO_AREAfterInsert
 0001:0001C8F8       TDMGERAL.TB_CRIANCAS_EXPAfterInsert
 0001:0001AE10       TDMGERAL.TB_DENTARIOAfterInsert
 0001:0001AE00       TDMGERAL.TB_DENTARIOBeforeDelete
 0001:000198C8       TDMGERAL.TB_DOCUMENTOAfterDelete
 0001:000198EC       TDMGERAL.TB_DOCUMENTOAfterInsert
 0001:000198D8       TDMGERAL.TB_DOCUMENTOAfterPost
 0001:000198DC       TDMGERAL.TB_DOCUMENTOBeforeDelete
 0001:000197A0       TDMGERAL.TB_ENDERECOAfterDelete
 0001:000198A0       TDMGERAL.TB_ENDERECOAfterInsert
 0001:000197B0       TDMGERAL.TB_ENDERECOAfterPost
 0001:000197B4       TDMGERAL.TB_ENDERECOBeforeDelete
 0001:0001BC64       TDMGERAL.TB_ESQUEMAAfterDelete
 0001:0001BC74       TDMGERAL.TB_ESQUEMAAfterInsert
 0001:0001BCAC       TDMGERAL.TB_ESQUEMABeforeDelete
 0001:0001DA68       TDMGERAL.TB_FORMAAfterInsert
 0001:0001AD34       TDMGERAL.TB_INTERV_CIRURGICAAfterInsert
 0001:0001ADF0       TDMGERAL.TB_INTERV_CIRURGICABeforeDelete
 0001:0001B524       TDMGERAL.TB_INVESTIGADORAfterDelete
 0001:0001B4A0       TDMGERAL.TB_INVESTIGADORAfterInsert
 0001:0001B514       TDMGERAL.TB_INVESTIGADORBeforeDelete
 0001:0001C6F4       TDMGERAL.TB_MAPAAfterInsert
 0001:0001C73C       TDMGERAL.TB_MAPABeforeDelete
 0001:0001C784       TDMGERAL.TB_MAPABeforePost
 0001:0001A958       TDMGERAL.TB_MEDICOAfterDelete
 0001:0001A968       TDMGERAL.TB_MEDICOAfterInsert
 0001:0001A9D4       TDMGERAL.TB_MEDICOAfterPost
 0001:0001A9D8       TDMGERAL.TB_MEDICOBeforeDelete
 0001:00019B24       TDMGERAL.TB_MUNICIPIOAfterDelete
 0001:00019A8C       TDMGERAL.TB_MUNICIPIOAfterInsert
 0001:00019B34       TDMGERAL.TB_MUNICIPIOAfterPost
 0001:00019B38       TDMGERAL.TB_MUNICIPIOBeforeDelete
 0001:00019B48       TDMGERAL.TB_NOTIFICACAOAfterDelete
 0001:00019E6C       TDMGERAL.TB_NOTIFICACAOAfterInsert
 0001:0001A064       TDMGERAL.TB_NOTIFICACAOAfterPost
 0001:0001A068       TDMGERAL.TB_NOTIFICACAOBeforeDelete
 0001:0001C178       TDMGERAL.TB_NOTIFICACAOBeforeOpen
 0001:0001A254       TDMGERAL.TB_NOTIFICACAOBeforePost
 0001:0001D02C       TDMGERAL.TB_NOT_GESTANTEAfterDelete
 0001:0001D03C       TDMGERAL.TB_NOT_GESTANTEAfterInsert
 0001:0001D13C       TDMGERAL.TB_NOT_GESTANTEAfterPost
 0001:0001D12C       TDMGERAL.TB_NOT_GESTANTEBeforeDelete
 0001:0001BE88       TDMGERAL.TB_NR_NOTIFICACAOAfterDelete
 0001:0001BE98       TDMGERAL.TB_NR_NOTIFICACAOAfterPost
 0001:0001A7DC       TDMGERAL.TB_OCUPACAOAfterDelete
 0001:0001A7EC       TDMGERAL.TB_OCUPACAOAfterInsert
 0001:0001A864       TDMGERAL.TB_OCUPACAOAfterPost
 0001:0001A868       TDMGERAL.TB_OCUPACAOBeforeDelete
 0001:0001A080       TDMGERAL.TB_PACIENTEAfterDelete
 0001:0001DFD4       TDMGERAL.TB_PACIENTEAfterEdit
 0001:0001A084       TDMGERAL.TB_PACIENTEAfterInsert
 0001:0001A184       TDMGERAL.TB_PACIENTEAfterPost
 0001:0001ABBC       TDMGERAL.TB_PACIENTEAfterScroll
 0001:0001ABB8       TDMGERAL.TB_PACIENTEBeforeCancel
 0001:0001A188       TDMGERAL.TB_PACIENTEBeforeDelete
 0001:0001A9E8       TDMGERAL.TB_PACIENTEBeforePost
 0001:0001ABC4       TDMGERAL.TB_PACIENTEBeforeScroll
 0001:0001DA80       TDMGERAL.TB_PACIENTEFL_CRIANCA_EXPOSTAValidate
 0001:0001DFD0       TDMGERAL.TB_PACIENTENR_PROCESSO_CRIANCA_EXPValidate
 0001:00019944       TDMGERAL.TB_PAISAfterDelete
 0001:00019954       TDMGERAL.TB_PAISAfterInsert
 0001:000199C8       TDMGERAL.TB_PAISAfterPost
 0001:000199CC       TDMGERAL.TB_PAISBeforeDelete
 0001:0001B2F4       TDMGERAL.TB_PARAMETROAfterDelete
 0001:0001B78C       TDMGERAL.TB_PARAMETROAfterInsert
 0001:0001B304       TDMGERAL.TB_PARAMETROAfterPost
 0001:0001B314       TDMGERAL.TB_PARAMETROBeforeDelete
 0001:0001B2B8       TDMGERAL.TB_PARAMETRODeleteError
 0001:0001B2CC       TDMGERAL.TB_PARAMETROEditError
 0001:0001B2D4       TDMGERAL.TB_PARAMETROPostError
 0001:0001B2DC       TDMGERAL.TB_PARAMETROUpdateError
 0001:0001A328       TDMGERAL.TB_PERFURACAOAfterInsert
 0001:0001A3E4       TDMGERAL.TB_PERFURACAOBeforeDelete
 0001:000195F8       TDMGERAL.TB_PESSOAAfterDelete
 0001:0001960C       TDMGERAL.TB_PESSOAAfterInsert
 0001:00019608       TDMGERAL.TB_PESSOAAfterPost
 0001:00019664       TDMGERAL.TB_PESSOABeforeDelete
 0001:00019674       TDMGERAL.TB_PESSOA_DOCAfterDelete
 0001:000196FC       TDMGERAL.TB_PESSOA_DOCAfterInsert
 0001:00019684       TDMGERAL.TB_PESSOA_DOCAfterPost
 0001:00019688       TDMGERAL.TB_PESSOA_DOCBeforeDelete
 0001:00019698       TDMGERAL.TB_PESSOA_ENDERECOAfterDelete
 0001:000196BC       TDMGERAL.TB_PESSOA_ENDERECOAfterInsert
 0001:000196A8       TDMGERAL.TB_PESSOA_ENDERECOAfterPost
 0001:000196AC       TDMGERAL.TB_PESSOA_ENDERECOBeforeDelete
 0001:0001973C       TDMGERAL.TB_PESSOA_TELAfterDelete
 0001:00019760       TDMGERAL.TB_PESSOA_TELAfterInsert
 0001:0001974C       TDMGERAL.TB_PESSOA_TELAfterPost
 0001:00019750       TDMGERAL.TB_PESSOA_TELBeforeDelete
 0001:0001C988       TDMGERAL.TB_PRE_NATALAfterInsert
 0001:0001C260       TDMGERAL.TB_PRIMEIRA_CONSULTAAfterInsert
 0001:0001C2A8       TDMGERAL.TB_PRIMEIRA_CONSULTABeforeDelete
 0001:0001C218       TDMGERAL.TB_PRIMEIRA_CONSULTABeforePost
 0001:0001BC60       TDMGERAL.TB_PROGRAMAAfterDelete
 0001:0001B6B4       TDMGERAL.TB_PROGRAMAAfterInsert
 0001:0001D640       TDMGERAL.TB_PROGRAMABeforePost
 0001:0001D9DC       TDMGERAL.TB_PROGRAMA_AREAfterInsert
 0001:000199DC       TDMGERAL.TB_PROVINCIAAfterDelete
 0001:000199EC       TDMGERAL.TB_PROVINCIAAfterInsert
 0001:00019A78       TDMGERAL.TB_PROVINCIAAfterPost
 0001:00019A7C       TDMGERAL.TB_PROVINCIABeforeDelete
 0001:0001B344       TDMGERAL.TB_PTVAfterInsert
 0001:0001D3B8       TDMGERAL.TB_PTVBeforePost
 0001:0001D754       TDMGERAL.TB_PTV_AREAfterInsert
 0001:0001C438       TDMGERAL.TB_RESULTADO_CD4AfterDelete
 0001:0001C428       TDMGERAL.TB_RESULTADO_CD4AfterPost
 0001:0001C3F0       TDMGERAL.TB_RESULTADO_CD4BeforeOpen
 0001:0001C2F0       TDMGERAL.TB_RESULTADO_CD4CalcFields
 0001:0001C520       TDMGERAL.TB_SEGUIMENTO_ENFERMAGEMAfterInsert
 0001:0001C568       TDMGERAL.TB_SEGUIMENTO_ENFERMAGEMBeforeDelete
 0001:0001C5B0       TDMGERAL.TB_SEGUIMENTO_ENFERMAGEMBeforePost
 0001:0001CA18       TDMGERAL.TB_SERVICOS_ACOMPAfterInsert
 0001:0001CAA8       TDMGERAL.TB_SERVICOS_TARVAfterInsert
 0001:0001CF50       TDMGERAL.TB_ST_UNIDADEAfterInsert
 0001:0001D01C       TDMGERAL.TB_ST_UNIDADEAfterPost
 0001:0001DA58       TDMGERAL.TB_TABELA_EDIAfterPost
 0001:0001B534       TDMGERAL.TB_TARVAfterInsert
 0001:0001D424       TDMGERAL.TB_TARVBeforePost
 0001:0001BEA8       TDMGERAL.TB_TARV_ACOMPAfterInsert
 0001:0001D568       TDMGERAL.TB_TARV_ACOMPBeforePost
 0001:0001D82C       TDMGERAL.TB_TARV_ACOMP_AREAfterInsert
 0001:0001D7C0       TDMGERAL.TB_TARV_AREAfterInsert
 0001:0001C004       TDMGERAL.TB_TARV_CD4AfterInsert
 0001:0001D4FC       TDMGERAL.TB_TARV_CD4BeforePost
 0001:0001D904       TDMGERAL.TB_TARV_CD4_AREAfterInsert
 0001:0001BA10       TDMGERAL.TB_TARV_ESQUEMAAfterInsert
 0001:0001D490       TDMGERAL.TB_TARV_ESQUEMABeforePost
 0001:0001D898       TDMGERAL.TB_TARV_ESQUEMA_AREAfterInsert
 0001:0001A3F4       TDMGERAL.TB_TATUAGEMAfterInsert
 0001:0001A4AC       TDMGERAL.TB_TATUAGEMBeforeDelete
 0001:0001B324       TDMGERAL.TB_TESTEAfterDelete
 0001:0001B334       TDMGERAL.TB_TESTEAfterPost
 0001:0001BE3C       TDMGERAL.TB_TESTES_POSITIVOSAfterInsert
 0001:0001A878       TDMGERAL.TB_TIPO_DOCUMENTOAfterDelete
 0001:0001A888       TDMGERAL.TB_TIPO_DOCUMENTOAfterInsert
 0001:0001A944       TDMGERAL.TB_TIPO_DOCUMENTOAfterPost
 0001:0001A948       TDMGERAL.TB_TIPO_DOCUMENTOBeforeDelete
 0001:0001A198       TDMGERAL.TB_TRANSFUSAOAfterInsert
 0001:0001A318       TDMGERAL.TB_TRANSFUSAOBeforeDelete
 0001:0001C5F8       TDMGERAL.TB_TRIAGEM_ENFERMAGEMAfterInsert
 0001:0001C664       TDMGERAL.TB_TRIAGEM_ENFERMAGEMBeforeDelete
 0001:0001C6AC       TDMGERAL.TB_TRIAGEM_ENFERMAGEMBeforePost
 0001:000197D8       TDMGERAL.TB_UNIDADEAfterDelete
 0001:000197E8       TDMGERAL.TB_UNIDADEAfterInsert
 0001:000197D4       TDMGERAL.TB_UNIDADEAfterPost
 0001:000197C4       TDMGERAL.TB_UNIDADEBeforeDelete
 0001:0001948C       TDMGERAL.TB_USUARIOAfterDelete
 0001:000194B0       TDMGERAL.TB_USUARIOAfterInsert
 0001:0001949C       TDMGERAL.TB_USUARIOAfterPost
 0001:000194A0       TDMGERAL.TB_USUARIOBeforeDelete
 0001:0001BCBC       TDMGERAL.TB_USUARIO_CMPAfterDelete
 0001:0001BCCC       TDMGERAL.TB_USUARIO_CMPAfterInsert
 0001:0001BD44       TDMGERAL.TB_USUARIO_CMPBeforeDelete
 0001:0001BD54       TDMGERAL.TB_USUARIO_CMPDeleteError
 0001:0001C7CC       TDMGERAL.TB_VERSAO_RELATORIOAfterInsert
 0001:0001B07C       TDMGERAL.TrataErroDelete
 0001:0001FAC4       TDMRelatorios.DataModuleCreate
 0001:0001FAD0       TDMRelatorios.DataModuleDestroy
 0001:0001FA80       TDMRelatorios.qyConfRelatorioBeforeOpen
 0001:00007498       TfrmLogSQL.btLimparClick
 0001:000001B8       TlsAlloc
 0002:0000100C       tlsBuffer
 0001:000001C0       TlsFree
 0001:000001C8       TlsGetValue
 0002:00000000       TlsIndex
 0002:FFBDF000       TlsLast
 0002:0000001C       TlsProc
 0001:000001D0       TlsSetValue
 0001:00003D6C       UDM
 0001:0001F604       UDMDIG
 0001:0001E0D8       UDMGERAL
 0001:0001FB0C       UDMRelatorios
 0001:000076E8       uFuncoesWeb
 0001:00002CDC       UGeral
 0001:000072CC       UGeralSQL
 0001:000074F0       ULogSQL
 0001:000002B4       UninitializeModule
 0001:0000096C       UrlMon
 0001:00002534       ValidaAnoAtual
 0001:00002474       ValidaDiretorio
 0001:00002810       ValidarMesAno
 0001:00001F40       ValidaUsuarioSenha
 0001:00002028       Valor
 0001:00002090       ValorInt
 0001:000013F8       ValorParametro
 0001:00005290       VerificaPermissao
 0001:00005454       VerificaUtenteAbandono
 0002:00001074       vlCalc
 0002:0000105C       vS1
 0002:00001064       vS2
 0002:0000106C       vS3
 0001:00000494       Windows
 0001:000009AC       WinInet
 0001:00000E14       WinSpool
 0001:00000454       WriteProfileString
 0001:00004D34       ZeroEsq


  Address         Publics by Value

 0002:FFBDF000       TlsLast
 0001:000001A0       FreeLibrary
 0001:000001A8       LocalAlloc
 0001:000001B0       LocalFree
 0001:000001B8       TlsAlloc
 0001:000001C0       TlsFree
 0001:000001C8       TlsGetValue
 0001:000001D0       TlsSetValue
 0001:000001D8       AllocTlsBuffer
 0001:000001E4       GetTlsSize
 0001:000001EC       InitThreadTLS
 0001:00000230       InitProcessTLS
 0001:0000025C       ExitThreadTLS
 0001:00000284       ExitProcessTLS
 0001:000002A8       InitializeModule
 0001:000002B4       UninitializeModule
 0001:000002D8       @InitPkg
 0001:0000033C       @PackageLoad
 0001:00000348       @PackageUnload
 0001:00000354       Finalization
 0001:00000384       SysInit
 0001:0000044C       GetComputerName
 0001:00000454       WriteProfileString
 0001:0000045C       SendMessage
 0001:00000464       Finalization
 0001:00000494       Windows
 0001:00000564       Finalization
 0001:00000594       Messages
 0001:00000904       Finalization
 0001:00000934       ShlObj
 0001:0000093C       Finalization
 0001:0000096C       UrlMon
 0001:00000974       InternetGetConnectedState
 0001:0000097C       Finalization
 0001:000009AC       WinInet
 0001:000009B4       Finalization
 0001:000009E4       RegStr
 0001:000009EC       Finalization
 0001:00000A1C       ShellAPI
 0001:00000A24       Finalization
 0001:00000A54       CommCtrl
 0001:00000CF4       Finalization
 0001:00000D24       Imm
 0001:00000DE4       Finalization
 0001:00000E14       WinSpool
 0001:00000E1C       Finalization
 0001:00000E4C       CommDlg
 0001:00000E54       Finalization
 0001:00000E84       Dlgs
 0001:00000ECC       Finalization
 0001:00000EFC       RichEdit
 0001:000013F8       ValorParametro
 0001:00001508       InicializaParametros
 0001:00001A2C       RetiraAcentos
 0001:00001F40       ValidaUsuarioSenha
 0001:00002028       Valor
 0001:00002090       ValorInt
 0001:000020E8       RPad
 0001:00002168       PastaArquivoProgramas
 0001:0000223C       ChangeDefaultPrinter
 0001:00002300       Existe
 0001:000023D0       AdicionaLog
 0001:00002474       ValidaDiretorio
 0001:00002534       ValidaAnoAtual
 0001:000025EC       ArquivosExternos
 0001:00002810       ValidarMesAno
 0001:0000297C       NomeDoComputador
 0001:000029F0       CalculoIdade
 0001:00002A10       CalculoNasc
 0001:00002A3C       CalculoMeses
 0001:00002A5C       CalculoMesesNasc
 0001:00002A88       Finalization
 0001:00002CDC       UGeral
 0001:00002F8C       TDM.GetDate
 0001:00003114       TDM.GetTime
 0001:00003290       TDM.GetDateTime
 0001:00003414       TDM.GeraCodigo
 0001:000034E8       TDM.ConfirmaDelecao
 0001:00003534       TDM.DBBeforeConnect
 0001:00003824       TDM.SelectGenerator
 0001:000039BC       TDM.Commit
 0001:000039F0       TDM.Rollback
 0001:00003A24       TDM.Transacao
 0001:00003A4C       TDM.DataModuleCreate
 0001:00003BB4       TDM.ValorParametro
 0001:00003C40       TDM.EstaNaInternet
 0001:00003C5C       TDM.ValidaCampoObrigatorio
 0001:00003D08       Finalization
 0001:00003D6C       UDM
 0001:00003D74       InicializaDados
 0001:00003E5C       SelectDadosPais
 0001:00003EDC       SelectDadosProvincia
 0001:00003F68       SelectDadosMunicipio
 0001:00004068       SelectDadosOcupacao
 0001:000040F4       SelectDadosMedico
 0001:00004184       SelectDadosInvestigador
 0001:00004230       SelectDadosEsquema
 0001:00004320       SelectDadosForma
 0001:000043A0       SelectDadosPessoaAtiva
 0001:00004508       SelectDadosUnidade
 0001:00004600       SelectDadosUsuario
 0001:0000467C       SelectDadosPaciente
 0001:00004710       SelectDadosPacienteNotificado
 0001:0000494C       ExecutaSQL
 0001:000049FC       PegaValor
 0001:00004D34       ZeroEsq
 0001:00004DD0       SelectDadosNotificacao
 0001:00004F84       SelectDadosPacienteUnidade
 0001:000050B8       SelectNomeUnidadeParametro
 0001:00005290       VerificaPermissao
 0001:00005454       VerificaUtenteAbandono
 0001:00006434       AtualizaPacienteIdade
 0001:0000669C       AtualizaTodosAbandono
 0001:0000729C       Finalization
 0001:000072CC       UGeralSQL
 0001:00007498       TfrmLogSQL.btLimparClick
 0001:000074C0       Finalization
 0001:000074F0       ULogSQL
 0001:00007590       Get
 0001:000076B8       Finalization
 0001:000076E8       uFuncoesWeb
 0001:00019310       TDMGERAL.RemarcacaoAgenda
 0001:0001948C       TDMGERAL.TB_USUARIOAfterDelete
 0001:0001949C       TDMGERAL.TB_USUARIOAfterPost
 0001:000194A0       TDMGERAL.TB_USUARIOBeforeDelete
 0001:000194B0       TDMGERAL.TB_USUARIOAfterInsert
 0001:00019528       TDMGERAL.DataModuleCreate
 0001:000195F8       TDMGERAL.TB_PESSOAAfterDelete
 0001:00019608       TDMGERAL.TB_PESSOAAfterPost
 0001:0001960C       TDMGERAL.TB_PESSOAAfterInsert
 0001:00019664       TDMGERAL.TB_PESSOABeforeDelete
 0001:00019674       TDMGERAL.TB_PESSOA_DOCAfterDelete
 0001:00019684       TDMGERAL.TB_PESSOA_DOCAfterPost
 0001:00019688       TDMGERAL.TB_PESSOA_DOCBeforeDelete
 0001:00019698       TDMGERAL.TB_PESSOA_ENDERECOAfterDelete
 0001:000196A8       TDMGERAL.TB_PESSOA_ENDERECOAfterPost
 0001:000196AC       TDMGERAL.TB_PESSOA_ENDERECOBeforeDelete
 0001:000196BC       TDMGERAL.TB_PESSOA_ENDERECOAfterInsert
 0001:000196FC       TDMGERAL.TB_PESSOA_DOCAfterInsert
 0001:0001973C       TDMGERAL.TB_PESSOA_TELAfterDelete
 0001:0001974C       TDMGERAL.TB_PESSOA_TELAfterPost
 0001:00019750       TDMGERAL.TB_PESSOA_TELBeforeDelete
 0001:00019760       TDMGERAL.TB_PESSOA_TELAfterInsert
 0001:000197A0       TDMGERAL.TB_ENDERECOAfterDelete
 0001:000197B0       TDMGERAL.TB_ENDERECOAfterPost
 0001:000197B4       TDMGERAL.TB_ENDERECOBeforeDelete
 0001:000197C4       TDMGERAL.TB_UNIDADEBeforeDelete
 0001:000197D4       TDMGERAL.TB_UNIDADEAfterPost
 0001:000197D8       TDMGERAL.TB_UNIDADEAfterDelete
 0001:000197E8       TDMGERAL.TB_UNIDADEAfterInsert
 0001:000198A0       TDMGERAL.TB_ENDERECOAfterInsert
 0001:000198C8       TDMGERAL.TB_DOCUMENTOAfterDelete
 0001:000198D8       TDMGERAL.TB_DOCUMENTOAfterPost
 0001:000198DC       TDMGERAL.TB_DOCUMENTOBeforeDelete
 0001:000198EC       TDMGERAL.TB_DOCUMENTOAfterInsert
 0001:00019944       TDMGERAL.TB_PAISAfterDelete
 0001:00019954       TDMGERAL.TB_PAISAfterInsert
 0001:000199C8       TDMGERAL.TB_PAISAfterPost
 0001:000199CC       TDMGERAL.TB_PAISBeforeDelete
 0001:000199DC       TDMGERAL.TB_PROVINCIAAfterDelete
 0001:000199EC       TDMGERAL.TB_PROVINCIAAfterInsert
 0001:00019A78       TDMGERAL.TB_PROVINCIAAfterPost
 0001:00019A7C       TDMGERAL.TB_PROVINCIABeforeDelete
 0001:00019A8C       TDMGERAL.TB_MUNICIPIOAfterInsert
 0001:00019B24       TDMGERAL.TB_MUNICIPIOAfterDelete
 0001:00019B34       TDMGERAL.TB_MUNICIPIOAfterPost
 0001:00019B38       TDMGERAL.TB_MUNICIPIOBeforeDelete
 0001:00019B48       TDMGERAL.TB_NOTIFICACAOAfterDelete
 0001:00019B58       Excluir
 0001:00019D48       TDMGERAL.DeleteCascadeNotificacao
 0001:00019E6C       TDMGERAL.TB_NOTIFICACAOAfterInsert
 0001:0001A064       TDMGERAL.TB_NOTIFICACAOAfterPost
 0001:0001A068       TDMGERAL.TB_NOTIFICACAOBeforeDelete
 0001:0001A080       TDMGERAL.TB_PACIENTEAfterDelete
 0001:0001A084       TDMGERAL.TB_PACIENTEAfterInsert
 0001:0001A184       TDMGERAL.TB_PACIENTEAfterPost
 0001:0001A188       TDMGERAL.TB_PACIENTEBeforeDelete
 0001:0001A198       TDMGERAL.TB_TRANSFUSAOAfterInsert
 0001:0001A254       TDMGERAL.TB_NOTIFICACAOBeforePost
 0001:0001A318       TDMGERAL.TB_TRANSFUSAOBeforeDelete
 0001:0001A328       TDMGERAL.TB_PERFURACAOAfterInsert
 0001:0001A3E4       TDMGERAL.TB_PERFURACAOBeforeDelete
 0001:0001A3F4       TDMGERAL.TB_TATUAGEMAfterInsert
 0001:0001A4AC       TDMGERAL.TB_TATUAGEMBeforeDelete
 0001:0001A4BC       TDMGERAL.TB_AGENDACalcFields
 0001:0001A624       TDMGERAL.TB_AGENDAAfterInsert
 0001:0001A770       TDMGERAL.TB_AGENDAAfterPost
 0001:0001A774       TDMGERAL.TB_ABANDONOAfterPost
 0001:0001A784       TDMGERAL.TB_ABANDONOAfterInsert
 0001:0001A7DC       TDMGERAL.TB_OCUPACAOAfterDelete
 0001:0001A7EC       TDMGERAL.TB_OCUPACAOAfterInsert
 0001:0001A864       TDMGERAL.TB_OCUPACAOAfterPost
 0001:0001A868       TDMGERAL.TB_OCUPACAOBeforeDelete
 0001:0001A878       TDMGERAL.TB_TIPO_DOCUMENTOAfterDelete
 0001:0001A888       TDMGERAL.TB_TIPO_DOCUMENTOAfterInsert
 0001:0001A944       TDMGERAL.TB_TIPO_DOCUMENTOAfterPost
 0001:0001A948       TDMGERAL.TB_TIPO_DOCUMENTOBeforeDelete
 0001:0001A958       TDMGERAL.TB_MEDICOAfterDelete
 0001:0001A968       TDMGERAL.TB_MEDICOAfterInsert
 0001:0001A9D4       TDMGERAL.TB_MEDICOAfterPost
 0001:0001A9D8       TDMGERAL.TB_MEDICOBeforeDelete
 0001:0001A9E8       TDMGERAL.TB_PACIENTEBeforePost
 0001:0001ABB8       TDMGERAL.TB_PACIENTEBeforeCancel
 0001:0001ABBC       TDMGERAL.TB_PACIENTEAfterScroll
 0001:0001ABC4       TDMGERAL.TB_PACIENTEBeforeScroll
 0001:0001ABC8       TDMGERAL.TB_AGENDABeforeDelete
 0001:0001ABD8       TDMGERAL.TB_ATVAfterInsert
 0001:0001AD34       TDMGERAL.TB_INTERV_CIRURGICAAfterInsert
 0001:0001ADF0       TDMGERAL.TB_INTERV_CIRURGICABeforeDelete
 0001:0001AE00       TDMGERAL.TB_DENTARIOBeforeDelete
 0001:0001AE10       TDMGERAL.TB_DENTARIOAfterInsert
 0001:0001AEC8       TDMGERAL.TB_CIRCUNCISAOBeforeDelete
 0001:0001AED8       TDMGERAL.TB_CIRCUNCISAOAfterInsert
 0001:0001AF94       PegaNomeTabela
 0001:0001B07C       TDMGERAL.TrataErroDelete
 0001:0001B2B8       TDMGERAL.TB_PARAMETRODeleteError
 0001:0001B2CC       TDMGERAL.TB_PARAMETROEditError
 0001:0001B2D4       TDMGERAL.TB_PARAMETROPostError
 0001:0001B2DC       TDMGERAL.TB_PARAMETROUpdateError
 0001:0001B2E4       TDMGERAL.TB_ABANDONOAfterDelete
 0001:0001B2F4       TDMGERAL.TB_PARAMETROAfterDelete
 0001:0001B304       TDMGERAL.TB_PARAMETROAfterPost
 0001:0001B314       TDMGERAL.TB_PARAMETROBeforeDelete
 0001:0001B324       TDMGERAL.TB_TESTEAfterDelete
 0001:0001B334       TDMGERAL.TB_TESTEAfterPost
 0001:0001B344       TDMGERAL.TB_PTVAfterInsert
 0001:0001B4A0       TDMGERAL.TB_INVESTIGADORAfterInsert
 0001:0001B514       TDMGERAL.TB_INVESTIGADORBeforeDelete
 0001:0001B524       TDMGERAL.TB_INVESTIGADORAfterDelete
 0001:0001B534       TDMGERAL.TB_TARVAfterInsert
 0001:0001B690       TDMGERAL.TB_CARACTERIZACAOAfterDelete
 0001:0001B6A0       TDMGERAL.TB_CARACTERIZACAOAfterPost
 0001:0001B6A4       TDMGERAL.TB_CARACTERIZACAOBeforeDelete
 0001:0001B6B4       TDMGERAL.TB_PROGRAMAAfterInsert
 0001:0001B720       TDMGERAL.TB_CARACTERIZACAOBeforePost
 0001:0001B78C       TDMGERAL.TB_PARAMETROAfterInsert
 0001:0001B7F8       TDMGERAL.TB_CARACTERIZACAOAfterInsert
 0001:0001B8B4       TDMGERAL.TB_COINFECCAOAfterInsert
 0001:0001BA10       TDMGERAL.TB_TARV_ESQUEMAAfterInsert
 0001:0001BB6C       TDMGERAL.TB_AGENDABeforePost
 0001:0001BC60       TDMGERAL.TB_PROGRAMAAfterDelete
 0001:0001BC64       TDMGERAL.TB_ESQUEMAAfterDelete
 0001:0001BC74       TDMGERAL.TB_ESQUEMAAfterInsert
 0001:0001BCAC       TDMGERAL.TB_ESQUEMABeforeDelete
 0001:0001BCBC       TDMGERAL.TB_USUARIO_CMPAfterDelete
 0001:0001BCCC       TDMGERAL.TB_USUARIO_CMPAfterInsert
 0001:0001BD44       TDMGERAL.TB_USUARIO_CMPBeforeDelete
 0001:0001BD54       TDMGERAL.TB_USUARIO_CMPDeleteError
 0001:0001BD68       TDMGERAL.TB_ATENDIMENTOAfterDelete
 0001:0001BD78       TDMGERAL.TB_ATENDIMENTOAfterInsert
 0001:0001BDE8       TDMGERAL.TB_ATENDIMENTOBeforeDelete
 0001:0001BDF8       TDMGERAL.TB_ATENDIMENTOAfterPost
 0001:0001BE08       TDMGERAL.qyUnidadeBeforeOpen
 0001:0001BE3C       TDMGERAL.TB_TESTES_POSITIVOSAfterInsert
 0001:0001BE88       TDMGERAL.TB_NR_NOTIFICACAOAfterDelete
 0001:0001BE98       TDMGERAL.TB_NR_NOTIFICACAOAfterPost
 0001:0001BEA8       TDMGERAL.TB_TARV_ACOMPAfterInsert
 0001:0001C004       TDMGERAL.TB_TARV_CD4AfterInsert
 0001:0001C160       TDMGERAL.TB_ABANDONOBeforeDelete
 0001:0001C170       TDMGERAL.TB_AGENDAMENTOSBeforePost
 0001:0001C174       TDMGERAL.TB_AGENDAMENTOSAfterPost
 0001:0001C178       TDMGERAL.TB_NOTIFICACAOBeforeOpen
 0001:0001C17C       TDMGERAL.IBSQLMonitor1SQL
 0001:0001C20C       TDMGERAL.DataModuleDestroy
 0001:0001C218       TDMGERAL.TB_PRIMEIRA_CONSULTABeforePost
 0001:0001C260       TDMGERAL.TB_PRIMEIRA_CONSULTAAfterInsert
 0001:0001C2A8       TDMGERAL.TB_PRIMEIRA_CONSULTABeforeDelete
 0001:0001C2F0       TDMGERAL.TB_RESULTADO_CD4CalcFields
 0001:0001C3F0       TDMGERAL.TB_RESULTADO_CD4BeforeOpen
 0001:0001C428       TDMGERAL.TB_RESULTADO_CD4AfterPost
 0001:0001C438       TDMGERAL.TB_RESULTADO_CD4AfterDelete
 0001:0001C448       TDMGERAL.TB_AVALIACAO_INICIALAfterInsert
 0001:0001C490       TDMGERAL.TB_AVALIACAO_INICIALBeforeDelete
 0001:0001C4D8       TDMGERAL.TB_AVALIACAO_INICIALBeforePost
 0001:0001C520       TDMGERAL.TB_SEGUIMENTO_ENFERMAGEMAfterInsert
 0001:0001C568       TDMGERAL.TB_SEGUIMENTO_ENFERMAGEMBeforeDelete
 0001:0001C5B0       TDMGERAL.TB_SEGUIMENTO_ENFERMAGEMBeforePost
 0001:0001C5F8       TDMGERAL.TB_TRIAGEM_ENFERMAGEMAfterInsert
 0001:0001C664       TDMGERAL.TB_TRIAGEM_ENFERMAGEMBeforeDelete
 0001:0001C6AC       TDMGERAL.TB_TRIAGEM_ENFERMAGEMBeforePost
 0001:0001C6F4       TDMGERAL.TB_MAPAAfterInsert
 0001:0001C73C       TDMGERAL.TB_MAPABeforeDelete
 0001:0001C784       TDMGERAL.TB_MAPABeforePost
 0001:0001C7CC       TDMGERAL.TB_VERSAO_RELATORIOAfterInsert
 0001:0001C86C       TDMGERAL.TB_AGENDAFL_CONFIRMADOValidate
 0001:0001C8F8       TDMGERAL.TB_CRIANCAS_EXPAfterInsert
 0001:0001C988       TDMGERAL.TB_PRE_NATALAfterInsert
 0001:0001CA18       TDMGERAL.TB_SERVICOS_ACOMPAfterInsert
 0001:0001CAA8       TDMGERAL.TB_SERVICOS_TARVAfterInsert
 0001:0001CB38       TDMGERAL.ProtocolaEnvio
 0001:0001CF50       TDMGERAL.TB_ST_UNIDADEAfterInsert
 0001:0001D01C       TDMGERAL.TB_ST_UNIDADEAfterPost
 0001:0001D02C       TDMGERAL.TB_NOT_GESTANTEAfterDelete
 0001:0001D03C       TDMGERAL.TB_NOT_GESTANTEAfterInsert
 0001:0001D12C       TDMGERAL.TB_NOT_GESTANTEBeforeDelete
 0001:0001D13C       TDMGERAL.TB_NOT_GESTANTEAfterPost
 0001:0001D14C       TDMGERAL.GetVersaoUnidadesWeb
 0001:0001D344       TDMGERAL.TB_ATVBeforePost
 0001:0001D3B8       TDMGERAL.TB_PTVBeforePost
 0001:0001D424       TDMGERAL.TB_TARVBeforePost
 0001:0001D490       TDMGERAL.TB_TARV_ESQUEMABeforePost
 0001:0001D4FC       TDMGERAL.TB_TARV_CD4BeforePost
 0001:0001D568       TDMGERAL.TB_TARV_ACOMPBeforePost
 0001:0001D5D4       TDMGERAL.TB_COINFECCAOBeforePost
 0001:0001D640       TDMGERAL.TB_PROGRAMABeforePost
 0001:0001D6E8       TDMGERAL.TB_ATV_AREAfterInsert
 0001:0001D754       TDMGERAL.TB_PTV_AREAfterInsert
 0001:0001D7C0       TDMGERAL.TB_TARV_AREAfterInsert
 0001:0001D82C       TDMGERAL.TB_TARV_ACOMP_AREAfterInsert
 0001:0001D898       TDMGERAL.TB_TARV_ESQUEMA_AREAfterInsert
 0001:0001D904       TDMGERAL.TB_TARV_CD4_AREAfterInsert
 0001:0001D970       TDMGERAL.TB_COINFECCAO_AREAfterInsert
 0001:0001D9DC       TDMGERAL.TB_PROGRAMA_AREAfterInsert
 0001:0001DA48       TDMGERAL.TB_ATV_AREAfterPost
 0001:0001DA58       TDMGERAL.TB_TABELA_EDIAfterPost
 0001:0001DA68       TDMGERAL.TB_FORMAAfterInsert
 0001:0001DA80       TDMGERAL.TB_PACIENTEFL_CRIANCA_EXPOSTAValidate
 0001:0001DFD0       TDMGERAL.TB_PACIENTENR_PROCESSO_CRIANCA_EXPValidate
 0001:0001DFD4       TDMGERAL.TB_PACIENTEAfterEdit
 0001:0001DFDC       TDMGERAL.AtualizaDataNascimento
 0001:0001E0A8       Finalization
 0001:0001E0D8       UDMGERAL
 0001:0001F2A8       TdmDIG.dbDigBeforeConnect
 0001:0001F388       TdmDIG.DataModuleCreate
 0001:0001F3A0       TdmDIG.Commit
 0001:0001F3D4       TdmDIG.Rollback
 0001:0001F3F0       TdmDIG.Transacao
 0001:0001F40C       TdmDIG.tbArquivo_DigitalAfterInsert
 0001:0001F440       TdmDIG.tbHistoricoAfterInsert
 0001:0001F468       TdmDIG.tbDig_GrupoDocBeforeClose
 0001:0001F46C       TdmDIG.tbHistoricoBeforeEdit
 0001:0001F470       TdmDIG.tbHistoricoFilterRecord
 0001:0001F474       TdmDIG.tbHistoricoCalcFields
 0001:0001F4E0       TdmDIG.tbHistoricoCD_GRUPOValidate
 0001:0001F554       TdmDIG.tbDig_ArquivoAfterDelete
 0001:0001F564       TdmDIG.tbDig_ArquivoAfterPost
 0001:0001F574       TdmDIG.tbArquivo_DigitalAfterPost
 0001:0001F584       TdmDIG.tbArquivo_DigitalAfterDelete
 0001:0001F594       TdmDIG.tbArquivo_ExameAfterDelete
 0001:0001F5A4       TdmDIG.tbArquivo_ExameAfterPost
 0001:0001F5B4       TdmDIG.tbArquivo_DigitalAfterOpen
 0001:0001F5C4       TdmDIG.tbArquivo_DigitalBeforeOpen
 0001:0001F5D4       Finalization
 0001:0001F604       UDMDIG
 0001:0001FA80       TDMRelatorios.qyConfRelatorioBeforeOpen
 0001:0001FAC4       TDMRelatorios.DataModuleCreate
 0001:0001FAD0       TDMRelatorios.DataModuleDestroy
 0001:0001FADC       Finalization
 0001:0001FB0C       UDMRelatorios
 0001:0001FE7C       @GetPackageInfoTable
 0001:0001FE84       @PackageLoad
 0001:0001FE90       @PackageUnload
 0001:0001FE9C       SISDM
 0002:00000000       TlsIndex
 0002:00000004       Module
 0002:0000001C       TlsProc
 0002:0000002C       Protocolo
 0002:0000004C       TabelaProtocolo
 0002:0000006C       sDominio
 0002:00000070       prmDataUpdate
 0002:00000074       prmUnidade
 0002:00000078       prmDocPadrao
 0002:0000007C       prmGruPadrao
 0002:00000080       prmImpressora
 0002:00000084       prmImgFundo
 0002:00000088       prmVersao
 0002:0000008C       prmMaxDataAgenda
 0002:00000090       prmMaxAtendAgenda
 0002:00000094       prmPastaParecer
 0002:00000098       prmMedicoPadraoAgenda
 0002:0000009C       prmLstNaoTransfAgenda
 0002:000000A0       prmMedicoIntegraLab
 0002:000000A4       prmURLRX
 0002:000000A8       prmSGEmpresa
 0002:000000AC       prmTabRespLab
 0002:000000B0       prmUltimoNrProcesso
 0002:000000B4       prmAgendaSabDom
 0002:000000B8       prmSistemaUnidades
 0002:000000BC       prmUnidadeCentral
 0002:000000C0       prmConfirmaEDI
 0002:000000C4       prmBloqueio
 0002:000000C8       prmAgendaLaboratorio
 0002:000000CC       prmAgendaFarmacia
 0002:000000D0       prmAgendaTesteRapido
 0002:000000D4       prmAgendaCriancaExposta
 0002:00001000       ModuleIsLib
 0002:00001001       ModuleIsPackage
 0002:00001004       HInstance
 0002:00001008       .1
 0002:0000100C       tlsBuffer
 0002:00001010       .3
 0002:00001014       .1
 0002:00001018       .1
 0002:0000101C       .1
 0002:00001020       .1
 0002:00001024       .1
 0002:00001028       .1
 0002:0000102C       .1
 0002:00001030       .1
 0002:00001034       .3
 0002:00001038       .1
 0002:0000103C       .1
 0002:00001040       .1
 0002:00001044       sUnidadeDefautDescricao
 0002:00001048       iProvincia
 0002:0000104C       iMunicipio
 0002:00001050       sProvinciaDefautDescricao
 0002:00001054       sMunicipioDefautDescricao
 0002:00001058       sListagemPaciente
 0002:00001059       sCadastroPaciente
 0002:0000105C       vS1
 0002:00001064       vS2
 0002:0000106C       vS3
 0002:00001074       vlCalc
 0002:0000107C       sLogComputer
 0002:00001080       sLogUnidade
 0002:00001084       sLogUsuario
 0002:00001088       sLogSistema
 0002:0000108C       sPath
 0002:00001090       sPathApp
 0002:00001094       sPathIn
 0002:00001098       sPathOut
 0002:0000109C       sPathProt
 0002:000010A0       sPathScript
 0002:000010A4       sPathTemp
 0002:000010A8       sPathLayout
 0002:000010AC       sPathConsulta
 0002:000010B0       sPathGrid
 0002:000010B4       sComputerName
 0002:000010B8       sLogin
 0002:000010BC       sLoginAuto
 0002:000010C0       sSenhaAuto
 0002:000010C4       sScreenWidth
 0002:000010C8       sScreenHeigth
 0002:000010CC       fLog
 0002:00001298       nFatorPreco
 0002:000012A0       gbLaboratorio
 0002:000012A1       gbLiberaQtdeAgenda
 0002:000012A2       gContraSenhaGlobal
 0002:000012A4       .3
 0002:000012A8       DM
 0002:000012AC       sLoginAuto
 0002:000012B0       sSenhaAuto
 0002:000012B4       sDB_DIG
 0002:000012B8       sDB_LAB
 0002:000012BC       sServidorLAB
 0002:000012C0       .2
 0002:000012C4       .1
 0002:000012C8       frmLogSQL
 0002:000012CC       .2
 0002:000012D0       .1
 0002:000012D4       DMGERAL
 0002:000012D8       bValidaDelete
 0002:000012DC       .2
 0002:000012E0       dmDIG
 0002:000012E4       .2
 0002:000012E8       DMRelatorios
 0002:000012EC       .2


Line numbers for SysInit(SysInit.pas) segment .text

    93 0001:000001A0   102 0001:000001A8   105 0001:000001B0   108 0001:000001B8
   111 0001:000001C0   114 0001:000001C8   117 0001:000001D0   128 0001:000001D8
   129 0001:000001E0   285 0001:000001E4   286 0001:000001E9   293 0001:000001EC
   294 0001:000001ED   295 0001:000001F4   299 0001:000001F8   300 0001:0000020B
   301 0001:00000212   302 0001:00000216   304 0001:00000222   305 0001:0000022E
   310 0001:00000230   312 0001:00000239   313 0001:00000243   314 0001:00000248
   315 0001:00000258   321 0001:0000025C   323 0001:00000265   324 0001:0000026E
   325 0001:00000279   326 0001:0000027D   328 0001:00000283   332 0001:00000284
   334 0001:0000028D   335 0001:00000292   336 0001:0000029B   337 0001:000002A6
   423 0001:000002A8   424 0001:000002B2   428 0001:000002B4   429 0001:000002BE
   430 0001:000002CF   431 0001:000002D5   495 0001:000002D8   496 0001:000002E3
   497 0001:000002EA   498 0001:000002F1   499 0001:000002F6   500 0001:000002FE
   501 0001:00000306   502 0001:0000030B   503 0001:00000314   504 0001:0000031D
   505 0001:00000322   506 0001:00000329   507 0001:0000032D   508 0001:00000332
   509 0001:00000335   540 0001:0000033C   541 0001:00000346   545 0001:00000348
   546 0001:00000352   840 0001:00000384   840 0001:0000038B

Line numbers for UGeral(..\GERAL\UGeral.pas) segment .text

   213 0001:000013F8   214 0001:00001411   215 0001:0000141F   216 0001:0000142E
   217 0001:00001449   218 0001:00001458   219 0001:0000146B   221 0001:0000148C
   223 0001:000014A5   225 0001:000014D9   228 0001:00001508   229 0001:00001525
   230 0001:00001536   232 0001:00001550   233 0001:00001561   235 0001:0000157B
   236 0001:0000158C   238 0001:000015A6   239 0001:000015B7   241 0001:000015D1
   242 0001:000015E2   244 0001:000015FC   245 0001:0000160D   247 0001:00001627
   248 0001:00001638   250 0001:00001652   251 0001:00001663   253 0001:0000167D
   254 0001:0000168E   256 0001:000016AE   257 0001:000016BF   259 0001:000016DF
   260 0001:000016F0   262 0001:00001710   263 0001:00001721   265 0001:00001741
   266 0001:00001752   268 0001:00001772   269 0001:00001783   271 0001:000017A3
   272 0001:000017B4   274 0001:000017D4   275 0001:000017E5   277 0001:00001805
   278 0001:00001816   280 0001:00001836   281 0001:00001847   283 0001:00001867
   285 0001:00001878   286 0001:00001898   287 0001:000018A9   290 0001:000018B8
   291 0001:000018C9   293 0001:000018E9   294 0001:000018FA   296 0001:0000191A
   297 0001:0000192B   299 0001:0000194B   300 0001:0000195C   302 0001:0000197C
   303 0001:0000198D   305 0001:000019AD   306 0001:000019BE   307 0001:00001A09
   312 0001:00001A2C   313 0001:00001A4E   314 0001:00001A65   315 0001:00001BB6
   316 0001:00001BC8   317 0001:00001BDA   318 0001:00001BEC   319 0001:00001BFE
   320 0001:00001C10   321 0001:00001C22   322 0001:00001C34   323 0001:00001C46
   324 0001:00001C58   325 0001:00001C6A   326 0001:00001C7C   327 0001:00001C8E
   328 0001:00001CA0   329 0001:00001CB2   330 0001:00001CC4   331 0001:00001CD6
   332 0001:00001CE8   333 0001:00001CFA   334 0001:00001D0C   335 0001:00001D1E
   336 0001:00001D30   337 0001:00001D42   338 0001:00001D54   339 0001:00001D66
   340 0001:00001D78   341 0001:00001D8A   342 0001:00001D9C   343 0001:00001DAE
   344 0001:00001DC0   345 0001:00001DD2   346 0001:00001DE4   347 0001:00001DF6
   348 0001:00001E08   349 0001:00001E1A   350 0001:00001E2C   351 0001:00001E3E
   352 0001:00001E50   353 0001:00001E62   354 0001:00001E74   355 0001:00001E86
   356 0001:00001E95   357 0001:00001EA4   358 0001:00001EB3   359 0001:00001EC2
   360 0001:00001ED1   361 0001:00001EE0   362 0001:00001EEF   363 0001:00001EFE
   364 0001:00001F0B   313 0001:00001F0C   365 0001:00001F13   366 0001:00001F3A
   369 0001:00001F40   371 0001:00001F70   372 0001:00001F8C   373 0001:00001F9B
   374 0001:00001FC5   375 0001:00001FF8   379 0001:00002028   380 0001:00002047
   381 0001:0000204F   382 0001:0000205E   383 0001:0000208A   387 0001:00002090
   388 0001:000020B0   389 0001:000020B2   390 0001:000020C1   391 0001:000020E3
   394 0001:000020E8   395 0001:00002112   396 0001:00002133   397 0001:00002160
   403 0001:00002168   404 0001:0000217F   405 0001:0000218D   406 0001:00002199
   407 0001:000021A7   408 0001:000021B6   409 0001:000021BD   410 0001:000021C4
   411 0001:000021EB   419 0001:0000223C   420 0001:00002245   421 0001:00002251
   422 0001:00002273   423 0001:00002281   424 0001:00002291   425 0001:0000229F
   426 0001:000022AF   427 0001:000022C3   428 0001:000022D1   429 0001:000022E4
   433 0001:00002300   434 0001:0000232D   435 0001:00002331   437 0001:00002344
   438 0001:00002350   440 0001:00002365   442 0001:0000237C   444 0001:00002389
   445 0001:0000238D   447 0001:0000238F   449 0001:00002397   435 0001:00002398
   450 0001:000023C8   454 0001:000023D0   455 0001:000023F2   456 0001:00002419
   457 0001:00002452   461 0001:00002474   462 0001:00002498   463 0001:000024A0
   465 0001:000024B3   466 0001:000024CD   467 0001:000024E3   468 0001:000024EF
   469 0001:000024FC   463 0001:000024FD   470 0001:00002500   471 0001:0000252E
   476 0001:00002534   477 0001:00002554   478 0001:00002562   479 0001:00002585
   480 0001:0000258F   481 0001:000025A7   483 0001:000025BE   485 0001:000025E4
   491 0001:000025EC   492 0001:0000262D   493 0001:00002635   494 0001:0000263D
   496 0001:0000265E   498 0001:00002665   501 0001:00002675   502 0001:0000268B
   499 0001:000026A3   504 0001:000026B3   509 0001:000026CC   510 0001:00002713
   513 0001:00002751   517 0001:00002810   518 0001:00002834   519 0001:00002836
   521 0001:00002840   522 0001:00002860   524 0001:00002865   525 0001:0000286F
   528 0001:00002871   529 0001:00002899   531 0001:000028BE   532 0001:000028C8
   535 0001:000028CC   537 0001:000028D4   538 0001:000028DE   542 0001:00002904
   548 0001:0000297C   549 0001:00002985   550 0001:0000298D   551 0001:00002994
   552 0001:000029A2   553 0001:000029AD   554 0001:000029BE   556 0001:000029D5
   558 0001:000029E5   562 0001:000029F0   563 0001:000029F3   564 0001:00002A0A
   568 0001:00002A10   569 0001:00002A14   570 0001:00002A1E   571 0001:00002A38
   574 0001:00002A3C   575 0001:00002A3F   576 0001:00002A56   580 0001:00002A5C
   581 0001:00002A60   582 0001:00002A67   583 0001:00002A81   585 0001:00002CDC
   585 0001:00002CE3

Line numbers for UDM(..\DM\UDM.pas) segment .text

    63 0001:00002F8C    64 0001:00002FAD    65 0001:00002FB5    67 0001:00002FC6
    68 0001:00002FD6    69 0001:00002FE9    70 0001:00002FF1    71 0001:00002FFF
    74 0001:0000303D    75 0001:00003071    76 0001:00003079    78 0001:00003083
    79 0001:0000308B    81 0001:000030C0    84 0001:00003114    85 0001:00003135
    86 0001:0000313D    88 0001:0000314E    89 0001:0000315E    90 0001:00003171
    91 0001:00003179    92 0001:00003187    95 0001:000031B7    96 0001:000031EB
    97 0001:000031F3    99 0001:000031FD   100 0001:00003205   102 0001:0000323A
   106 0001:00003290   107 0001:000032B1   108 0001:000032B9   110 0001:000032CA
   111 0001:000032DA   112 0001:000032ED   113 0001:000032F5   114 0001:00003303
   117 0001:00003333   118 0001:00003367   119 0001:0000336F   121 0001:00003379
   122 0001:00003381   124 0001:000033B6   127 0001:00003414   128 0001:0000343C
   129 0001:00003467   130 0001:0000346F   131 0001:00003483   132 0001:000034AF
   136 0001:000034E8   137 0001:00003505   138 0001:0000350A   143 0001:00003534
   144 0001:00003557   145 0001:00003581   146 0001:00003592   147 0001:000035A8
   148 0001:000035CB   149 0001:000035EE   150 0001:00003611   153 0001:00003634
   154 0001:00003657   156 0001:00003667   158 0001:0000368D   159 0001:000036A6
   160 0001:000036BB   161 0001:000036D4   162 0001:000036E9   163 0001:000036F4
   164 0001:0000371D   169 0001:00003824   170 0001:00003851   171 0001:00003859
   172 0001:0000386A   175 0001:00003878   176 0001:00003888   177 0001:000038B3
   178 0001:000038C1   180 0001:000038D8   181 0001:00003901   183 0001:0000390B
   185 0001:0000392E   186 0001:00003936   189 0001:00003973   192 0001:000039BC
   193 0001:000039C1   195 0001:000039D3   196 0001:000039DC   199 0001:000039E3
   202 0001:000039EA   205 0001:000039F0   206 0001:000039F5   208 0001:00003A07
   209 0001:00003A10   212 0001:00003A17   215 0001:00003A1E   218 0001:00003A24
   219 0001:00003A28   220 0001:00003A3A   221 0001:00003A46   224 0001:00003A4C
   226 0001:00003A69   227 0001:00003A71   228 0001:00003A79   229 0001:00003A81
   230 0001:00003A89   231 0001:00003A98   234 0001:00003AA7   235 0001:00003ACE
   236 0001:00003AE5   237 0001:00003AF3   241 0001:00003B19   242 0001:00003B2C
   245 0001:00003B3D   246 0001:00003B6C   249 0001:00003BB4   250 0001:00003BBA
   251 0001:00003BC7   252 0001:00003BE0   253 0001:00003BED   254 0001:00003C06
   255 0001:00003C13   260 0001:00003C40   261 0001:00003C42   262 0001:00003C44
   263 0001:00003C54   264 0001:00003C58   266 0001:00003C5C   267 0001:00003C83
   269 0001:00003C91   270 0001:00003CB3   272 0001:00003CDA   274 0001:00003D6C
   274 0001:00003D73

Line numbers for UGeralSQL(..\GERAL\UGeralSQL.pas) segment .text

    47 0001:00003D74    48 0001:00003D93    49 0001:00003E1E    53 0001:00003E5C
    54 0001:00003E5D    57 0001:00003E6D    58 0001:00003E7E    59 0001:00003E8E
    61 0001:00003E9E    62 0001:00003EA0    66 0001:00003EDC    67 0001:00003EDD
    70 0001:00003EED    71 0001:00003EFE    72 0001:00003F0E    74 0001:00003F1E
    75 0001:00003F20    79 0001:00003F68    80 0001:00003F6C    83 0001:00003F7C
    84 0001:00003F8D    85 0001:00003F9D    86 0001:00003FAD    88 0001:00003FB5
    89 0001:00003FC5    92 0001:00003FD8    93 0001:00003FDA    97 0001:00004068
    98 0001:00004069   101 0001:00004079   102 0001:0000408A   103 0001:0000409A
   105 0001:000040AA   106 0001:000040AC   110 0001:000040F4   111 0001:000040F5
   114 0001:00004105   115 0001:00004116   116 0001:00004126   118 0001:00004136
   119 0001:00004138   123 0001:00004184   124 0001:00004185   127 0001:00004195
   128 0001:000041A6   129 0001:000041B6   131 0001:000041C6   132 0001:000041C8
   136 0001:00004230   137 0001:00004231   140 0001:00004241   141 0001:00004252
   142 0001:00004262   143 0001:00004272   145 0001:00004282   146 0001:00004284
   150 0001:00004320   151 0001:00004321   154 0001:00004331   155 0001:00004342
   156 0001:00004352   158 0001:00004362   159 0001:00004364   163 0001:000043A0
   164 0001:000043B9   167 0001:000043C9   168 0001:000043DA   169 0001:000043EA
   170 0001:00004415   172 0001:00004425   173 0001:00004429   175 0001:00004439
   176 0001:0000445F   180 0001:00004508   181 0001:00004521   184 0001:00004531
   185 0001:00004542   186 0001:00004552   188 0001:0000455A   191 0001:00004582
   192 0001:000045A6   196 0001:00004600   197 0001:00004601   200 0001:00004611
   201 0001:00004622   203 0001:00004632   204 0001:00004634   208 0001:0000467C
   209 0001:0000467D   212 0001:0000468D   213 0001:0000469E   215 0001:000046AE
   216 0001:000046B0   220 0001:00004710   221 0001:00004711   224 0001:00004721
   225 0001:00004732   226 0001:00004742   227 0001:00004752   228 0001:00004762
   229 0001:00004772   231 0001:00004782   232 0001:00004784   238 0001:0000494C
   239 0001:0000496D   240 0001:0000497B   242 0001:00004983   243 0001:0000498E
   242 0001:000049B0   245 0001:000049B3   246 0001:000049BB   248 0001:000049CD
   250 0001:000049F3   257 0001:000049FC   258 0001:00004A3B   259 0001:00004A4C
   262 0001:00004A5A   263 0001:00004A68   264 0001:00004A6C   266 0001:00004A78
   267 0001:00004A8A   268 0001:00004A9C   269 0001:00004ACA   270 0001:00004AD0
   272 0001:00004B1D   273 0001:00004B32   272 0001:00004BA5   275 0001:00004BA8
   276 0001:00004BB0   277 0001:00004BBD   276 0001:00004BED   279 0001:00004BF0
   280 0001:00004BF8   281 0001:00004C0D   283 0001:00004C24   284 0001:00004C2C
   287 0001:00004C43   290 0001:00004CBD   295 0001:00004D34   296 0001:00004D5E
   298 0001:00004D77   300 0001:00004D7D   298 0001:00004D8D   302 0001:00004D90
   303 0001:00004DBC   307 0001:00004DD0   308 0001:00004DE4   311 0001:00004DF4
   312 0001:00004E05   313 0001:00004E15   314 0001:00004E25   315 0001:00004E35
   317 0001:00004E58   318 0001:00004E77   322 0001:00004F84   323 0001:00004F98
   326 0001:00004FA8   327 0001:00004FB9   328 0001:00004FC9   329 0001:00004FD9
   331 0001:00004FFC   332 0001:0000501B   336 0001:000050B8   337 0001:000050BF
   338 0001:000050D0   341 0001:000050DE   342 0001:000050F0   343 0001:00005103
   344 0001:00005116   345 0001:00005129   346 0001:0000513C   347 0001:0000514F
   348 0001:00005157   351 0001:00005178   353 0001:00005188   356 0001:00005290
   357 0001:000052B3   359 0001:000052B5   361 0001:000052D9   362 0001:000052DB
   365 0001:000052E0   367 0001:000053A1   368 0001:000053F3   372 0001:00005454
   373 0001:00005475   374 0001:00005479   376 0001:00005481   378 0001:00005492
   381 0001:000054A0   382 0001:000054B2   384 0001:000054C4   385 0001:000054D7
   386 0001:000054EA   387 0001:000054FD   388 0001:00005517   389 0001:0000552B
   391 0001:00005533   392 0001:0000553F   394 0001:00005556   395 0001:0000555A
   397 0001:00005564   400 0001:0000556C   401 0001:0000557A   402 0001:0000558D
   403 0001:000055A0   404 0001:000055B3   405 0001:000055C6   406 0001:000055D9
   407 0001:000055EC   408 0001:000055FF   409 0001:00005612   410 0001:00005625
   411 0001:00005638   412 0001:0000564B   413 0001:0000565E   414 0001:00005671
   415 0001:00005684   416 0001:00005697   417 0001:000056AA   418 0001:000056C4
   419 0001:000056D8   420 0001:000056EF   422 0001:000056F7   424 0001:00005703
   425 0001:00005707   429 0001:00005711   431 0001:00005741   435 0001:0000574A
   436 0001:00005752   437 0001:00005760   454 0001:00005773   455 0001:000057C9
   456 0001:0000581F   457 0001:00005839   458 0001:00005853   459 0001:00005867
   460 0001:0000586F   461 0001:0000587E   467 0001:0000588F   468 0001:00005897
   471 0001:000058CC   477 0001:00006434   478 0001:0000643D   481 0001:00006445
   482 0001:00006447   484 0001:00006449   486 0001:0000645A   489 0001:00006468
   490 0001:0000647A   491 0001:0000648C   492 0001:0000649F   493 0001:000064B3
   495 0001:000064BB   497 0001:000064C9   498 0001:000064E9   500 0001:000064ED
   503 0001:0000650F   506 0001:00006511   507 0001:00006519   508 0001:0000652C
   509 0001:00006540   510 0001:00006554   511 0001:00006568   512 0001:00006570
   515 0001:0000658C   516 0001:00006594   518 0001:000065A4   523 0001:0000669C
   524 0001:000066BB   525 0001:000066CC   528 0001:000066DA   529 0001:000066EC
   530 0001:000066FE   564 0001:00006711   565 0001:00006767   567 0001:000067BD
   568 0001:000067D7   569 0001:000067DF   572 0001:000067FB   573 0001:00006803
   575 0001:00006835   577 0001:000072CC   577 0001:000072D3

Line numbers for ULogSQL(ULogSQL.pas) segment .text

    31 0001:00007498    32 0001:0000749B    33 0001:000074AD    34 0001:000074BB
    36 0001:000074F0    36 0001:000074F7

Line numbers for uFuncoesWeb(..\GERAL\uFuncoesWeb.pas) segment .text

    16 0001:00007590    17 0001:000075B7    18 0001:000075CD    19 0001:000075DE
    22 0001:000075EF    23 0001:000075FB    25 0001:000075FE    26 0001:00007618
    28 0001:0000761A    29 0001:0000766B    32 0001:000076E8    32 0001:000076EF

Line numbers for UDMGERAL(..\DM\UDMGERAL.pas) segment .text

  3866 0001:0000E0DF

Line numbers for UDMDIG(UDMDIG.pas) segment .text

   174 0001:0001F2A8   176 0001:0001F2C2   178 0001:0001F2CC   179 0001:0001F2E5
   180 0001:0001F2F0   183 0001:0001F317   185 0001:0001F327   186 0001:0001F332
   187 0001:0001F36C   190 0001:0001F388   191 0001:0001F38B   192 0001:0001F393
   193 0001:0001F39D   196 0001:0001F3A0   197 0001:0001F3A7   199 0001:0001F3B3
   201 0001:0001F3B9   202 0001:0001F3BF   203 0001:0001F3C8   206 0001:0001F3CF
   209 0001:0001F3D4   210 0001:0001F3D7   212 0001:0001F3E3   215 0001:0001F3E6
   218 0001:0001F3EB   221 0001:0001F3F0   222 0001:0001F3F3   223 0001:0001F3FF
   224 0001:0001F407   227 0001:0001F40C   228 0001:0001F40F   229 0001:0001F41C
   230 0001:0001F43D   233 0001:0001F440   234 0001:0001F443   235 0001:0001F464
   240 0001:0001F468   245 0001:0001F46C   251 0001:0001F470   254 0001:0001F474
   255 0001:0001F48A   256 0001:0001F495   257 0001:0001F4A0   258 0001:0001F4DC
   261 0001:0001F4E0   262 0001:0001F4F7   263 0001:0001F513   264 0001:0001F54F
   268 0001:0001F554   269 0001:0001F560   273 0001:0001F564   274 0001:0001F570
   278 0001:0001F574   279 0001:0001F580   283 0001:0001F584   284 0001:0001F590
   288 0001:0001F594   289 0001:0001F5A0   293 0001:0001F5A4   294 0001:0001F5B0
   298 0001:0001F5B4   299 0001:0001F5C0   303 0001:0001F5C4   304 0001:0001F5D0
   306 0001:0001F604   306 0001:0001F60B

Line numbers for UDMRelatorios(..\DM\UDMRelatorios.pas) segment .text

    55 0001:0001FA80    56 0001:0001FA83    58 0001:0001FAAC    62 0001:0001FAC4
    63 0001:0001FACF    67 0001:0001FAD0    68 0001:0001FADB    70 0001:0001FB0C
    70 0001:0001FB13

Line numbers for SISDM(Q:\lib\Pacotes\SISDM.dpk) segment .text

    52 0001:0001FE9C

Bound resource files

UDM.dfm
ULogSQL.dfm
UDMGERAL.dfm
UDMDIG.dfm
UDMRelatorios.dfm
SISDM.res
SISDM.drf


Program entry point at 0001:0001FE9C
