
 Start         Length     Name                   Class
 0001:00000000 000430A0H .text                   CODE
 0002:00000000 00000080H .data                   DATA
 0002:00000080 000002C1H .bss                    BSS


Detailed map of segments

 0001:00000000 000001C6 C=CODE     S=.text    G=(none)   M=System   ACBP=A9
 0001:000001C8 000001EC C=CODE     S=.text    G=(none)   M=SysInit  ACBP=A9
 0001:000003B4 0000000E C=CODE     S=.text    G=(none)   M=Types    ACBP=A9
 0001:000003C4 00000050 C=CODE     S=.text    G=(none)   M=Windows  ACBP=A9
 0001:00000414 00000038 C=CODE     S=.text    G=(none)   M=Messages ACBP=A9
 0001:0000044C 0000000E C=CODE     S=.text    G=(none)   M=SysConst ACBP=A9
 0001:0000045C 000000A6 C=CODE     S=.text    G=(none)   M=SysUtils ACBP=A9
 0001:00000504 0000000E C=CODE     S=.text    G=(none)   M=VarUtils ACBP=A9
 0001:00000514 0000004E C=CODE     S=.text    G=(none)   M=Variants ACBP=A9
 0001:00000564 0000000E C=CODE     S=.text    G=(none)   M=ActiveX  ACBP=A9
 0001:00000574 0000000E C=CODE     S=.text    G=(none)   M=RTLConsts ACBP=A9
 0001:00000584 0000000E C=CODE     S=.text    G=(none)   M=TypInfo  ACBP=A9
 0001:00000594 0000005E C=CODE     S=.text    G=(none)   M=Classes  ACBP=A9
 0001:000005F4 0000000E C=CODE     S=.text    G=(none)   M=Consts   ACBP=A9
 0001:00000604 00000016 C=CODE     S=.text    G=(none)   M=Graphics ACBP=A9
 0001:0000061C 0000000E C=CODE     S=.text    G=(none)   M=Math     ACBP=A9
 0001:0000062C 0000000E C=CODE     S=.text    G=(none)   M=Contnrs  ACBP=A9
 0001:0000063C 00000038 C=CODE     S=.text    G=(none)   M=CommCtrl ACBP=A9
 0001:00000674 0000000E C=CODE     S=.text    G=(none)   M=HelpIntfs ACBP=A9
 0001:00000684 0000000E C=CODE     S=.text    G=(none)   M=MultiMon ACBP=A9
 0001:00000694 00000038 C=CODE     S=.text    G=(none)   M=Imm      ACBP=A9
 0001:000006CC 0000000E C=CODE     S=.text    G=(none)   M=SyncObjs ACBP=A9
 0001:000006DC 0000000E C=CODE     S=.text    G=(none)   M=UxTheme  ACBP=A9
 0001:000006EC 00000038 C=CODE     S=.text    G=(none)   M=UrlMon   ACBP=A9
 0001:00000724 00000038 C=CODE     S=.text    G=(none)   M=WinInet  ACBP=A9
 0001:0000075C 00000038 C=CODE     S=.text    G=(none)   M=RegStr   ACBP=A9
 0001:00000794 00000038 C=CODE     S=.text    G=(none)   M=ShellAPI ACBP=A9
 0001:000007CC 00000038 C=CODE     S=.text    G=(none)   M=ShlObj   ACBP=A9
 0001:00000804 0000000E C=CODE     S=.text    G=(none)   M=WinHelpViewer ACBP=A9
 0001:00000814 00000038 C=CODE     S=.text    G=(none)   M=WinSpool ACBP=A9
 0001:0000084C 0000000E C=CODE     S=.text    G=(none)   M=Printers ACBP=A9
 0001:0000085C 00000038 C=CODE     S=.text    G=(none)   M=CommDlg  ACBP=A9
 0001:00000894 00000038 C=CODE     S=.text    G=(none)   M=Dlgs     ACBP=A9
 0001:000008CC 0000002E C=CODE     S=.text    G=(none)   M=Dialogs  ACBP=A9
 0001:000008FC 0000000E C=CODE     S=.text    G=(none)   M=StrUtils ACBP=A9
 0001:0000090C 0000000E C=CODE     S=.text    G=(none)   M=Clipbrd  ACBP=A9
 0001:0000091C 0000000E C=CODE     S=.text    G=(none)   M=StdActns ACBP=A9
 0001:0000092C 0000000E C=CODE     S=.text    G=(none)   M=FlatSB   ACBP=A9
 0001:0000093C 00000016 C=CODE     S=.text    G=(none)   M=StdCtrls ACBP=A9
 0001:00000954 0000000E C=CODE     S=.text    G=(none)   M=ExtCtrls ACBP=A9
 0001:00000964 0000000E C=CODE     S=.text    G=(none)   M=ToolWin  ACBP=A9
 0001:00000974 00000038 C=CODE     S=.text    G=(none)   M=RichEdit ACBP=A9
 0001:000009AC 0000000E C=CODE     S=.text    G=(none)   M=IniFiles ACBP=A9
 0001:000009BC 0000000E C=CODE     S=.text    G=(none)   M=Registry ACBP=A9
 0001:000009CC 0000000E C=CODE     S=.text    G=(none)   M=Buttons  ACBP=A9
 0001:000009DC 0000000E C=CODE     S=.text    G=(none)   M=ExtDlgs  ACBP=A9
 0001:000009EC 0000000E C=CODE     S=.text    G=(none)   M=Mapi     ACBP=A9
 0001:000009FC 0000000E C=CODE     S=.text    G=(none)   M=ExtActns ACBP=A9
 0001:00000A0C 0000000E C=CODE     S=.text    G=(none)   M=ComStrs  ACBP=A9
 0001:00000A1C 0000000E C=CODE     S=.text    G=(none)   M=ListActns ACBP=A9
 0001:00000A2C 0000005E C=CODE     S=.text    G=(none)   M=ComCtrls ACBP=A9
 0001:00000A8C 0000000E C=CODE     S=.text    G=(none)   M=Themes   ACBP=A9
 0001:00000A9C 0000000E C=CODE     S=.text    G=(none)   M=Menus    ACBP=A9
 0001:00000AAC 00000186 C=CODE     S=.text    G=(none)   M=Forms    ACBP=A9
 0001:00000C34 0000000E C=CODE     S=.text    G=(none)   M=ImgList  ACBP=A9
 0001:00000C44 0000000E C=CODE     S=.text    G=(none)   M=ActnList ACBP=A9
 0001:00000C54 0000016E C=CODE     S=.text    G=(none)   M=Controls ACBP=A9
 0001:00000DC4 0000000E C=CODE     S=.text    G=(none)   M=dxUtils  ACBP=A9
 0001:00000DD4 0000000E C=CODE     S=.text    G=(none)   M=dxEdStr  ACBP=A9
 0001:00000DE4 0000000E C=CODE     S=.text    G=(none)   M=dxCntner ACBP=A9
 0001:00000DF4 0000000E C=CODE     S=.text    G=(none)   M=MaskUtils ACBP=A9
 0001:00000E04 00000016 C=CODE     S=.text    G=(none)   M=Mask     ACBP=A9
 0001:00000E1C 0000002E C=CODE     S=.text    G=(none)   M=dxEditor ACBP=A9
 0001:00000E4C 0000000E C=CODE     S=.text    G=(none)   M=dxCommon ACBP=A9
 0001:00000E5C 0000000E C=CODE     S=.text    G=(none)   M=dxGrDate ACBP=A9
 0001:00000E6C 0000000E C=CODE     S=.text    G=(none)   M=dxCalc   ACBP=A9
 0001:00000E7C 0000001E C=CODE     S=.text    G=(none)   M=dxExEdtr ACBP=A9
 0001:00000E9C 0000000E C=CODE     S=.text    G=(none)   M=dxEdLib  ACBP=A9
 0001:00000EAC 0000000E C=CODE     S=.text    G=(none)   M=DBConsts ACBP=A9
 0001:00000EBC 0000000E C=CODE     S=.text    G=(none)   M=FMTBcd   ACBP=A9
 0001:00000ECC 0000002E C=CODE     S=.text    G=(none)   M=DateUtils ACBP=A9
 0001:00000EFC 0000000E C=CODE     S=.text    G=(none)   M=SqlTimSt ACBP=A9
 0001:00000F0C 0000000E C=CODE     S=.text    G=(none)   M=ComConst ACBP=A9
 0001:00000F1C 0000000E C=CODE     S=.text    G=(none)   M=ComObj   ACBP=A9
 0001:00000F2C 000000EE C=CODE     S=.text    G=(none)   M=DB       ACBP=A9
 0001:0000101C 0000000E C=CODE     S=.text    G=(none)   M=VDBConsts ACBP=A9
 0001:0000102C 0000000E C=CODE     S=.text    G=(none)   M=DBPWDlg  ACBP=A9
 0001:0000103C 0000000E C=CODE     S=.text    G=(none)   M=DBLogDlg ACBP=A9
 0001:0000104C 00000016 C=CODE     S=.text    G=(none)   M=DBCtrls  ACBP=A9
 0001:00001064 0000000E C=CODE     S=.text    G=(none)   M=dxDBEdtr ACBP=A9
 0001:00001074 0000000E C=CODE     S=.text    G=(none)   M=dxDBELib ACBP=A9
 0001:00001084 0000000E C=CODE     S=.text    G=(none)   M=rxStrUtils ACBP=A9
 0001:00001094 0000000E C=CODE     S=.text    G=(none)   M=DateUtil ACBP=A9
 0001:000010A4 0000000E C=CODE     S=.text    G=(none)   M=FileCtrl ACBP=A9
 0001:000010B4 0000000E C=CODE     S=.text    G=(none)   M=RXConst  ACBP=A9
 0001:000010C4 0000000E C=CODE     S=.text    G=(none)   M=RxHook   ACBP=A9
 0001:000010D4 0000000E C=CODE     S=.text    G=(none)   M=RXCConst ACBP=A9
 0001:000010E4 0000000E C=CODE     S=.text    G=(none)   M=MaxMin   ACBP=A9
 0001:000010F4 0000000E C=CODE     S=.text    G=(none)   M=VCLUtils ACBP=A9
 0001:00001104 0000000E C=CODE     S=.text    G=(none)   M=RXProps  ACBP=A9
 0001:00001114 00000036 C=CODE     S=.text    G=(none)   M=Grids    ACBP=A9
 0001:0000114C 0000000E C=CODE     S=.text    G=(none)   M=Gauges   ACBP=A9
 0001:0000115C 0000000E C=CODE     S=.text    G=(none)   M=RxPrgrss ACBP=A9
 0001:0000116C 0000000E C=CODE     S=.text    G=(none)   M=FileUtil ACBP=A9
 0001:0000117C 0000000E C=CODE     S=.text    G=(none)   M=AppUtils ACBP=A9
 0001:0000118C 0000000E C=CODE     S=.text    G=(none)   M=Placemnt ACBP=A9
 0001:0000119C 0000000E C=CODE     S=.text    G=(none)   M=RxTimer  ACBP=A9
 0001:000011AC 00000016 C=CODE     S=.text    G=(none)   M=RXCtrls  ACBP=A9
 0001:000011C4 0000000E C=CODE     S=.text    G=(none)   M=PickDate ACBP=A9
 0001:000011D4 0000001E C=CODE     S=.text    G=(none)   M=ToolEdit ACBP=A9
 0001:000011F4 0000000E C=CODE     S=.text    G=(none)   M=RxCalc   ACBP=A9
 0001:00001204 0000000E C=CODE     S=.text    G=(none)   M=CurrEdit ACBP=A9
 0001:00001214 0000000E C=CODE     S=.text    G=(none)   M=DBGrids  ACBP=A9
 0001:00001224 0000000E C=CODE     S=.text    G=(none)   M=RXDConst ACBP=A9
 0001:00001234 0000000E C=CODE     S=.text    G=(none)   M=DBUtils  ACBP=A9
 0001:00001244 0000000E C=CODE     S=.text    G=(none)   M=RXDBCtrl ACBP=A9
 0001:00001254 0000000E C=CODE     S=.text    G=(none)   M=dxTLStr  ACBP=A9
 0001:00001264 0000003E C=CODE     S=.text    G=(none)   M=dxTL     ACBP=A9
 0001:000012A4 0000000E C=CODE     S=.text    G=(none)   M=dxGrFCmn ACBP=A9
 0001:000012B4 0000002E C=CODE     S=.text    G=(none)   M=dxDBCtrl ACBP=A9
 0001:000012E4 0000001E C=CODE     S=.text    G=(none)   M=dxDBTLCl ACBP=A9
 0001:00001304 0000000E C=CODE     S=.text    G=(none)   M=dxFilter ACBP=A9
 0001:00001314 0000000E C=CODE     S=.text    G=(none)   M=dxGrExpt ACBP=A9
 0001:00001324 0000000E C=CODE     S=.text    G=(none)   M=dxGrFDlg ACBP=A9
 0001:00001334 0000000E C=CODE     S=.text    G=(none)   M=dxGrFltr ACBP=A9
 0001:00001344 0000001E C=CODE     S=.text    G=(none)   M=dxDBGrid ACBP=A9
 0001:00001364 0000000E C=CODE     S=.text    G=(none)   M=dxGrClms ACBP=A9
 0001:00001374 0000000E C=CODE     S=.text    G=(none)   M=Midas    ACBP=A9
 0001:00001384 0000000E C=CODE     S=.text    G=(none)   M=DBCommon ACBP=A9
 0001:00001394 0000000E C=CODE     S=.text    G=(none)   M=MidConst ACBP=A9
 0001:000013A4 0000000E C=CODE     S=.text    G=(none)   M=DSIntf   ACBP=A9
 0001:000013B4 0000000E C=CODE     S=.text    G=(none)   M=DataBkr  ACBP=A9
 0001:000013C4 0000000E C=CODE     S=.text    G=(none)   M=Provider ACBP=A9
 0001:000013D4 0000000E C=CODE     S=.text    G=(none)   M=DBClient ACBP=A9
 0001:000013E4 0000000E C=CODE     S=.text    G=(none)   M=IBUtils  ACBP=A9
 0001:000013F4 0000000E C=CODE     S=.text    G=(none)   M=IBXConst ACBP=A9
 0001:00001404 0000000E C=CODE     S=.text    G=(none)   M=IBExternals ACBP=A9
 0001:00001414 0000000E C=CODE     S=.text    G=(none)   M=IBInstallHeader ACBP=A9
 0001:00001424 0000000E C=CODE     S=.text    G=(none)   M=IBIntf   ACBP=A9
 0001:00001434 0000000E C=CODE     S=.text    G=(none)   M=IBHeader ACBP=A9
 0001:00001444 0000000E C=CODE     S=.text    G=(none)   M=IB       ACBP=A9
 0001:00001454 0000000E C=CODE     S=.text    G=(none)   M=IBErrorCodes ACBP=A9
 0001:00001464 0000000E C=CODE     S=.text    G=(none)   M=IBBlob   ACBP=A9
 0001:00001474 00000036 C=CODE     S=.text    G=(none)   M=IBCustomDataSet ACBP=A9
 0001:000014AC 0000001E C=CODE     S=.text    G=(none)   M=IBSQL    ACBP=A9
 0001:000014CC 0000000E C=CODE     S=.text    G=(none)   M=IBDatabaseInfo ACBP=A9
 0001:000014DC 0000000E C=CODE     S=.text    G=(none)   M=IBDatabase ACBP=A9
 0001:000014EC 0000000E C=CODE     S=.text    G=(none)   M=IBServices ACBP=A9
 0001:000014FC 0000000E C=CODE     S=.text    G=(none)   M=IBSQLMonitor ACBP=A9
 0001:0000150C 00000036 C=CODE     S=.text    G=(none)   M=IBQuery  ACBP=A9
 0001:00001544 0000000E C=CODE     S=.text    G=(none)   M=IBTable  ACBP=A9
 0001:00001554 0000000E C=CODE     S=.text    G=(none)   M=StdVCL   ACBP=A9
 0001:00001564 0000000E C=CODE     S=.text    G=(none)   M=OleConst ACBP=A9
 0001:00001574 0000000E C=CODE     S=.text    G=(none)   M=OleServer ACBP=A9
 0001:00001584 0000000E C=CODE     S=.text    G=(none)   M=AxCtrls  ACBP=A9
 0001:00001594 0000000E C=CODE     S=.text    G=(none)   M=OleCtrls ACBP=A9
 0001:000015A4 0000000E C=CODE     S=.text    G=(none)   M=CHILKATHTTPLib_TLB ACBP=A9
 0001:000015B4 0000000E C=CODE     S=.text    G=(none)   M=CHILKATUPLOADLib_TLB ACBP=A9
 0001:000015C4 0000000E C=CODE     S=.text    G=(none)   M=uFuncoesWeb ACBP=A9
 0001:000015D4 0000000E C=CODE     S=.text    G=(none)   M=ULogSQL  ACBP=A9
 0001:000015E4 0000002E C=CODE     S=.text    G=(none)   M=UDM      ACBP=A9
 0001:00001614 0000001E C=CODE     S=.text    G=(none)   M=UGeral   ACBP=A9
 0001:00001634 0000004E C=CODE     S=.text    G=(none)   M=UGeralSQL ACBP=A9
 0001:00001684 0000000E C=CODE     S=.text    G=(none)   M=UDMGERAL ACBP=A9
 0001:00001694 0000000E C=CODE     S=.text    G=(none)   M=UfrmLocPad ACBP=A9
 0001:000016A4 0000000E C=CODE     S=.text    G=(none)   M=UfrmLocalizar ACBP=A9
 0001:000016B4 0000000E C=CODE     S=.text    G=(none)   M=UfrmCadBase ACBP=A9
 0001:000016C4 00000016 C=CODE     S=.text    G=(none)   M=SHDocVw  ACBP=A9
 0001:000016DC 0000000E C=CODE     S=.text    G=(none)   M=JConsts  ACBP=A9
 0001:000016EC 00000016 C=CODE     S=.text    G=(none)   M=jpeg     ACBP=A9
 0001:00001704 0000000E C=CODE     S=.text    G=(none)   M=uPermissao ACBP=A9
 0001:00001714 0000000E C=CODE     S=.text    G=(none)   M=uFuncaoGrid ACBP=A9
 0001:00001724 0000000E C=CODE     S=.text    G=(none)   M=MSHTML   ACBP=A9
 0001:00001734 0000000E C=CODE     S=.text    G=(none)   M=uRelatorioWEB ACBP=A9
 0001:00001744 0000000E C=CODE     S=.text    G=(none)   M=UfrmCadPad ACBP=A9
 0001:00001754 0000001E C=CODE     S=.text    G=(none)   M=RxLookup ACBP=A9
 0001:00001774 0000000E C=CODE     S=.text    G=(none)   M=ClipIcon ACBP=A9
 0001:00001784 0000000E C=CODE     S=.text    G=(none)   M=RxDBComb ACBP=A9
 0001:00001794 0000000E C=CODE     S=.text    G=(none)   M=UDMDIG   ACBP=A9
 0001:000017A4 0000000E C=CODE     S=.text    G=(none)   M=RpDefine ACBP=A9
 0001:000017B4 0000000E C=CODE     S=.text    G=(none)   M=RpCon    ACBP=A9
 0001:000017C4 0000000E C=CODE     S=.text    G=(none)   M=RpConDS  ACBP=A9
 0001:000017D4 0000000E C=CODE     S=.text    G=(none)   M=RpFont   ACBP=A9
 0001:000017E4 0000000E C=CODE     S=.text    G=(none)   M=RpDevice ACBP=A9
 0001:000017F4 0000000E C=CODE     S=.text    G=(none)   M=RpRPTF   ACBP=A9
 0001:00001804 0000000E C=CODE     S=.text    G=(none)   M=RpBase   ACBP=A9
 0001:00001814 0000000E C=CODE     S=.text    G=(none)   M=RpFiler  ACBP=A9
 0001:00001824 0000000E C=CODE     S=.text    G=(none)   M=RpMBCS   ACBP=A9
 0001:00001834 0000000E C=CODE     S=.text    G=(none)   M=RpRender ACBP=A9
 0001:00001844 0000000E C=CODE     S=.text    G=(none)   M=RpRenderCanvas ACBP=A9
 0001:00001854 0000000E C=CODE     S=.text    G=(none)   M=RpRenderPrinter ACBP=A9
 0001:00001864 0000000E C=CODE     S=.text    G=(none)   M=RpRenderPreview ACBP=A9
 0001:00001874 0000000E C=CODE     S=.text    G=(none)   M=RpFormSetup ACBP=A9
 0001:00001884 0000000E C=CODE     S=.text    G=(none)   M=RpFormPreview ACBP=A9
 0001:00001894 0000000E C=CODE     S=.text    G=(none)   M=RpFormStatus ACBP=A9
 0001:000018A4 0000000E C=CODE     S=.text    G=(none)   M=RpSystem ACBP=A9
 0001:000018B4 0000000E C=CODE     S=.text    G=(none)   M=RvDefine ACBP=A9
 0001:000018C4 0000000E C=CODE     S=.text    G=(none)   M=RvCmHuff ACBP=A9
 0001:000018D4 0000000E C=CODE     S=.text    G=(none)   M=RvSecurity ACBP=A9
 0001:000018E4 0000000E C=CODE     S=.text    G=(none)   M=RvDirectDataView ACBP=A9
 0001:000018F4 0000000E C=CODE     S=.text    G=(none)   M=RvDataField ACBP=A9
 0001:00001904 0000000E C=CODE     S=.text    G=(none)   M=RvData   ACBP=A9
 0001:00001914 0000000E C=CODE     S=.text    G=(none)   M=RvProj   ACBP=A9
 0001:00001924 0000000E C=CODE     S=.text    G=(none)   M=RvUtil   ACBP=A9
 0001:00001934 0000000E C=CODE     S=.text    G=(none)   M=RvClass  ACBP=A9
 0001:00001944 0000000E C=CODE     S=.text    G=(none)   M=RpMemo   ACBP=A9
 0001:00001954 0000000E C=CODE     S=.text    G=(none)   M=RvCsStd  ACBP=A9
 0001:00001964 0000000E C=CODE     S=.text    G=(none)   M=RvCsRpt  ACBP=A9
 0001:00001974 0000000E C=CODE     S=.text    G=(none)   M=RvCsDraw ACBP=A9
 0001:00001984 0000000E C=CODE     S=.text    G=(none)   M=RvCsData ACBP=A9
 0001:00001994 0000000E C=CODE     S=.text    G=(none)   M=RvDLCommon ACBP=A9
 0001:000019A4 0000000E C=CODE     S=.text    G=(none)   M=RvDLBase ACBP=A9
 0001:000019B4 0000000E C=CODE     S=.text    G=(none)   M=RvDataLink ACBP=A9
 0001:000019C4 0000000E C=CODE     S=.text    G=(none)   M=RvDatabase ACBP=A9
 0001:000019D4 0000000E C=CODE     S=.text    G=(none)   M=RvDriverDataView ACBP=A9
 0001:000019E4 0000000E C=CODE     S=.text    G=(none)   M=RvLEDefine ACBP=A9
 0001:000019F4 0000000E C=CODE     S=.text    G=(none)   M=RvLEType ACBP=A9
 0001:00001A04 0000000E C=CODE     S=.text    G=(none)   M=RvLERun  ACBP=A9
 0001:00001A14 0000000E C=CODE     S=.text    G=(none)   M=RvLEUtil ACBP=A9
 0001:00001A24 0000000E C=CODE     S=.text    G=(none)   M=RvLEID   ACBP=A9
 0001:00001A34 0000000E C=CODE     S=.text    G=(none)   M=RvLEModule ACBP=A9
 0001:00001A44 0000000E C=CODE     S=.text    G=(none)   M=RpBars   ACBP=A9
 0001:00001A54 0000000E C=CODE     S=.text    G=(none)   M=RvCsBars ACBP=A9
 0001:00001A64 0000000E C=CODE     S=.text    G=(none)   M=RvLESystem ACBP=A9
 0001:00001A74 0000001E C=CODE     S=.text    G=(none)   M=RpRave   ACBP=A9
 0001:00001A94 0000000E C=CODE     S=.text    G=(none)   M=UCadMedico ACBP=A9
 0001:00001AA4 0000000E C=CODE     S=.text    G=(none)   M=uCadInvestigador ACBP=A9
 0001:00001AB4 0000000E C=CODE     S=.text    G=(none)   M=frxXML   ACBP=A9
 0001:00001AC4 0000000E C=CODE     S=.text    G=(none)   M=frxUnicodeUtils ACBP=A9
 0001:00001AD4 0000000E C=CODE     S=.text    G=(none)   M=fs_xml   ACBP=A9
 0001:00001AE4 0000000E C=CODE     S=.text    G=(none)   M=fs_iparser ACBP=A9
 0001:00001AF4 0000000E C=CODE     S=.text    G=(none)   M=fs_iconst ACBP=A9
 0001:00001B04 0000000E C=CODE     S=.text    G=(none)   M=fs_itools ACBP=A9
 0001:00001B14 0000000E C=CODE     S=.text    G=(none)   M=fs_isysrtti ACBP=A9
 0001:00001B24 0000000E C=CODE     S=.text    G=(none)   M=fs_iexpression ACBP=A9
 0001:00001B34 0000000E C=CODE     S=.text    G=(none)   M=fs_idisp ACBP=A9
 0001:00001B44 0000000E C=CODE     S=.text    G=(none)   M=fs_iilparser ACBP=A9
 0001:00001B54 0000000E C=CODE     S=.text    G=(none)   M=fs_iinterpreter ACBP=A9
 0001:00001B64 0000000E C=CODE     S=.text    G=(none)   M=frxAggregate ACBP=A9
 0001:00001B74 0000000E C=CODE     S=.text    G=(none)   M=frxDsgnIntf ACBP=A9
 0001:00001B84 0000000E C=CODE     S=.text    G=(none)   M=frxDMPClass ACBP=A9
 0001:00001B94 0000000E C=CODE     S=.text    G=(none)   M=frxPictureCache ACBP=A9
 0001:00001BA4 0000000E C=CODE     S=.text    G=(none)   M=frxPrinter ACBP=A9
 0001:00001BB4 0000000E C=CODE     S=.text    G=(none)   M=frxCtrls ACBP=A9
 0001:00001BC4 0000000E C=CODE     S=.text    G=(none)   M=frxDock  ACBP=A9
 0001:00001BD4 0000000E C=CODE     S=.text    G=(none)   M=frxSearchDialog ACBP=A9
 0001:00001BE4 0000000E C=CODE     S=.text    G=(none)   M=frxPreviewPageSettings ACBP=A9
 0001:00001BF4 0000000E C=CODE     S=.text    G=(none)   M=frxPreview ACBP=A9
 0001:00001C04 0000000E C=CODE     S=.text    G=(none)   M=frxPrintDialog ACBP=A9
 0001:00001C14 0000000E C=CODE     S=.text    G=(none)   M=frxPreviewPages ACBP=A9
 0001:00001C24 0000000E C=CODE     S=.text    G=(none)   M=frxEngine ACBP=A9
 0001:00001C34 0000000E C=CODE     S=.text    G=(none)   M=frxPassw ACBP=A9
 0001:00001C44 0000000E C=CODE     S=.text    G=(none)   M=frxGraphicUtils ACBP=A9
 0001:00001C54 0000000E C=CODE     S=.text    G=(none)   M=frxDialogForm ACBP=A9
 0001:00001C64 0000000E C=CODE     S=.text    G=(none)   M=frxrcClass ACBP=A9
 0001:00001C74 0000000E C=CODE     S=.text    G=(none)   M=fs_ievents ACBP=A9
 0001:00001C84 0000000E C=CODE     S=.text    G=(none)   M=fs_iclassesrtti ACBP=A9
 0001:00001C94 0000000E C=CODE     S=.text    G=(none)   M=fs_igraphicsrtti ACBP=A9
 0001:00001CA4 0000000E C=CODE     S=.text    G=(none)   M=fs_iformsrtti ACBP=A9
 0001:00001CB4 0000000E C=CODE     S=.text    G=(none)   M=frxZLib  ACBP=A9
 0001:00001CC4 0000000E C=CODE     S=.text    G=(none)   M=frxpnglang ACBP=A9
 0001:00001CD4 0000000E C=CODE     S=.text    G=(none)   M=frxpngimage ACBP=A9
 0001:00001CE4 0000000E C=CODE     S=.text    G=(none)   M=frxClassRTTI ACBP=A9
 0001:00001CF4 0000000E C=CODE     S=.text    G=(none)   M=frxInheritError ACBP=A9
 0001:00001D04 0000000E C=CODE     S=.text    G=(none)   M=fs_ipascal ACBP=A9
 0001:00001D14 0000000E C=CODE     S=.text    G=(none)   M=fs_icpp  ACBP=A9
 0001:00001D24 0000000E C=CODE     S=.text    G=(none)   M=fs_ibasic ACBP=A9
 0001:00001D34 0000000E C=CODE     S=.text    G=(none)   M=fs_ijs   ACBP=A9
 0001:00001D44 0000000E C=CODE     S=.text    G=(none)   M=fs_idialogsrtti ACBP=A9
 0001:00001D54 0000000E C=CODE     S=.text    G=(none)   M=fs_iinirtti ACBP=A9
 0001:00001D64 0000000E C=CODE     S=.text    G=(none)   M=frxUtils ACBP=A9
 0001:00001D74 0000000E C=CODE     S=.text    G=(none)   M=frxChm   ACBP=A9
 0001:00001D84 0000000E C=CODE     S=.text    G=(none)   M=frxGZip  ACBP=A9
 0001:00001D94 0000000E C=CODE     S=.text    G=(none)   M=frxRes   ACBP=A9
 0001:00001DA4 0000000E C=CODE     S=.text    G=(none)   M=frxProgress ACBP=A9
 0001:00001DB4 0000000E C=CODE     S=.text    G=(none)   M=frxXMLSerializer ACBP=A9
 0001:00001DC4 0000000E C=CODE     S=.text    G=(none)   M=frxVariables ACBP=A9
 0001:00001DD4 0000002E C=CODE     S=.text    G=(none)   M=frxClass ACBP=A9
 0001:00001E04 0000000E C=CODE     S=.text    G=(none)   M=frxDBSet ACBP=A9
 0001:00001E14 0000000E C=CODE     S=.text    G=(none)   M=UfrmRelPad ACBP=A9
 0001:00001E24 0000000E C=CODE     S=.text    G=(none)   M=RpRenderPDF ACBP=A9
 0001:00001E34 0000000E C=CODE     S=.text    G=(none)   M=RpRenderHTML ACBP=A9
 0001:00001E44 0000000E C=CODE     S=.text    G=(none)   M=RpRenderRTF ACBP=A9
 0001:00001E54 00000026 C=CODE     S=.text    G=(none)   M=uFrameDashBoard ACBP=A9
 0001:00001E7C 0000000E C=CODE     S=.text    G=(none)   M=IB_Constants ACBP=A9
 0001:00001E8C 0000000E C=CODE     S=.text    G=(none)   M=IB_Header ACBP=A9
 0001:00001E9C 0000000E C=CODE     S=.text    G=(none)   M=Unixpass ACBP=A9
 0001:00001EAC 0000000E C=CODE     S=.text    G=(none)   M=IB_MaskInterface ACBP=A9
 0001:00001EBC 0000000E C=CODE     S=.text    G=(none)   M=IB_Schema ACBP=A9
 0001:00001ECC 0000000E C=CODE     S=.text    G=(none)   M=IB_ParseEx ACBP=A9
 0001:00001EDC 0000000E C=CODE     S=.text    G=(none)   M=uRounding ACBP=A9
 0001:00001EEC 0000000E C=CODE     S=.text    G=(none)   M=IB_Session ACBP=A9
 0001:00001EFC 0000000E C=CODE     S=.text    G=(none)   M=IB_NodeList ACBP=A9
 0001:00001F0C 0000000E C=CODE     S=.text    G=(none)   M=IB_Components ACBP=A9
 0001:00001F1C 0000000E C=CODE     S=.text    G=(none)   M=IB_Utils ACBP=A9
 0001:00001F2C 0000000E C=CODE     S=.text    G=(none)   M=IB_StringList ACBP=A9
 0001:00001F3C 0000001E C=CODE     S=.text    G=(none)   M=IB_Parse ACBP=A9
 0001:00001F5C 0000000E C=CODE     S=.text    G=(none)   M=TeCanvas ACBP=A9
 0001:00001F6C 0000000E C=CODE     S=.text    G=(none)   M=TeeConst ACBP=A9
 0001:00001F7C 00000016 C=CODE     S=.text    G=(none)   M=TeeProcs ACBP=A9
 0001:00001F94 0000000E C=CODE     S=.text    G=(none)   M=TeEngine ACBP=A9
 0001:00001FA4 0000000E C=CODE     S=.text    G=(none)   M=TeeFunci ACBP=A9
 0001:00001FB4 0000000E C=CODE     S=.text    G=(none)   M=Chart    ACBP=A9
 0001:00001FC4 0000000E C=CODE     S=.text    G=(none)   M=Series   ACBP=A9
 0001:00001FD4 0000000E C=CODE     S=.text    G=(none)   M=ValEdit  ACBP=A9
 0001:00001FE4 0000000E C=CODE     S=.text    G=(none)   M=DbChart  ACBP=A9
 0001:00001FF4 00002550 C=CODE     S=.text    G=(none)   M=ufrmRelGeralAgenda ACBP=A9
 0001:00004544 0000000E C=CODE     S=.text    G=(none)   M=DBLocal  ACBP=A9
 0001:00004554 0000000E C=CODE     S=.text    G=(none)   M=DBLocalI ACBP=A9
 0001:00004564 0000345C C=CODE     S=.text    G=(none)   M=ufrmRelGeralCaracterizacao ACBP=A9
 0001:000079C0 000034A0 C=CODE     S=.text    G=(none)   M=ufrmRelGeralNotificacao ACBP=A9
 0001:0000AE60 0000000E C=CODE     S=.text    G=(none)   M=uSQLPrograma ACBP=A9
 0001:0000AE70 00013628 C=CODE     S=.text    G=(none)   M=ufrmRelGeralPrograma ACBP=A9
 0001:0001E498 00000A14 C=CODE     S=.text    G=(none)   M=ufrmRelListagemGeralExames ACBP=A9
 0001:0001EEAC 0000000E C=CODE     S=.text    G=(none)   M=UConPad  ACBP=A9
 0001:0001EEBC 0000000E C=CODE     S=.text    G=(none)   M=RxGIF    ACBP=A9
 0001:0001EECC 0000000E C=CODE     S=.text    G=(none)   M=RxGraph  ACBP=A9
 0001:0001EEDC 0000000E C=CODE     S=.text    G=(none)   M=RxGConst ACBP=A9
 0001:0001EEEC 0000000E C=CODE     S=.text    G=(none)   M=AniFile  ACBP=A9
 0001:0001EEFC 0000000E C=CODE     S=.text    G=(none)   M=IcoList  ACBP=A9
 0001:0001EF0C 00000EC4 C=CODE     S=.text    G=(none)   M=UfrmFiltroEsquemaTotal ACBP=A9
 0001:0001FDD0 00000358 C=CODE     S=.text    G=(none)   M=UfrmConEsquemaTotal ACBP=A9
 0001:00020128 00000EDC C=CODE     S=.text    G=(none)   M=UfrmFiltroEsquemaProcessoTotal ACBP=A9
 0001:00021004 000003A4 C=CODE     S=.text    G=(none)   M=UfrmConEsquemaProcessoTotal ACBP=A9
 0001:000213A8 0000000E C=CODE     S=.text    G=(none)   M=UfrmConfPad ACBP=A9
 0001:000213B8 00000ECC C=CODE     S=.text    G=(none)   M=UfrmConfRelatorio ACBP=A9
 0001:00022284 000017BC C=CODE     S=.text    G=(none)   M=ufrmRelSerieCronologica ACBP=A9
 0001:00023A40 0000000E C=CODE     S=.text    G=(none)   M=frxRC4   ACBP=A9
 0001:00023A50 0000000E C=CODE     S=.text    G=(none)   M=frxFileUtils ACBP=A9
 0001:00023A60 0000000E C=CODE     S=.text    G=(none)   M=frxrcExports ACBP=A9
 0001:00023A70 0000000E C=CODE     S=.text    G=(none)   M=frxmd5   ACBP=A9
 0001:00023A80 0000000E C=CODE     S=.text    G=(none)   M=frxChBoxRTTI ACBP=A9
 0001:00023A90 0000000E C=CODE     S=.text    G=(none)   M=frxChBox ACBP=A9
 0001:00023AA0 0000000E C=CODE     S=.text    G=(none)   M=frxCrypto ACBP=A9
 0001:00023AB0 0000000E C=CODE     S=.text    G=(none)   M=frxExportPDF ACBP=A9
 0001:00023AC0 0000000E C=CODE     S=.text    G=(none)   M=frxExportMatrix ACBP=A9
 0001:00023AD0 0000000E C=CODE     S=.text    G=(none)   M=frxExportXLS ACBP=A9
 0001:00023AE0 00001820 C=CODE     S=.text    G=(none)   M=UfrmRelUnidades ACBP=A9
 0001:00025300 0000000E C=CODE     S=.text    G=(none)   M=Animate  ACBP=A9
 0001:00025310 0000000E C=CODE     S=.text    G=(none)   M=GIFCtrl  ACBP=A9
 0001:00025320 000001E8 C=CODE     S=.text    G=(none)   M=uSplash  ACBP=A9
 0001:00025508 00003CCC C=CODE     S=.text    G=(none)   M=UfrmRR   ACBP=A9
 0001:000291D4 00002B08 C=CODE     S=.text    G=(none)   M=UfrmPainelAR ACBP=A9
 0001:0002BCDC 0000000E C=CODE     S=.text    G=(none)   M=pngimage ACBP=A9
 0001:0002BCEC 0000000E C=CODE     S=.text    G=(none)   M=pnglang  ACBP=A9
 0001:0002BCFC 0000000E C=CODE     S=.text    G=(none)   M=zlibpas  ACBP=A9
 0001:0002BD0C 00006E84 C=CODE     S=.text    G=(none)   M=UfrmAuditoriaRelatorios ACBP=A9
 0001:00032B90 00001828 C=CODE     S=.text    G=(none)   M=UfrmRelUnidadesImp ACBP=A9
 0001:000343B8 000001FC C=CODE     S=.text    G=(none)   M=UfrmRelMapa ACBP=A9
 0001:000345B4 0000001E C=CODE     S=.text    G=(none)   M=CheckLst ACBP=A9
 0001:000345D4 0000000E C=CODE     S=.text    G=(none)   M=uCadNotificacao ACBP=A9
 0001:000345E4 0000000E C=CODE     S=.text    G=(none)   M=uFrameIntervencaoCirurgica ACBP=A9
 0001:000345F4 0000000E C=CODE     S=.text    G=(none)   M=uFrameCircuncisao ACBP=A9
 0001:00034604 0000000E C=CODE     S=.text    G=(none)   M=uFrameDentario ACBP=A9
 0001:00034614 0000000E C=CODE     S=.text    G=(none)   M=uFramePaciente ACBP=A9
 0001:00034624 0000000E C=CODE     S=.text    G=(none)   M=uFrameTatuagem ACBP=A9
 0001:00034634 0000000E C=CODE     S=.text    G=(none)   M=uFramePerfuracao ACBP=A9
 0001:00034644 0000000E C=CODE     S=.text    G=(none)   M=uFrameTransfusao ACBP=A9
 0001:00034654 0000000E C=CODE     S=.text    G=(none)   M=UProcessoExistente ACBP=A9
 0001:00034664 0000000E C=CODE     S=.text    G=(none)   M=uFrmLocNotificacao ACBP=A9
 0001:00034674 0000000E C=CODE     S=.text    G=(none)   M=UPacienteExistente ACBP=A9
 0001:00034684 0000000E C=CODE     S=.text    G=(none)   M=ufrmDlgStatus ACBP=A9
 0001:00034694 00002388 C=CODE     S=.text    G=(none)   M=UfrmRelNotificacao ACBP=A9
 0001:00036A1C 0000000E C=CODE     S=.text    G=(none)   M=UfrmRelPadFast ACBP=A9
 0001:00036A2C 0000000E C=CODE     S=.text    G=(none)   M=GIF      ACBP=A9
 0001:00036A3C 0000000E C=CODE     S=.text    G=(none)   M=frxExportImage ACBP=A9
 0001:00036A4C 0000000E C=CODE     S=.text    G=(none)   M=frxImageConverter ACBP=A9
 0001:00036A5C 0000000E C=CODE     S=.text    G=(none)   M=frxExportHTML ACBP=A9
 0001:00036A6C 0000000E C=CODE     S=.text    G=(none)   M=frxGML   ACBP=A9
 0001:00036A7C 0000000E C=CODE     S=.text    G=(none)   M=frxExportRTF ACBP=A9
 0001:00036A8C 0000082C C=CODE     S=.text    G=(none)   M=UfrmRelMapaMedicoPeriodo ACBP=A9
 0001:000372B8 0000067C C=CODE     S=.text    G=(none)   M=UfrmRelExtratoPaciente ACBP=A9
 0001:00037934 00000CAC C=CODE     S=.text    G=(none)   M=UframeControleGestante ACBP=A9
 0001:000385E0 00000B1C C=CODE     S=.text    G=(none)   M=UfrmRelGestante ACBP=A9
 0001:000390FC 000008AC C=CODE     S=.text    G=(none)   M=UfrmRelCriancaExpDPIAlto ACBP=A9
 0001:000399A8 00001018 C=CODE     S=.text    G=(none)   M=UfrmRelCriancaExpFechamento ACBP=A9
 0001:0003A9C0 00000954 C=CODE     S=.text    G=(none)   M=UfrmControleGestantes ACBP=A9
 0001:0003B314 000009D4 C=CODE     S=.text    G=(none)   M=UfrmRelProdFarmacia ACBP=A9
 0001:0003BCE8 00000884 C=CODE     S=.text    G=(none)   M=UfrmRelProdAgendas ACBP=A9
 0001:0003C56C 00000CA8 C=CODE     S=.text    G=(none)   M=UfrmRelProdLaboratorio ACBP=A9
 0001:0003D214 00001850 C=CODE     S=.text    G=(none)   M=UfrmRelQuantitativo ACBP=A9
 0001:0003EA64 00003A64 C=CODE     S=.text    G=(none)   M=UfrmRelFixos ACBP=A9
 0001:000424C8 00000BD5 C=CODE     S=.text    G=(none)   M=SISRelatorios ACBP=A9
 0002:00000000 0000002C C=DATA     S=.data    G=DGROUP   M=SysInit  ACBP=A9
 0002:00001000 00000010 C=BSS      S=.bss     G=DGROUP   M=SysInit  ACBP=A9
 0002:00001010 00000004 C=BSS      S=.bss     G=DGROUP   M=Windows  ACBP=A9
 0002:00001014 00000004 C=BSS      S=.bss     G=DGROUP   M=Messages ACBP=A9
 0002:00001018 00000004 C=BSS      S=.bss     G=DGROUP   M=CommCtrl ACBP=A9
 0002:0000101C 00000004 C=BSS      S=.bss     G=DGROUP   M=Imm      ACBP=A9
 0002:00001020 00000004 C=BSS      S=.bss     G=DGROUP   M=UrlMon   ACBP=A9
 0002:00001024 00000004 C=BSS      S=.bss     G=DGROUP   M=WinInet  ACBP=A9
 0002:00001028 00000004 C=BSS      S=.bss     G=DGROUP   M=RegStr   ACBP=A9
 0002:0000102C 00000004 C=BSS      S=.bss     G=DGROUP   M=ShellAPI ACBP=A9
 0002:00001030 00000004 C=BSS      S=.bss     G=DGROUP   M=ShlObj   ACBP=A9
 0002:00001034 00000004 C=BSS      S=.bss     G=DGROUP   M=WinSpool ACBP=A9
 0002:00001038 00000004 C=BSS      S=.bss     G=DGROUP   M=CommDlg  ACBP=A9
 0002:0000103C 00000004 C=BSS      S=.bss     G=DGROUP   M=Dlgs     ACBP=A9
 0002:00001040 00000004 C=BSS      S=.bss     G=DGROUP   M=RichEdit ACBP=A9
 0002:00001044 00000018 C=BSS      S=.bss     G=DGROUP   M=ufrmRelGeralAgenda ACBP=A9
 0002:0000105C 00000018 C=BSS      S=.bss     G=DGROUP   M=ufrmRelGeralCaracterizacao ACBP=A9
 0002:00001074 00000018 C=BSS      S=.bss     G=DGROUP   M=ufrmRelGeralNotificacao ACBP=A9
 0002:0000108C 00000028 C=BSS      S=.bss     G=DGROUP   M=ufrmRelGeralPrograma ACBP=A9
 0002:000010B4 0000000C C=BSS      S=.bss     G=DGROUP   M=ufrmRelListagemGeralExames ACBP=A9
 0002:000010C0 00000008 C=BSS      S=.bss     G=DGROUP   M=UfrmFiltroEsquemaTotal ACBP=A9
 0002:000010C8 0000000C C=BSS      S=.bss     G=DGROUP   M=UfrmConEsquemaTotal ACBP=A9
 0002:000010D4 00000008 C=BSS      S=.bss     G=DGROUP   M=UfrmFiltroEsquemaProcessoTotal ACBP=A9
 0002:000010DC 0000000C C=BSS      S=.bss     G=DGROUP   M=UfrmConEsquemaProcessoTotal ACBP=A9
 0002:000010E8 00000008 C=BSS      S=.bss     G=DGROUP   M=UfrmConfRelatorio ACBP=A9
 0002:000010F0 00000098 C=BSS      S=.bss     G=DGROUP   M=ufrmRelSerieCronologica ACBP=A9
 0002:00001188 0000000C C=BSS      S=.bss     G=DGROUP   M=UfrmRelUnidades ACBP=A9
 0002:00001194 00000008 C=BSS      S=.bss     G=DGROUP   M=uSplash  ACBP=A9
 0002:0000119C 00000028 C=BSS      S=.bss     G=DGROUP   M=UfrmRR   ACBP=A9
 0002:000011C4 0000000C C=BSS      S=.bss     G=DGROUP   M=UfrmPainelAR ACBP=A9
 0002:000011D0 00000048 C=BSS      S=.bss     G=DGROUP   M=UfrmAuditoriaRelatorios ACBP=A9
 0002:00001218 0000000C C=BSS      S=.bss     G=DGROUP   M=UfrmRelUnidadesImp ACBP=A9
 0002:00001224 00000008 C=BSS      S=.bss     G=DGROUP   M=UfrmRelMapa ACBP=A9
 0002:0000122C 0000001C C=BSS      S=.bss     G=DGROUP   M=UfrmRelNotificacao ACBP=A9
 0002:00001248 0000000C C=BSS      S=.bss     G=DGROUP   M=UfrmRelMapaMedicoPeriodo ACBP=A9
 0002:00001254 00000008 C=BSS      S=.bss     G=DGROUP   M=UfrmRelExtratoPaciente ACBP=A9
 0002:0000125C 00000004 C=BSS      S=.bss     G=DGROUP   M=UframeControleGestante ACBP=A9
 0002:00001260 0000001C C=BSS      S=.bss     G=DGROUP   M=UfrmRelGestante ACBP=A9
 0002:0000127C 00000008 C=BSS      S=.bss     G=DGROUP   M=UfrmRelCriancaExpDPIAlto ACBP=A9
 0002:00001284 0000000C C=BSS      S=.bss     G=DGROUP   M=UfrmRelCriancaExpFechamento ACBP=A9
 0002:00001290 00000008 C=BSS      S=.bss     G=DGROUP   M=UfrmControleGestantes ACBP=A9
 0002:00001298 00000008 C=BSS      S=.bss     G=DGROUP   M=UfrmRelProdFarmacia ACBP=A9
 0002:000012A0 00000008 C=BSS      S=.bss     G=DGROUP   M=UfrmRelProdAgendas ACBP=A9
 0002:000012A8 00000008 C=BSS      S=.bss     G=DGROUP   M=UfrmRelProdLaboratorio ACBP=A9
 0002:000012B0 00000008 C=BSS      S=.bss     G=DGROUP   M=UfrmRelQuantitativo ACBP=A9
 0002:000012B8 00000008 C=BSS      S=.bss     G=DGROUP   M=UfrmRelFixos ACBP=A9


  Address         Publics by Name

 0002:00001030       .1
 0002:00001008       .1
 0002:00001038       .1
 0002:0000102C       .1
 0002:00001020       .1
 0002:00001024       .1
 0002:00001018       .1
 0002:0000101C       .1
 0002:00001028       .1
 0002:00001040       .1
 0002:00001014       .1
 0002:0000103C       .1
 0002:0000129C       .2
 0002:0000125C       .2
 0002:000011C0       .2
 0002:000010BC       .2
 0002:00001070       .2
 0002:00001088       .2
 0002:000012B4       .2
 0002:000012BC       .2
 0002:00001278       .2
 0002:000010EC       .2
 0002:000010E4       .2
 0002:000012AC       .2
 0002:000010B0       .2
 0002:0000128C       .2
 0002:00001058       .2
 0002:00001294       .2
 0002:00001190       .2
 0002:000010D8       .2
 0002:00001258       .2
 0002:00001214       .2
 0002:000010D0       .2
 0002:00001250       .2
 0002:00001220       .2
 0002:000011CC       .2
 0002:00001244       .2
 0002:000010C4       .2
 0002:00001198       .2
 0002:00001228       .2
 0002:000012A4       .2
 0002:00001280       .2
 0002:00001034       .3
 0002:00001010       .3
 0002:00001184       .6
 0001:00043078       @GetPackageInfoTable
 0001:00000300       @InitPkg
 0001:00000364       @PackageLoad
 0001:00043080       @PackageLoad
 0001:00000370       @PackageUnload
 0001:0004308C       @PackageUnload
 0001:00000200       AllocTlsBuffer
 0002:000011F4       bATV
 0002:000011FA       bCOINFECCAO
 0002:00001234       bExportando
 0002:00001268       bExportando
 0002:000011FB       bPROGRAMA
 0002:000011F9       bPTV
 0002:000011F5       bTARV
 0002:000011F6       bTARVACOMP
 0002:000011F7       bTARVCD4
 0002:000011F8       bTARVESQUEMA
 0001:0000066C       CommCtrl
 0001:0000088C       CommDlg
 0002:00001098       dir
 0002:00001068       dir
 0002:00001050       dir
 0002:00001080       dir
 0001:000008C4       Dlgs
 0001:000363CC       Excluir
 0001:0002A8DC       ExcluirRegistros
 0001:0000BA78       Existe
 0001:000002AC       ExitProcessTLS
 0001:00000284       ExitThreadTLS
 0001:0000BB2C       Extenso
 0001:0003457C       Finalization
 0001:00007968       Finalization
 0001:00034374       Finalization
 0001:000369BC       Finalization
 0001:00032AE8       Finalization
 0001:00037274       Finalization
 0001:000385A8       Finalization
 0001:000044EC       Finalization
 0001:0003909C       Finalization
 0001:0000AE08       Finalization
 0001:00039970       Finalization
 0001:0003A97C       Finalization
 0001:0003B2DC       Finalization
 0001:0003BCB0       Finalization
 0001:0002BC98       Finalization
 0001:00000974       Finalization
 0001:00000894       Finalization
 0001:0000085C       Finalization
 0001:00000814       Finalization
 0001:000007CC       Finalization
 0001:0002914C       Finalization
 0001:00000794       Finalization
 0001:0000075C       Finalization
 0001:0003C534       Finalization
 0001:00000724       Finalization
 0001:000254D0       Finalization
 0001:000006EC       Finalization
 0001:00000694       Finalization
 0001:0000063C       Finalization
 0001:000252BC       Finalization
 0001:00000414       Finalization
 0001:000003DC       Finalization
 0001:000239F8       Finalization
 0001:0001E440       Finalization
 0001:0003D1DC       Finalization
 0001:0000037C       Finalization
 0001:0001EE68       Finalization
 0001:0002224C       Finalization
 0001:0003EA2C       Finalization
 0001:0001FD98       Finalization
 0001:00042490       Finalization
 0001:00021364       Finalization
 0001:00020FCC       Finalization
 0001:000200E4       Finalization
 0001:000378FC       Finalization
 0001:000001C8       FreeLibrary
 0002:000011D0       frmAuditoriaRelatorios
 0002:000010DC       frmConEsquemaProcessoTotal
 0002:000010C8       frmConEsquemaTotal
 0002:000010E8       frmConfRelatorio
 0002:00001290       frmControleGestantes
 0002:000010D4       frmFiltroEsquemaProcessoTotal
 0002:000010C0       frmFiltroEsquemaTotal
 0002:000011C4       frmPainelAR
 0002:0000127C       frmRelCriancaExpDPIAlto
 0002:00001284       frmRelCriancaExpFechamento
 0002:00001254       frmRelExtratoPaciente
 0002:000012B8       frmRelFixos
 0002:00001044       frmRelGeralAgenda
 0002:0000105C       frmRelGeralCaracterizacao
 0002:00001074       frmRelGeralNotificacao
 0002:0000108C       frmRelGeralPrograma
 0002:00001260       frmRelGestante
 0002:000010B4       frmRelListagemGeralExames
 0002:00001224       frmRelMapa
 0002:00001248       frmRelMapaMedicoPeriodo
 0002:0000122C       frmRelNotificacao
 0002:000012A0       frmRelProdAgendas
 0002:00001298       frmRelProdFarmacia
 0002:000012A8       frmRelProdLaboratorio
 0002:000012B0       frmRelQuantitativo
 0002:000010F0       frmRelSerieCronologica
 0002:00001188       frmRelUnidades
 0002:00001218       frmRelUnidadesImp
 0002:0000119C       frmRR
 0002:00001194       frmSplash
 0002:0000124C       fsSQL
 0002:000010A8       gdtAte
 0002:000010A0       gdtDe
 0001:000003C4       GetScrollInfo
 0001:0000020C       GetTlsSize
 0002:00001004       HInstance
 0001:000006C4       Imm
 0001:000122D8       IncluirRelatorio
 0001:000002D0       InitializeModule
 0001:00000258       InitProcessTLS
 0001:00000214       InitThreadTLS
 0001:000001D0       LocalAlloc
 0001:000001D8       LocalFree
 0002:000010F8       lsAno
 0002:000010F4       lsIndicador
 0002:000010FC       lsProvincia
 0001:0000C1F8       MesesEntre
 0001:00000444       Messages
 0002:00000004       Module
 0002:00001000       ModuleIsLib
 0002:00001001       ModuleIsPackage
 0002:00001270       MSQL
 0002:0000123C       MSQL
 0002:0000120C       MSQL
 0002:00001204       Municipio
 0001:0000EC98       Ordenar
 0001:0000C070       Ordenar
 0002:00001104       Posicao
 0002:00001200       Provincia
 0002:00001208       PSQL
 0002:00001238       PSQL
 0002:000011C8       PSQL
 0002:0000126C       PSQL
 0001:0000078C       RegStr
 0001:0000C228       Relatorio
 0001:0000EE6C       Relatorio2
 0001:00010C5C       Relatorio3
 0001:000009A4       RichEdit
 0001:0000BF18       Round
 0002:000011A8       sACOMPSQL
 0002:00001064       sArqLog
 0002:00001094       sArqLog
 0002:0000104C       sArqLog
 0002:0000107C       sArqLog
 0002:00001060       sArqWEB
 0002:00001078       sArqWEB
 0002:00001090       sArqWEB
 0002:00001048       sArqWEB
 0002:000011A0       sATVSQL
 0002:000011B4       sCD4SQL
 0002:000011B8       sCOINFSQL
 0002:000011B0       sESQUEMASQL
 0001:000003CC       SetScrollInfo
 0001:000003D4       SetScrollPos
 0001:000007C4       ShellAPI
 0001:000007FC       ShlObj
 0001:00043098       SISRelatorios
 0002:00001084       sLog
 0002:00001054       sLog
 0002:0000106C       sLog
 0002:0000109C       sLog
 0002:000011BC       sPROGRAMASQL
 0002:000011A4       sPTVSQL
 0002:00001288       sSQL
 0002:00001230       sSQL
 0002:00001264       sSQL
 0002:000010CC       sSQL1
 0002:000010E0       sSQL1
 0002:000011AC       sTARVSQL
 0002:0000118C       strSQL
 0002:0000121C       strSQL
 0002:000010B8       strSQL
 0002:000011D4       strSQLATV
 0002:000011EC       strSQLCOINFECCAO
 0002:000011F0       strSQLPROGRAMA
 0002:000011E8       strSQLPTV
 0002:000011D8       strSQLTARV
 0002:000011DC       strSQLTARVACOMP
 0002:000011E0       strSQLTARVCD4
 0002:000011E4       strSQLTARVESQUEMA
 0001:000003AC       SysInit
 0002:00001100       Tabela
 0001:00038278       TframeControleGestante.atualizaFlGestante
 0001:00037DCC       TframeControleGestante.btExcluirClick
 0001:00037DA4       TframeControleGestante.btInserirClick
 0001:0003804C       TframeControleGestante.CalculoDataFim
 0001:00038034       TframeControleGestante.CalculoMeses
 0001:00038178       TframeControleGestante.Cancelar
 0001:00038564       TframeControleGestante.Create
 0001:000381C0       TframeControleGestante.Editar
 0001:00038230       TframeControleGestante.Gravar
 0001:00038538       TframeControleGestante.qyGestanteAfterDelete
 0001:00037DFC       TframeControleGestante.qyGestanteAfterInsert
 0001:0003847C       TframeControleGestante.qyGestanteAfterPost
 0001:00038540       TframeControleGestante.qyGestanteCalcFields
 0001:00037F10       TframeControleGestante.qyGestanteDT_FIM_GESTACAOValidate
 0001:0003806C       TframeControleGestante.qyGestanteNR_MESESValidate
 0001:00038484       TframeControleGestante.verificaSeGestante
 0001:0002E9CC       TfrmAuditoriaRelatorios.AbreConsultas
 0001:000319D8       TfrmAuditoriaRelatorios.dxDBGrid1CustomDrawCell
 0001:00031B88       TfrmAuditoriaRelatorios.dxDBGrid2CustomDrawCell
 0001:00031D18       TfrmAuditoriaRelatorios.dxDBGrid3CustomDrawCell
 0001:00031EA8       TfrmAuditoriaRelatorios.dxDBGrid4CustomDrawCell
 0001:00031FFC       TfrmAuditoriaRelatorios.dxDBGrid5CustomDrawCell
 0001:0003218C       TfrmAuditoriaRelatorios.dxDBGrid6CustomDrawCell
 0001:000322A8       TfrmAuditoriaRelatorios.dxDBGrid7CustomDrawCell
 0001:00032A58       TfrmAuditoriaRelatorios.dxDBGrid8CustomDrawCell
 0001:0002EB8C       TfrmAuditoriaRelatorios.FormCreate
 0001:0002EE08       TfrmAuditoriaRelatorios.leMunicipioClick
 0001:0002ECE0       TfrmAuditoriaRelatorios.leProvinciaChange
 0001:0002F118       TfrmAuditoriaRelatorios.leUnidadeButtonClick
 0001:0002EF2C       TfrmAuditoriaRelatorios.leUnidadeChange
 0001:0002F294       TfrmAuditoriaRelatorios.qyATVBeforeOpen
 0001:00031914       TfrmAuditoriaRelatorios.qyATVCalcFields
 0001:00031384       TfrmAuditoriaRelatorios.qyCoinfeccaoBeforeOpen
 0001:0003221C       TfrmAuditoriaRelatorios.qyCoinfeccaoCalcFields
 0001:00032338       TfrmAuditoriaRelatorios.qyProgramaBeforeOpen
 0001:000328B8       TfrmAuditoriaRelatorios.qyProgramaCalcFields
 0001:0002F804       TfrmAuditoriaRelatorios.qyPTVBeforeOpen
 0001:00031A68       TfrmAuditoriaRelatorios.qyPTVCalcFields
 0001:000302E4       TfrmAuditoriaRelatorios.qyTARVAcompBeforeOpen
 0001:00031DA8       TfrmAuditoriaRelatorios.qyTARVAcompCalcFields
 0001:0002FD74       TfrmAuditoriaRelatorios.qyTARVBeforeOpen
 0001:00031C18       TfrmAuditoriaRelatorios.qyTARVCalcFields
 0001:00030E04       TfrmAuditoriaRelatorios.qyTARVCD4BeforeOpen
 0001:0003208C       TfrmAuditoriaRelatorios.qyTARVCD4CalcFields
 0001:00030874       TfrmAuditoriaRelatorios.qyTARVEsquemaBeforeOpen
 0001:00031F38       TfrmAuditoriaRelatorios.qyTARVEsquemaCalcFields
 0001:0002EA94       TfrmAuditoriaRelatorios.SpeedButton1Click
 0001:0002F258       TfrmAuditoriaRelatorios.SpeedButton5Click
 0001:000212A0       TfrmConEsquemaProcessoTotal.btPesquisarClick
 0001:00021294       TfrmConEsquemaProcessoTotal.FormClose
 0001:0002130C       TfrmConEsquemaProcessoTotal.FormCreate
 0001:00020020       TfrmConEsquemaTotal.btPesquisarClick
 0001:00020014       TfrmConEsquemaTotal.FormClose
 0001:0002008C       TfrmConEsquemaTotal.FormCreate
 0001:000221A4       TfrmConfRelatorio.btCancelarClick
 0001:0002222C       TfrmConfRelatorio.btClearImagemClick
 0001:000221B8       TfrmConfRelatorio.btConfirmarClick
 0001:000221C8       TfrmConfRelatorio.btImagemClick
 0001:0002198C       TfrmConfRelatorio.edPessoaButtonClick
 0001:00022198       TfrmConfRelatorio.FormClose
 0001:000220E0       TfrmConfRelatorio.FormShow
 0001:00021944       TfrmConfRelatorio.tbConfRelatorioAfterDelete
 0001:00021964       TfrmConfRelatorio.tbConfRelatorioAfterInsert
 0001:00021954       TfrmConfRelatorio.tbConfRelatorioAfterPost
 0001:0003B1CC       TfrmControleGestantes.btCancelarClick
 0001:0003B1E4       TfrmControleGestantes.btEditarClick
 0001:0003B21C       TfrmControleGestantes.btGravarClick
 0001:0003AE8C       TfrmControleGestantes.btPesquisarClick
 0001:0003B240       TfrmControleGestantes.btRelatorioClick
 0001:0003B1C4       TfrmControleGestantes.FormCreate
 0001:0003B234       TfrmControleGestantes.frameControleGestante1btInserirClick
 0001:0003B198       TfrmControleGestantes.inicializaControles
 0001:0003AE60       TfrmControleGestantes.qyProcuraPacienteAfterOpen
 0001:00020414       TfrmFiltroEsquemaProcessoTotal.BitBtn1Click
 0001:00020FB8       TfrmFiltroEsquemaProcessoTotal.SpeedButton3Click
 0001:00020C70       TfrmFiltroEsquemaProcessoTotal.SpeedButton4Click
 0001:0001F1E0       TfrmFiltroEsquemaTotal.BitBtn1Click
 0001:0001FD84       TfrmFiltroEsquemaTotal.SpeedButton3Click
 0001:0001FA3C       TfrmFiltroEsquemaTotal.SpeedButton4Click
 0001:0002BAB0       TfrmPainelAR.FormCreate
 0001:0002BB70       TfrmPainelAR.leProvinciaChange
 0001:0002A0DC       TfrmPainelAR.qyATVBeforeOpen
 0001:0002A6DC       TfrmPainelAR.qyCoinfeccaoBeforeOpen
 0001:0002BA1C       TfrmPainelAR.qyGridBeforeOpen
 0001:0002A7DC       TfrmPainelAR.qyProgramaBeforeOpen
 0001:0002A1DC       TfrmPainelAR.qyPTVBeforeOpen
 0001:0002A3DC       TfrmPainelAR.qyTARVAcompBeforeOpen
 0001:0002A2DC       TfrmPainelAR.qyTARVBeforeOpen
 0001:0002A5DC       TfrmPainelAR.qyTARVCD4BeforeOpen
 0001:0002A4DC       TfrmPainelAR.qyTARVEsquemaBeforeOpen
 0001:0002A9E4       TfrmPainelAR.SpeedButton1Click
 0001:00039600       TfrmRelCriancaExpDPIAlto.btImprimirClick
 0001:000395CC       TfrmRelCriancaExpDPIAlto.FormCreate
 0001:0003994C       TfrmRelCriancaExpDPIAlto.qyRelCriancaExpCalcFields
 0001:00039F78       TfrmRelCriancaExpFechamento.btImprimirClick
 0001:0003A924       TfrmRelCriancaExpFechamento.FormCreate
 0001:00039F80       TfrmRelCriancaExpFechamento.GerarRelatorio
 0001:0003A784       TfrmRelCriancaExpFechamento.qyRelCriancaExpCalcFields
 0001:000377C4       TfrmRelExtratoPaciente.btImprimirClick
 0001:00037508       TfrmRelExtratoPaciente.btLocUtenteButtonClick
 0001:00037888       TfrmRelExtratoPaciente.qyGeralBeforeOpen
 0001:0003F018       TfrmRelFixos.btImprimirClick
 0001:0003EF54       TfrmRelFixos.FormCreate
 0001:0003F804       TfrmRelFixos.frxReport1BeforePrint
 0001:0003F160       TfrmRelFixos.PreparaSQL
 0001:000400B4       TfrmRelFixos.SqlAbandono
 0001:000416B0       TfrmRelFixos.sqlCargaViralMenos1000
 0001:00041DDC       TfrmRelFixos.SqlCargaViralSem
 0001:0003F928       TfrmRelFixos.SqlCasoNovoTraferenciaEntrada
 0001:0004101C       TfrmRelFixos.SqlCD4menoreigual500
 0001:00040D28       TfrmRelFixos.SqlCriancasMenores10
 0001:00041354       TfrmRelFixos.SqlEstadio3e4semTarv
 0001:0003FB3C       TfrmRelFixos.SqlEvolucao
 0001:00040A38       TfrmRelFixos.SqlGestantes
 0001:0004056C       TfrmRelFixos.SqlTARV
 0001:00040694       TfrmRelFixos.SqlTraferenciaSaida
 0001:0003EDF4       TfrmRelFixos.validaFiltro
 0001:0000385C       TfrmRelGeralAgenda.BMPtoJPG
 0001:000023D0       TfrmRelGeralAgenda.btImprimirClick
 0001:00003914       TfrmRelGeralAgenda.btLocUnidadeButtonClick
 0001:00003B58       TfrmRelGeralAgenda.btLocUnidadeChange
 0001:00004320       TfrmRelGeralAgenda.btLocUnidadeExit
 0001:00002688       TfrmRelGeralAgenda.CriaRelatorioWEB
 0001:00003838       TfrmRelGeralAgenda.FormClose
 0001:000036DC       TfrmRelGeralAgenda.FormCreate
 0001:000044DC       TfrmRelGeralAgenda.frameDashBoard1btAddAllClick
 0001:000044D0       TfrmRelGeralAgenda.frameDashBoard1btAddColunaClick
 0001:000044E8       TfrmRelGeralAgenda.frameDashBoard1SpeedButton3Click
 0001:00004104       TfrmRelGeralAgenda.qyGeralAfterOpen
 0001:00003CE8       TfrmRelGeralAgenda.qyGeralBeforeOpen
 0001:000064B4       TfrmRelGeralCaracterizacao.BMPtoJPG
 0001:00004B2C       TfrmRelGeralCaracterizacao.btImprimirClick
 0001:00006A14       TfrmRelGeralCaracterizacao.btLocMunicipioButtonClick
 0001:00006FD8       TfrmRelGeralCaracterizacao.btLocMunicipioChange
 0001:000077A8       TfrmRelGeralCaracterizacao.btLocMunicipioExit
 0001:000067B0       TfrmRelGeralCaracterizacao.btLocProvinciaButtonClick
 0001:00006E20       TfrmRelGeralCaracterizacao.btLocProvinciaChange
 0001:000075E8       TfrmRelGeralCaracterizacao.btLocProvinciaExit
 0001:0000656C       TfrmRelGeralCaracterizacao.btLocUnidadeButtonClick
 0001:00006C90       TfrmRelGeralCaracterizacao.btLocUnidadeChange
 0001:00007438       TfrmRelGeralCaracterizacao.btLocUnidadeExit
 0001:00004CC4       TfrmRelGeralCaracterizacao.CriaRelatorioWEB
 0001:00006490       TfrmRelGeralCaracterizacao.FormClose
 0001:00006334       TfrmRelGeralCaracterizacao.FormCreate
 0001:0000721C       TfrmRelGeralCaracterizacao.qyGeralAfterOpen
 0001:000071F4       TfrmRelGeralCaracterizacao.qyGeralBeforeOpen
 0001:000093B4       TfrmRelGeralNotificacao.BMPtoJPG
 0001:00007EBC       TfrmRelGeralNotificacao.btImprimirClick
 0001:00009914       TfrmRelGeralNotificacao.btLocMunicipioButtonClick
 0001:00009ED8       TfrmRelGeralNotificacao.btLocMunicipioChange
 0001:0000AC2C       TfrmRelGeralNotificacao.btLocMunicipioExit
 0001:000096B0       TfrmRelGeralNotificacao.btLocProvinciaButtonClick
 0001:00009D20       TfrmRelGeralNotificacao.btLocProvinciaChange
 0001:0000AA6C       TfrmRelGeralNotificacao.btLocProvinciaExit
 0001:0000946C       TfrmRelGeralNotificacao.btLocUnidadeButtonClick
 0001:00009B90       TfrmRelGeralNotificacao.btLocUnidadeChange
 0001:0000A8BC       TfrmRelGeralNotificacao.btLocUnidadeExit
 0001:00008174       TfrmRelGeralNotificacao.CriaRelatorioWEB
 0001:00009390       TfrmRelGeralNotificacao.FormClose
 0001:00009234       TfrmRelGeralNotificacao.FormCreate
 0001:0000ADF8       TfrmRelGeralNotificacao.frameDashBoard1btAddAllClick
 0001:0000ADEC       TfrmRelGeralNotificacao.frameDashBoard1btAddColunaClick
 0001:0000AE04       TfrmRelGeralNotificacao.frameDashBoard1SpeedButton3Click
 0001:0000A6A0       TfrmRelGeralNotificacao.qyGeralAfterOpen
 0001:0000A0F4       TfrmRelGeralNotificacao.qyGeralBeforeOpen
 0001:0001C9D8       TfrmRelGeralPrograma.BMPtoJPG
 0001:0000B8AC       TfrmRelGeralPrograma.btImprimirClick
 0001:0001E2E8       TfrmRelGeralPrograma.btImpVersaoClick
 0001:0001E270       TfrmRelGeralPrograma.btIncVersaoClick
 0001:0001CF38       TfrmRelGeralPrograma.btLocMunicipioButtonClick
 0001:0001D4FC       TfrmRelGeralPrograma.btLocMunicipioChange
 0001:0001DA88       TfrmRelGeralPrograma.btLocMunicipioExit
 0001:0001CCD4       TfrmRelGeralPrograma.btLocProvinciaButtonClick
 0001:0001D344       TfrmRelGeralPrograma.btLocProvinciaChange
 0001:0001D8C8       TfrmRelGeralPrograma.btLocProvinciaExit
 0001:0001CA90       TfrmRelGeralPrograma.btLocUnidadeButtonClick
 0001:0001D1B4       TfrmRelGeralPrograma.btLocUnidadeChange
 0001:0001D718       TfrmRelGeralPrograma.btLocUnidadeExit
 0001:0001E3F8       TfrmRelGeralPrograma.btSalvarVersaoClick
 0001:0000B778       TfrmRelGeralPrograma.CarregaComboMesAno
 0001:00012494       TfrmRelGeralPrograma.CriaRelatorioWEB
 0001:0001DC48       TfrmRelGeralPrograma.DefineFiltro
 0001:0001E04C       TfrmRelGeralPrograma.DefineTipo
 0001:0001E41C       TfrmRelGeralPrograma.dsVersaoStateChange
 0001:0001C9B4       TfrmRelGeralPrograma.FormClose
 0001:0001C84C       TfrmRelGeralPrograma.FormCreate
 0001:0000B554       TfrmRelGeralPrograma.verificarPeriodo
 0001:00038F8C       TfrmRelGestante.BitBtn1Click
 0001:00038F54       TfrmRelGestante.btCancelarClick
 0001:00038F1C       TfrmRelGestante.btEditarClick
 0001:00038F6C       TfrmRelGestante.btGravarClick
 0001:00038C14       TfrmRelGestante.btPesquisarClick
 0001:00038DE0       TfrmRelGestante.FormCreate
 0001:00038E90       TfrmRelGestante.FormShow
 0001:00038EF0       TfrmRelGestante.inicializaControles
 0001:00038EC4       TfrmRelGestante.qyGestantesAfterOpen
 0001:00038F84       TfrmRelGestante.qyGestantesBeforeScroll
 0001:00039078       TfrmRelGestante.qyGestantesCalcFields
 0001:0001E998       TfrmRelListagemGeralExames.btImprimirClick
 0001:0001EDC0       TfrmRelListagemGeralExames.FormCreate
 0001:00036FB0       TfrmRelMapaMedicoPeriodo.btImprimirClick
 0001:00036D38       TfrmRelMapaMedicoPeriodo.btLocMedicoButtonClick
 0001:0003721C       TfrmRelMapaMedicoPeriodo.FormCreate
 0001:000370F4       TfrmRelMapaMedicoPeriodo.qyGeralBeforeOpen
 0001:00036110       TfrmRelNotificacao.AbreConsultas
 0001:00036850       TfrmRelNotificacao.Abrir1Click
 0001:00035234       TfrmRelNotificacao.btCamposClick
 0001:000355B0       TfrmRelNotificacao.btCsvClick
 0001:00035900       TfrmRelNotificacao.btExcelClick
 0001:00036208       TfrmRelNotificacao.btLimparClick
 0001:00034E4C       TfrmRelNotificacao.btPesquisarClick
 0001:00035308       TfrmRelNotificacao.ckCamposClick
 0001:00036378       TfrmRelNotificacao.Desmarcar2Click
 0001:000362D0       TfrmRelNotificacao.DesmarcarTodos1Click
 0001:000365BC       TfrmRelNotificacao.Excluir1Click
 0001:000361D8       TfrmRelNotificacao.FechaConsultas
 0001:00036200       TfrmRelNotificacao.FormClose
 0001:00035394       TfrmRelNotificacao.FormCreate
 0001:00036238       TfrmRelNotificacao.FormShow
 0001:00035CC0       TfrmRelNotificacao.leMunicipioChange
 0001:00035B98       TfrmRelNotificacao.leProvinciaChange
 0001:00035FD0       TfrmRelNotificacao.leUnidadeButtonClick
 0001:00035DE4       TfrmRelNotificacao.leUnidadeChange
 0001:00036324       TfrmRelNotificacao.Marcar2Click
 0001:0003627C       TfrmRelNotificacao.MarcarTodos1Click
 0001:000359D8       TfrmRelNotificacao.qyNotificacaoAfterScroll
 0001:00036910       TfrmRelNotificacao.qyNotificacaoCalcFields
 0001:00035AA8       TfrmRelNotificacao.SpeedButton1Click
 0001:00035B20       TfrmRelNotificacao.SpeedButton2Click
 0001:0003C130       TfrmRelProdAgendas.btGerarRelatorioClick
 0001:0003C2F4       TfrmRelProdAgendas.btImprimirClick
 0001:0003C444       TfrmRelProdAgendas.edDataFinalKeyPress
 0001:0003C294       TfrmRelProdAgendas.FormCreate
 0001:0003C45C       TfrmRelProdAgendas.gerarRelatorio
 0001:0003C134       TfrmRelProdAgendas.validaFiltro
 0001:0003B7E0       TfrmRelProdFarmacia.btGerarRelatorioClick
 0001:0003B9A4       TfrmRelProdFarmacia.btImprimirClick
 0001:0003BC98       TfrmRelProdFarmacia.edDataFinalKeyPress
 0001:0003B944       TfrmRelProdFarmacia.FormCreate
 0001:0003BAF8       TfrmRelProdFarmacia.geraRelatorio
 0001:0003B7E4       TfrmRelProdFarmacia.validaFiltro
 0001:0003CCC0       TfrmRelProdLaboratorio.btGerarRelatorioClick
 0001:0003CE84       TfrmRelProdLaboratorio.btImprimirClick
 0001:0003D1C4       TfrmRelProdLaboratorio.edDataFinalKeyPress
 0001:0003CE24       TfrmRelProdLaboratorio.FormCreate
 0001:0003CFD8       TfrmRelProdLaboratorio.gerarRelatorio
 0001:0003CCC4       TfrmRelProdLaboratorio.validaFiltro
 0001:0003E484       TfrmRelQuantitativo.btImprimirClick
 0001:0003E3C0       TfrmRelQuantitativo.FormCreate
 0001:0003E498       TfrmRelQuantitativo.gerarRelatorio
 0001:0003E260       TfrmRelQuantitativo.validaFiltro
 0001:00023460       TfrmRelSerieCronologica.Button1Click
 0001:000238F4       TfrmRelSerieCronologica.Button2Click
 0001:00022858       TfrmRelSerieCronologica.CarregaDados
 0001:000236C8       TfrmRelSerieCronologica.CarregaGrid
 0001:00023468       TfrmRelSerieCronologica.FormCreate
 0001:000225CC       TfrmRelSerieCronologica.Inicializar
 0001:00023498       TfrmRelSerieCronologica.MontaGrid
 0001:000238B4       TfrmRelSerieCronologica.ScrollBar1Scroll
 0001:0002347C       TfrmRelSerieCronologica.sgDadosDrawCell
 0001:000236AC       TfrmRelSerieCronologica.TabControl1Change
 0001:0002415C       TfrmRelUnidades.btImprimirClick
 0001:00024BBC       TfrmRelUnidades.btLocMunicipioButtonClick
 0001:00024E38       TfrmRelUnidades.btLocMunicipioChange
 0001:00025054       TfrmRelUnidades.btLocMunicipioExit
 0001:000245E0       TfrmRelUnidades.btLocProvinciaButtonClick
 0001:00024844       TfrmRelUnidades.btLocProvinciaChange
 0001:000249FC       TfrmRelUnidades.btLocProvinciaExit
 0001:0002526C       TfrmRelUnidades.cbAtivasClick
 0001:00025294       TfrmRelUnidades.cbInativasClick
 0001:00024094       TfrmRelUnidades.cbTodosClick
 0001:00025214       TfrmRelUnidades.FormCreate
 0001:00033214       TfrmRelUnidadesImp.btImprimirClick
 0001:00033C74       TfrmRelUnidadesImp.btLocMunicipioButtonClick
 0001:00033EF0       TfrmRelUnidadesImp.btLocMunicipioChange
 0001:0003410C       TfrmRelUnidadesImp.btLocMunicipioExit
 0001:00033698       TfrmRelUnidadesImp.btLocProvinciaButtonClick
 0001:000338FC       TfrmRelUnidadesImp.btLocProvinciaChange
 0001:00033AB4       TfrmRelUnidadesImp.btLocProvinciaExit
 0001:00034324       TfrmRelUnidadesImp.cbAtivasClick
 0001:0003434C       TfrmRelUnidadesImp.cbInativasClick
 0001:0003314C       TfrmRelUnidadesImp.cbTodosClick
 0001:000342CC       TfrmRelUnidadesImp.FormCreate
 0001:00028724       TfrmRR.btLocProvinciaButtonClick
 0001:00028B70       TfrmRR.btLocProvinciaChange
 0001:00028D0C       TfrmRR.btLocProvinciaExit
 0001:00027578       TfrmRR.btSairClick
 0001:00028B10       TfrmRR.FormClose
 0001:000285B8       TfrmRR.FormCreate
 0001:00027580       TfrmRR.SpeedButton1Click
 0001:0002896C       TfrmRR.SpeedButton2Click
 0001:00028ECC       TfrmRR.SpeedButton3Click
 0001:000001E0       TlsAlloc
 0002:0000100C       tlsBuffer
 0001:000001E8       TlsFree
 0001:000001F0       TlsGetValue
 0002:00000000       TlsIndex
 0002:FFBBB000       TlsLast
 0002:0000001C       TlsProc
 0001:000001F8       TlsSetValue
 0001:000385D8       UframeControleGestante
 0001:00032B88       UfrmAuditoriaRelatorios
 0001:000213A0       UfrmConEsquemaProcessoTotal
 0001:00020120       UfrmConEsquemaTotal
 0001:0002227C       UfrmConfRelatorio
 0001:0003B30C       UfrmControleGestantes
 0001:00020FFC       UfrmFiltroEsquemaProcessoTotal
 0001:0001FDC8       UfrmFiltroEsquemaTotal
 0001:0002BCD4       UfrmPainelAR
 0001:000399A0       UfrmRelCriancaExpDPIAlto
 0001:0003A9B8       UfrmRelCriancaExpFechamento
 0001:0003792C       UfrmRelExtratoPaciente
 0001:000424C0       UfrmRelFixos
 0001:0000453C       ufrmRelGeralAgenda
 0001:000079B8       ufrmRelGeralCaracterizacao
 0001:0000AE58       ufrmRelGeralNotificacao
 0001:0001E490       ufrmRelGeralPrograma
 0001:000390F4       UfrmRelGestante
 0001:0001EEA4       ufrmRelListagemGeralExames
 0001:000345AC       UfrmRelMapa
 0001:000372B0       UfrmRelMapaMedicoPeriodo
 0001:00036A14       UfrmRelNotificacao
 0001:0003C564       UfrmRelProdAgendas
 0001:0003BCE0       UfrmRelProdFarmacia
 0001:0003D20C       UfrmRelProdLaboratorio
 0001:0003EA5C       UfrmRelQuantitativo
 0001:00023A38       ufrmRelSerieCronologica
 0001:000252F8       UfrmRelUnidades
 0001:000343B0       UfrmRelUnidadesImp
 0001:000291CC       UfrmRR
 0002:000011FC       Unidade
 0001:000002DC       UninitializeModule
 0001:0000071C       UrlMon
 0001:00025500       uSplash
 0002:00001210       USQL
 0002:00001274       USQL
 0002:00001240       USQL
 0001:0000040C       Windows
 0001:00000754       WinInet
 0001:00000844       WinSpool


  Address         Publics by Value

 0002:FFBBB000       TlsLast
 0001:000001C8       FreeLibrary
 0001:000001D0       LocalAlloc
 0001:000001D8       LocalFree
 0001:000001E0       TlsAlloc
 0001:000001E8       TlsFree
 0001:000001F0       TlsGetValue
 0001:000001F8       TlsSetValue
 0001:00000200       AllocTlsBuffer
 0001:0000020C       GetTlsSize
 0001:00000214       InitThreadTLS
 0001:00000258       InitProcessTLS
 0001:00000284       ExitThreadTLS
 0001:000002AC       ExitProcessTLS
 0001:000002D0       InitializeModule
 0001:000002DC       UninitializeModule
 0001:00000300       @InitPkg
 0001:00000364       @PackageLoad
 0001:00000370       @PackageUnload
 0001:0000037C       Finalization
 0001:000003AC       SysInit
 0001:000003C4       GetScrollInfo
 0001:000003CC       SetScrollInfo
 0001:000003D4       SetScrollPos
 0001:000003DC       Finalization
 0001:0000040C       Windows
 0001:00000414       Finalization
 0001:00000444       Messages
 0001:0000063C       Finalization
 0001:0000066C       CommCtrl
 0001:00000694       Finalization
 0001:000006C4       Imm
 0001:000006EC       Finalization
 0001:0000071C       UrlMon
 0001:00000724       Finalization
 0001:00000754       WinInet
 0001:0000075C       Finalization
 0001:0000078C       RegStr
 0001:00000794       Finalization
 0001:000007C4       ShellAPI
 0001:000007CC       Finalization
 0001:000007FC       ShlObj
 0001:00000814       Finalization
 0001:00000844       WinSpool
 0001:0000085C       Finalization
 0001:0000088C       CommDlg
 0001:00000894       Finalization
 0001:000008C4       Dlgs
 0001:00000974       Finalization
 0001:000009A4       RichEdit
 0001:000023D0       TfrmRelGeralAgenda.btImprimirClick
 0001:00002688       TfrmRelGeralAgenda.CriaRelatorioWEB
 0001:000036DC       TfrmRelGeralAgenda.FormCreate
 0001:00003838       TfrmRelGeralAgenda.FormClose
 0001:0000385C       TfrmRelGeralAgenda.BMPtoJPG
 0001:00003914       TfrmRelGeralAgenda.btLocUnidadeButtonClick
 0001:00003B58       TfrmRelGeralAgenda.btLocUnidadeChange
 0001:00003CE8       TfrmRelGeralAgenda.qyGeralBeforeOpen
 0001:00004104       TfrmRelGeralAgenda.qyGeralAfterOpen
 0001:00004320       TfrmRelGeralAgenda.btLocUnidadeExit
 0001:000044D0       TfrmRelGeralAgenda.frameDashBoard1btAddColunaClick
 0001:000044DC       TfrmRelGeralAgenda.frameDashBoard1btAddAllClick
 0001:000044E8       TfrmRelGeralAgenda.frameDashBoard1SpeedButton3Click
 0001:000044EC       Finalization
 0001:0000453C       ufrmRelGeralAgenda
 0001:00004B2C       TfrmRelGeralCaracterizacao.btImprimirClick
 0001:00004CC4       TfrmRelGeralCaracterizacao.CriaRelatorioWEB
 0001:00006334       TfrmRelGeralCaracterizacao.FormCreate
 0001:00006490       TfrmRelGeralCaracterizacao.FormClose
 0001:000064B4       TfrmRelGeralCaracterizacao.BMPtoJPG
 0001:0000656C       TfrmRelGeralCaracterizacao.btLocUnidadeButtonClick
 0001:000067B0       TfrmRelGeralCaracterizacao.btLocProvinciaButtonClick
 0001:00006A14       TfrmRelGeralCaracterizacao.btLocMunicipioButtonClick
 0001:00006C90       TfrmRelGeralCaracterizacao.btLocUnidadeChange
 0001:00006E20       TfrmRelGeralCaracterizacao.btLocProvinciaChange
 0001:00006FD8       TfrmRelGeralCaracterizacao.btLocMunicipioChange
 0001:000071F4       TfrmRelGeralCaracterizacao.qyGeralBeforeOpen
 0001:0000721C       TfrmRelGeralCaracterizacao.qyGeralAfterOpen
 0001:00007438       TfrmRelGeralCaracterizacao.btLocUnidadeExit
 0001:000075E8       TfrmRelGeralCaracterizacao.btLocProvinciaExit
 0001:000077A8       TfrmRelGeralCaracterizacao.btLocMunicipioExit
 0001:00007968       Finalization
 0001:000079B8       ufrmRelGeralCaracterizacao
 0001:00007EBC       TfrmRelGeralNotificacao.btImprimirClick
 0001:00008174       TfrmRelGeralNotificacao.CriaRelatorioWEB
 0001:00009234       TfrmRelGeralNotificacao.FormCreate
 0001:00009390       TfrmRelGeralNotificacao.FormClose
 0001:000093B4       TfrmRelGeralNotificacao.BMPtoJPG
 0001:0000946C       TfrmRelGeralNotificacao.btLocUnidadeButtonClick
 0001:000096B0       TfrmRelGeralNotificacao.btLocProvinciaButtonClick
 0001:00009914       TfrmRelGeralNotificacao.btLocMunicipioButtonClick
 0001:00009B90       TfrmRelGeralNotificacao.btLocUnidadeChange
 0001:00009D20       TfrmRelGeralNotificacao.btLocProvinciaChange
 0001:00009ED8       TfrmRelGeralNotificacao.btLocMunicipioChange
 0001:0000A0F4       TfrmRelGeralNotificacao.qyGeralBeforeOpen
 0001:0000A6A0       TfrmRelGeralNotificacao.qyGeralAfterOpen
 0001:0000A8BC       TfrmRelGeralNotificacao.btLocUnidadeExit
 0001:0000AA6C       TfrmRelGeralNotificacao.btLocProvinciaExit
 0001:0000AC2C       TfrmRelGeralNotificacao.btLocMunicipioExit
 0001:0000ADEC       TfrmRelGeralNotificacao.frameDashBoard1btAddColunaClick
 0001:0000ADF8       TfrmRelGeralNotificacao.frameDashBoard1btAddAllClick
 0001:0000AE04       TfrmRelGeralNotificacao.frameDashBoard1SpeedButton3Click
 0001:0000AE08       Finalization
 0001:0000AE58       ufrmRelGeralNotificacao
 0001:0000B554       TfrmRelGeralPrograma.verificarPeriodo
 0001:0000B778       TfrmRelGeralPrograma.CarregaComboMesAno
 0001:0000B8AC       TfrmRelGeralPrograma.btImprimirClick
 0001:0000BA78       Existe
 0001:0000BB2C       Extenso
 0001:0000BF18       Round
 0001:0000C070       Ordenar
 0001:0000C1F8       MesesEntre
 0001:0000C228       Relatorio
 0001:0000EC98       Ordenar
 0001:0000EE6C       Relatorio2
 0001:00010C5C       Relatorio3
 0001:000122D8       IncluirRelatorio
 0001:00012494       TfrmRelGeralPrograma.CriaRelatorioWEB
 0001:0001C84C       TfrmRelGeralPrograma.FormCreate
 0001:0001C9B4       TfrmRelGeralPrograma.FormClose
 0001:0001C9D8       TfrmRelGeralPrograma.BMPtoJPG
 0001:0001CA90       TfrmRelGeralPrograma.btLocUnidadeButtonClick
 0001:0001CCD4       TfrmRelGeralPrograma.btLocProvinciaButtonClick
 0001:0001CF38       TfrmRelGeralPrograma.btLocMunicipioButtonClick
 0001:0001D1B4       TfrmRelGeralPrograma.btLocUnidadeChange
 0001:0001D344       TfrmRelGeralPrograma.btLocProvinciaChange
 0001:0001D4FC       TfrmRelGeralPrograma.btLocMunicipioChange
 0001:0001D718       TfrmRelGeralPrograma.btLocUnidadeExit
 0001:0001D8C8       TfrmRelGeralPrograma.btLocProvinciaExit
 0001:0001DA88       TfrmRelGeralPrograma.btLocMunicipioExit
 0001:0001DC48       TfrmRelGeralPrograma.DefineFiltro
 0001:0001E04C       TfrmRelGeralPrograma.DefineTipo
 0001:0001E270       TfrmRelGeralPrograma.btIncVersaoClick
 0001:0001E2E8       TfrmRelGeralPrograma.btImpVersaoClick
 0001:0001E3F8       TfrmRelGeralPrograma.btSalvarVersaoClick
 0001:0001E41C       TfrmRelGeralPrograma.dsVersaoStateChange
 0001:0001E440       Finalization
 0001:0001E490       ufrmRelGeralPrograma
 0001:0001E998       TfrmRelListagemGeralExames.btImprimirClick
 0001:0001EDC0       TfrmRelListagemGeralExames.FormCreate
 0001:0001EE68       Finalization
 0001:0001EEA4       ufrmRelListagemGeralExames
 0001:0001F1E0       TfrmFiltroEsquemaTotal.BitBtn1Click
 0001:0001FA3C       TfrmFiltroEsquemaTotal.SpeedButton4Click
 0001:0001FD84       TfrmFiltroEsquemaTotal.SpeedButton3Click
 0001:0001FD98       Finalization
 0001:0001FDC8       UfrmFiltroEsquemaTotal
 0001:00020014       TfrmConEsquemaTotal.FormClose
 0001:00020020       TfrmConEsquemaTotal.btPesquisarClick
 0001:0002008C       TfrmConEsquemaTotal.FormCreate
 0001:000200E4       Finalization
 0001:00020120       UfrmConEsquemaTotal
 0001:00020414       TfrmFiltroEsquemaProcessoTotal.BitBtn1Click
 0001:00020C70       TfrmFiltroEsquemaProcessoTotal.SpeedButton4Click
 0001:00020FB8       TfrmFiltroEsquemaProcessoTotal.SpeedButton3Click
 0001:00020FCC       Finalization
 0001:00020FFC       UfrmFiltroEsquemaProcessoTotal
 0001:00021294       TfrmConEsquemaProcessoTotal.FormClose
 0001:000212A0       TfrmConEsquemaProcessoTotal.btPesquisarClick
 0001:0002130C       TfrmConEsquemaProcessoTotal.FormCreate
 0001:00021364       Finalization
 0001:000213A0       UfrmConEsquemaProcessoTotal
 0001:00021944       TfrmConfRelatorio.tbConfRelatorioAfterDelete
 0001:00021954       TfrmConfRelatorio.tbConfRelatorioAfterPost
 0001:00021964       TfrmConfRelatorio.tbConfRelatorioAfterInsert
 0001:0002198C       TfrmConfRelatorio.edPessoaButtonClick
 0001:000220E0       TfrmConfRelatorio.FormShow
 0001:00022198       TfrmConfRelatorio.FormClose
 0001:000221A4       TfrmConfRelatorio.btCancelarClick
 0001:000221B8       TfrmConfRelatorio.btConfirmarClick
 0001:000221C8       TfrmConfRelatorio.btImagemClick
 0001:0002222C       TfrmConfRelatorio.btClearImagemClick
 0001:0002224C       Finalization
 0001:0002227C       UfrmConfRelatorio
 0001:000225CC       TfrmRelSerieCronologica.Inicializar
 0001:00022858       TfrmRelSerieCronologica.CarregaDados
 0001:00023460       TfrmRelSerieCronologica.Button1Click
 0001:00023468       TfrmRelSerieCronologica.FormCreate
 0001:0002347C       TfrmRelSerieCronologica.sgDadosDrawCell
 0001:00023498       TfrmRelSerieCronologica.MontaGrid
 0001:000236AC       TfrmRelSerieCronologica.TabControl1Change
 0001:000236C8       TfrmRelSerieCronologica.CarregaGrid
 0001:000238B4       TfrmRelSerieCronologica.ScrollBar1Scroll
 0001:000238F4       TfrmRelSerieCronologica.Button2Click
 0001:000239F8       Finalization
 0001:00023A38       ufrmRelSerieCronologica
 0001:00024094       TfrmRelUnidades.cbTodosClick
 0001:0002415C       TfrmRelUnidades.btImprimirClick
 0001:000245E0       TfrmRelUnidades.btLocProvinciaButtonClick
 0001:00024844       TfrmRelUnidades.btLocProvinciaChange
 0001:000249FC       TfrmRelUnidades.btLocProvinciaExit
 0001:00024BBC       TfrmRelUnidades.btLocMunicipioButtonClick
 0001:00024E38       TfrmRelUnidades.btLocMunicipioChange
 0001:00025054       TfrmRelUnidades.btLocMunicipioExit
 0001:00025214       TfrmRelUnidades.FormCreate
 0001:0002526C       TfrmRelUnidades.cbAtivasClick
 0001:00025294       TfrmRelUnidades.cbInativasClick
 0001:000252BC       Finalization
 0001:000252F8       UfrmRelUnidades
 0001:000254D0       Finalization
 0001:00025500       uSplash
 0001:00027578       TfrmRR.btSairClick
 0001:00027580       TfrmRR.SpeedButton1Click
 0001:000285B8       TfrmRR.FormCreate
 0001:00028724       TfrmRR.btLocProvinciaButtonClick
 0001:0002896C       TfrmRR.SpeedButton2Click
 0001:00028B10       TfrmRR.FormClose
 0001:00028B70       TfrmRR.btLocProvinciaChange
 0001:00028D0C       TfrmRR.btLocProvinciaExit
 0001:00028ECC       TfrmRR.SpeedButton3Click
 0001:0002914C       Finalization
 0001:000291CC       UfrmRR
 0001:0002A0DC       TfrmPainelAR.qyATVBeforeOpen
 0001:0002A1DC       TfrmPainelAR.qyPTVBeforeOpen
 0001:0002A2DC       TfrmPainelAR.qyTARVBeforeOpen
 0001:0002A3DC       TfrmPainelAR.qyTARVAcompBeforeOpen
 0001:0002A4DC       TfrmPainelAR.qyTARVEsquemaBeforeOpen
 0001:0002A5DC       TfrmPainelAR.qyTARVCD4BeforeOpen
 0001:0002A6DC       TfrmPainelAR.qyCoinfeccaoBeforeOpen
 0001:0002A7DC       TfrmPainelAR.qyProgramaBeforeOpen
 0001:0002A8DC       ExcluirRegistros
 0001:0002A9E4       TfrmPainelAR.SpeedButton1Click
 0001:0002BA1C       TfrmPainelAR.qyGridBeforeOpen
 0001:0002BAB0       TfrmPainelAR.FormCreate
 0001:0002BB70       TfrmPainelAR.leProvinciaChange
 0001:0002BC98       Finalization
 0001:0002BCD4       UfrmPainelAR
 0001:0002E9CC       TfrmAuditoriaRelatorios.AbreConsultas
 0001:0002EA94       TfrmAuditoriaRelatorios.SpeedButton1Click
 0001:0002EB8C       TfrmAuditoriaRelatorios.FormCreate
 0001:0002ECE0       TfrmAuditoriaRelatorios.leProvinciaChange
 0001:0002EE08       TfrmAuditoriaRelatorios.leMunicipioClick
 0001:0002EF2C       TfrmAuditoriaRelatorios.leUnidadeChange
 0001:0002F118       TfrmAuditoriaRelatorios.leUnidadeButtonClick
 0001:0002F258       TfrmAuditoriaRelatorios.SpeedButton5Click
 0001:0002F294       TfrmAuditoriaRelatorios.qyATVBeforeOpen
 0001:0002F804       TfrmAuditoriaRelatorios.qyPTVBeforeOpen
 0001:0002FD74       TfrmAuditoriaRelatorios.qyTARVBeforeOpen
 0001:000302E4       TfrmAuditoriaRelatorios.qyTARVAcompBeforeOpen
 0001:00030874       TfrmAuditoriaRelatorios.qyTARVEsquemaBeforeOpen
 0001:00030E04       TfrmAuditoriaRelatorios.qyTARVCD4BeforeOpen
 0001:00031384       TfrmAuditoriaRelatorios.qyCoinfeccaoBeforeOpen
 0001:00031914       TfrmAuditoriaRelatorios.qyATVCalcFields
 0001:000319D8       TfrmAuditoriaRelatorios.dxDBGrid1CustomDrawCell
 0001:00031A68       TfrmAuditoriaRelatorios.qyPTVCalcFields
 0001:00031B88       TfrmAuditoriaRelatorios.dxDBGrid2CustomDrawCell
 0001:00031C18       TfrmAuditoriaRelatorios.qyTARVCalcFields
 0001:00031D18       TfrmAuditoriaRelatorios.dxDBGrid3CustomDrawCell
 0001:00031DA8       TfrmAuditoriaRelatorios.qyTARVAcompCalcFields
 0001:00031EA8       TfrmAuditoriaRelatorios.dxDBGrid4CustomDrawCell
 0001:00031F38       TfrmAuditoriaRelatorios.qyTARVEsquemaCalcFields
 0001:00031FFC       TfrmAuditoriaRelatorios.dxDBGrid5CustomDrawCell
 0001:0003208C       TfrmAuditoriaRelatorios.qyTARVCD4CalcFields
 0001:0003218C       TfrmAuditoriaRelatorios.dxDBGrid6CustomDrawCell
 0001:0003221C       TfrmAuditoriaRelatorios.qyCoinfeccaoCalcFields
 0001:000322A8       TfrmAuditoriaRelatorios.dxDBGrid7CustomDrawCell
 0001:00032338       TfrmAuditoriaRelatorios.qyProgramaBeforeOpen
 0001:000328B8       TfrmAuditoriaRelatorios.qyProgramaCalcFields
 0001:00032A58       TfrmAuditoriaRelatorios.dxDBGrid8CustomDrawCell
 0001:00032AE8       Finalization
 0001:00032B88       UfrmAuditoriaRelatorios
 0001:0003314C       TfrmRelUnidadesImp.cbTodosClick
 0001:00033214       TfrmRelUnidadesImp.btImprimirClick
 0001:00033698       TfrmRelUnidadesImp.btLocProvinciaButtonClick
 0001:000338FC       TfrmRelUnidadesImp.btLocProvinciaChange
 0001:00033AB4       TfrmRelUnidadesImp.btLocProvinciaExit
 0001:00033C74       TfrmRelUnidadesImp.btLocMunicipioButtonClick
 0001:00033EF0       TfrmRelUnidadesImp.btLocMunicipioChange
 0001:0003410C       TfrmRelUnidadesImp.btLocMunicipioExit
 0001:000342CC       TfrmRelUnidadesImp.FormCreate
 0001:00034324       TfrmRelUnidadesImp.cbAtivasClick
 0001:0003434C       TfrmRelUnidadesImp.cbInativasClick
 0001:00034374       Finalization
 0001:000343B0       UfrmRelUnidadesImp
 0001:0003457C       Finalization
 0001:000345AC       UfrmRelMapa
 0001:00034E4C       TfrmRelNotificacao.btPesquisarClick
 0001:00035234       TfrmRelNotificacao.btCamposClick
 0001:00035308       TfrmRelNotificacao.ckCamposClick
 0001:00035394       TfrmRelNotificacao.FormCreate
 0001:000355B0       TfrmRelNotificacao.btCsvClick
 0001:00035900       TfrmRelNotificacao.btExcelClick
 0001:000359D8       TfrmRelNotificacao.qyNotificacaoAfterScroll
 0001:00035AA8       TfrmRelNotificacao.SpeedButton1Click
 0001:00035B20       TfrmRelNotificacao.SpeedButton2Click
 0001:00035B98       TfrmRelNotificacao.leProvinciaChange
 0001:00035CC0       TfrmRelNotificacao.leMunicipioChange
 0001:00035DE4       TfrmRelNotificacao.leUnidadeChange
 0001:00035FD0       TfrmRelNotificacao.leUnidadeButtonClick
 0001:00036110       TfrmRelNotificacao.AbreConsultas
 0001:000361D8       TfrmRelNotificacao.FechaConsultas
 0001:00036200       TfrmRelNotificacao.FormClose
 0001:00036208       TfrmRelNotificacao.btLimparClick
 0001:00036238       TfrmRelNotificacao.FormShow
 0001:0003627C       TfrmRelNotificacao.MarcarTodos1Click
 0001:000362D0       TfrmRelNotificacao.DesmarcarTodos1Click
 0001:00036324       TfrmRelNotificacao.Marcar2Click
 0001:00036378       TfrmRelNotificacao.Desmarcar2Click
 0001:000363CC       Excluir
 0001:000365BC       TfrmRelNotificacao.Excluir1Click
 0001:00036850       TfrmRelNotificacao.Abrir1Click
 0001:00036910       TfrmRelNotificacao.qyNotificacaoCalcFields
 0001:000369BC       Finalization
 0001:00036A14       UfrmRelNotificacao
 0001:00036D38       TfrmRelMapaMedicoPeriodo.btLocMedicoButtonClick
 0001:00036FB0       TfrmRelMapaMedicoPeriodo.btImprimirClick
 0001:000370F4       TfrmRelMapaMedicoPeriodo.qyGeralBeforeOpen
 0001:0003721C       TfrmRelMapaMedicoPeriodo.FormCreate
 0001:00037274       Finalization
 0001:000372B0       UfrmRelMapaMedicoPeriodo
 0001:00037508       TfrmRelExtratoPaciente.btLocUtenteButtonClick
 0001:000377C4       TfrmRelExtratoPaciente.btImprimirClick
 0001:00037888       TfrmRelExtratoPaciente.qyGeralBeforeOpen
 0001:000378FC       Finalization
 0001:0003792C       UfrmRelExtratoPaciente
 0001:00037DA4       TframeControleGestante.btInserirClick
 0001:00037DCC       TframeControleGestante.btExcluirClick
 0001:00037DFC       TframeControleGestante.qyGestanteAfterInsert
 0001:00037F10       TframeControleGestante.qyGestanteDT_FIM_GESTACAOValidate
 0001:00038034       TframeControleGestante.CalculoMeses
 0001:0003804C       TframeControleGestante.CalculoDataFim
 0001:0003806C       TframeControleGestante.qyGestanteNR_MESESValidate
 0001:00038178       TframeControleGestante.Cancelar
 0001:000381C0       TframeControleGestante.Editar
 0001:00038230       TframeControleGestante.Gravar
 0001:00038278       TframeControleGestante.atualizaFlGestante
 0001:0003847C       TframeControleGestante.qyGestanteAfterPost
 0001:00038484       TframeControleGestante.verificaSeGestante
 0001:00038538       TframeControleGestante.qyGestanteAfterDelete
 0001:00038540       TframeControleGestante.qyGestanteCalcFields
 0001:00038564       TframeControleGestante.Create
 0001:000385A8       Finalization
 0001:000385D8       UframeControleGestante
 0001:00038C14       TfrmRelGestante.btPesquisarClick
 0001:00038DE0       TfrmRelGestante.FormCreate
 0001:00038E90       TfrmRelGestante.FormShow
 0001:00038EC4       TfrmRelGestante.qyGestantesAfterOpen
 0001:00038EF0       TfrmRelGestante.inicializaControles
 0001:00038F1C       TfrmRelGestante.btEditarClick
 0001:00038F54       TfrmRelGestante.btCancelarClick
 0001:00038F6C       TfrmRelGestante.btGravarClick
 0001:00038F84       TfrmRelGestante.qyGestantesBeforeScroll
 0001:00038F8C       TfrmRelGestante.BitBtn1Click
 0001:00039078       TfrmRelGestante.qyGestantesCalcFields
 0001:0003909C       Finalization
 0001:000390F4       UfrmRelGestante
 0001:000395CC       TfrmRelCriancaExpDPIAlto.FormCreate
 0001:00039600       TfrmRelCriancaExpDPIAlto.btImprimirClick
 0001:0003994C       TfrmRelCriancaExpDPIAlto.qyRelCriancaExpCalcFields
 0001:00039970       Finalization
 0001:000399A0       UfrmRelCriancaExpDPIAlto
 0001:00039F78       TfrmRelCriancaExpFechamento.btImprimirClick
 0001:00039F80       TfrmRelCriancaExpFechamento.GerarRelatorio
 0001:0003A784       TfrmRelCriancaExpFechamento.qyRelCriancaExpCalcFields
 0001:0003A924       TfrmRelCriancaExpFechamento.FormCreate
 0001:0003A97C       Finalization
 0001:0003A9B8       UfrmRelCriancaExpFechamento
 0001:0003AE60       TfrmControleGestantes.qyProcuraPacienteAfterOpen
 0001:0003AE8C       TfrmControleGestantes.btPesquisarClick
 0001:0003B198       TfrmControleGestantes.inicializaControles
 0001:0003B1C4       TfrmControleGestantes.FormCreate
 0001:0003B1CC       TfrmControleGestantes.btCancelarClick
 0001:0003B1E4       TfrmControleGestantes.btEditarClick
 0001:0003B21C       TfrmControleGestantes.btGravarClick
 0001:0003B234       TfrmControleGestantes.frameControleGestante1btInserirClick
 0001:0003B240       TfrmControleGestantes.btRelatorioClick
 0001:0003B2DC       Finalization
 0001:0003B30C       UfrmControleGestantes
 0001:0003B7E0       TfrmRelProdFarmacia.btGerarRelatorioClick
 0001:0003B7E4       TfrmRelProdFarmacia.validaFiltro
 0001:0003B944       TfrmRelProdFarmacia.FormCreate
 0001:0003B9A4       TfrmRelProdFarmacia.btImprimirClick
 0001:0003BAF8       TfrmRelProdFarmacia.geraRelatorio
 0001:0003BC98       TfrmRelProdFarmacia.edDataFinalKeyPress
 0001:0003BCB0       Finalization
 0001:0003BCE0       UfrmRelProdFarmacia
 0001:0003C130       TfrmRelProdAgendas.btGerarRelatorioClick
 0001:0003C134       TfrmRelProdAgendas.validaFiltro
 0001:0003C294       TfrmRelProdAgendas.FormCreate
 0001:0003C2F4       TfrmRelProdAgendas.btImprimirClick
 0001:0003C444       TfrmRelProdAgendas.edDataFinalKeyPress
 0001:0003C45C       TfrmRelProdAgendas.gerarRelatorio
 0001:0003C534       Finalization
 0001:0003C564       UfrmRelProdAgendas
 0001:0003CCC0       TfrmRelProdLaboratorio.btGerarRelatorioClick
 0001:0003CCC4       TfrmRelProdLaboratorio.validaFiltro
 0001:0003CE24       TfrmRelProdLaboratorio.FormCreate
 0001:0003CE84       TfrmRelProdLaboratorio.btImprimirClick
[...]
   244 0001:00035919   245 0001:00035928   247 0001:00035931   248 0001:0003593C
   249 0001:00035947   250 0001:00035962   252 0001:00035971   253 0001:00035978
   255 0001:00035996   256 0001:000359BA   259 0001:000359D8   260 0001:000359F2
   262 0001:000359FB   264 0001:00035A52   266 0001:00035A80   269 0001:00035AA8
   270 0001:00035ABE   271 0001:00035B04   274 0001:00035B20   275 0001:00035B36
   276 0001:00035B7C   279 0001:00035B98   280 0001:00035BB2   282 0001:00035BC1
   283 0001:00035BCC   284 0001:00035BE3   285 0001:00035C2A   289 0001:00035C37
   290 0001:00035C4E   292 0001:00035C83   295 0001:00035CC0   296 0001:00035CDA
   298 0001:00035CE9   299 0001:00035CF4   300 0001:00035D0B   301 0001:00035D52
   305 0001:00035D5F   306 0001:00035D76   308 0001:00035DAB   311 0001:00035DE4
   312 0001:00035E01   314 0001:00035E14   315 0001:00035E1F   316 0001:00035E36
   319 0001:00035E7D   320 0001:00035E93   324 0001:00035EA3   325 0001:00035EBA
   326 0001:00035ECE   330 0001:00035F15   331 0001:00035F2B   333 0001:00035F7A
   336 0001:00035FD0   337 0001:00035FEA   338 0001:00035FF5   339 0001:0003600C
   340 0001:00036020   344 0001:00036067   345 0001:0003607D   346 0001:000360BA
   349 0001:00036110   350 0001:0003612A   351 0001:0003614B   352 0001:0003616C
   353 0001:0003618D   354 0001:00036198   355 0001:000361A3   356 0001:000361D0
   359 0001:000361D8   360 0001:000361DB   361 0001:000361E6   362 0001:000361F1
   363 0001:000361FC   368 0001:00036200   369 0001:00036205   372 0001:00036208
   373 0001:0003620B   374 0001:00036219   375 0001:00036227   376 0001:00036235
   379 0001:00036238   380 0001:0003623B   381 0001:0003624C   382 0001:00036263
   383 0001:0003627A   387 0001:0003627C   388 0001:00036284   390 0001:0003629C
   391 0001:000362AB   392 0001:000362BB   393 0001:000362C4   388 0001:000362C5
   394 0001:000362C8   398 0001:000362D0   399 0001:000362D8   401 0001:000362F0
   402 0001:000362FF   403 0001:0003630F   404 0001:00036318   399 0001:00036319
   405 0001:0003631C   408 0001:00036324   409 0001:00036327   410 0001:00036332
   411 0001:0003634F   412 0001:0003635D   415 0001:00036378   416 0001:0003637B
   417 0001:00036386   418 0001:000363A3   419 0001:000363B1   424 0001:000363CC
   425 0001:000363F7   426 0001:00036405   427 0001:00036415   428 0001:00036438
   429 0001:0003644D   430 0001:00036462   431 0001:0003646C   433 0001:000364A3
   435 0001:000364DA   438 0001:000364FF   440 0001:0003652E   442 0001:000365BC
   443 0001:000365E4   444 0001:000365FA   445 0001:00036606   446 0001:00036625
   447 0001:0003662C   450 0001:0003663E   451 0001:00036657   452 0001:00036663
   454 0001:00036690   455 0001:0003669C   456 0001:000366A8   457 0001:000366B4
   458 0001:000366C0   459 0001:000366CC   460 0001:000366D8   461 0001:000366E4
   462 0001:000366F0   463 0001:000366FD   466 0001:00036713   448 0001:00036720
   468 0001:00036735   469 0001:00036759   472 0001:00036850   473 0001:00036866
   474 0001:00036882   475 0001:000368AE   476 0001:000368BC   477 0001:000368CB
   478 0001:000368F4   481 0001:00036910   482 0001:00036913   485 0001:0003696A
   487 0001:00036A14   487 0001:00036A1B

Line numbers for UfrmRelMapaMedicoPeriodo(..\RELATORIOS\UfrmRelMapaMedicoPeriodo.pas) segment .text

    44 0001:00036D38    46 0001:00036D5D    47 0001:00036D79    48 0001:00036D8A
    51 0001:00036DA7    52 0001:00036DB5    53 0001:00036DC3    54 0001:00036DDA
    55 0001:00036DF0    56 0001:00036DFF    57 0001:00036E08    58 0001:00036E17
    59 0001:00036E20    60 0001:00036E26    62 0001:00036E3B    64 0001:00036E63
    66 0001:00036E75    67 0001:00036EA5    69 0001:00036ED5    70 0001:00036EE7
    71 0001:00036F13    75 0001:00036FB0    77 0001:00036FCA    78 0001:00036FDE
    80 0001:00037010    81 0001:0003701B    82 0001:00037028    83 0001:0003704B
    84 0001:0003707B    87 0001:000370F4    89 0001:0003710C    90 0001:00037120
    92 0001:00037148    93 0001:0003715E    94 0001:00037185    95 0001:0003719B
    96 0001:000371E4    99 0001:0003721C   101 0001:00037232   102 0001:00037270
   104 0001:000372B0   104 0001:000372B7

Line numbers for UfrmRelExtratoPaciente(..\RELATORIOS\UfrmRelExtratoPaciente.pas) segment .text

    38 0001:00037508    40 0001:0003752D    41 0001:00037549    42 0001:0003755A
    45 0001:00037577    46 0001:00037585    47 0001:00037593    48 0001:000375AA
    49 0001:000375C0    50 0001:000375CF    51 0001:000375D8    52 0001:000375E7
    53 0001:000375F0    54 0001:000375FF    55 0001:00037608    56 0001:0003760E
    57 0001:00037614    59 0001:00037629    61 0001:00037651    63 0001:00037663
    64 0001:00037693    66 0001:000376C3    67 0001:000376D5    68 0001:00037701
    72 0001:000377C4    74 0001:000377DE    76 0001:000377F2    77 0001:000377FD
    78 0001:0003780A    79 0001:0003782D    81 0001:0003785D    84 0001:00037888
    86 0001:0003789E    87 0001:000378E3    89 0001:0003792C    89 0001:00037933

Line numbers for UframeControleGestante(..\RELATORIOS\UframeControleGestante.pas) segment .text

    63 0001:00037DA4    64 0001:00037DA7    66 0001:00037DB3    67 0001:00037DBB
    70 0001:00037DC9    73 0001:00037DCC    74 0001:00037DCF    75 0001:00037DEA
    76 0001:00037DF8    79 0001:00037DFC    80 0001:00037DFF    81 0001:00037E39
    82 0001:00037E73    83 0001:00037E9F    84 0001:00037EBC    90 0001:00037F10
    91 0001:00037F16    94 0001:00037F42    95 0001:00037F5B    96 0001:00037F69
    97 0001:00037F7F   100 0001:00037FBC   101 0001:00037FF1   102 0001:00038001
   104 0001:00038014   107 0001:0003802D   110 0001:00038034   111 0001:00038037
   112 0001:00038048   115 0001:0003804C   116 0001:00038052   117 0001:00038066
   123 0001:0003806C   124 0001:00038073   128 0001:000380A9   131 0001:000380DC
   134 0001:00038104   135 0001:0003811D   137 0001:0003812B   138 0001:0003815A
   140 0001:00038173   143 0001:00038178   144 0001:0003817C   145 0001:00038191
   146 0001:0003819B   147 0001:000381B0   148 0001:000381BA   151 0001:000381C0
   152 0001:000381C4   154 0001:000381E4   155 0001:000381F9   156 0001:0003820B
   157 0001:00038219   160 0001:00038226   161 0001:0003822B   164 0001:00038230
   165 0001:00038234   166 0001:00038249   167 0001:00038253   168 0001:00038268
   169 0001:00038272   175 0001:00038278   176 0001:000382A0   177 0001:000382B1
   180 0001:000382BF   181 0001:000382D1   182 0001:000382E3   183 0001:000382F6
   184 0001:00038309   186 0001:00038391   187 0001:00038399   190 0001:000383E7
   194 0001:0003847C   195 0001:00038481   201 0001:00038484   202 0001:00038489
   203 0001:0003848B   205 0001:0003849A   206 0001:000384AA   210 0001:000384B7
   211 0001:000384C5   212 0001:000384CA   208 0001:000384D5   215 0001:000384E4
   217 0001:000384F4   218 0001:0003851F   222 0001:00038538   223 0001:0003853D
   226 0001:00038540   227 0001:00038543   228 0001:00038561   231 0001:00038564
   232 0001:00038576   233 0001:0003857F   234 0001:000385A2   236 0001:000385D8
   236 0001:000385DF

Line numbers for UfrmRelGestante(..\RELATORIOS\UfrmRelGestante.pas) segment .text

    87 0001:00038C14    88 0001:00038C1A    89 0001:00038C25    91 0001:00038C3B
    92 0001:00038C4D    94 0001:00038C62    95 0001:00038C74    97 0001:00038C89
    99 0001:00038C9E   101 0001:00038CB0   102 0001:00038CE6   105 0001:00038D1C
   106 0001:00038D2C   108 0001:00038D37   111 0001:00038DE0   112 0001:00038DF6
   113 0001:00038DFD   114 0001:00038E1D   116 0001:00038E28   117 0001:00038E6E
   120 0001:00038E90   121 0001:00038E93   122 0001:00038EAA   123 0001:00038EC1
   127 0001:00038EC4   128 0001:00038EC7   129 0001:00038EDC   130 0001:00038EED
   133 0001:00038EF0   134 0001:00038EF3   135 0001:00038F00   136 0001:00038F0D
   137 0001:00038F1A   140 0001:00038F1C   141 0001:00038F1F   142 0001:00038F2A
   143 0001:00038F37   144 0001:00038F44   145 0001:00038F51   148 0001:00038F54
   149 0001:00038F57   150 0001:00038F62   151 0001:00038F69   154 0001:00038F6C
   155 0001:00038F6F   156 0001:00038F7A   157 0001:00038F81   162 0001:00038F84
   163 0001:00038F8B   167 0001:00038F8C   168 0001:00038FA4   169 0001:00038FAF
   170 0001:00038FCC   172 0001:00038FD7   173 0001:00038FE4   174 0001:00039007
   176 0001:00039015   177 0001:00039042   180 0001:00039078   181 0001:0003907B
   182 0001:00039099   184 0001:000390F4   184 0001:000390FB

Line numbers for UfrmRelCriancaExpDPIAlto(..\RELATORIOS\UfrmRelCriancaExpDPIAlto.pas) segment .text

    62 0001:000395CC    63 0001:000395CF    64 0001:000395E6    65 0001:000395FD
    69 0001:00039600    70 0001:00039625    72 0001:0003963E    73 0001:00039653
    75 0001:00039658    77 0001:00039671    78 0001:00039686    81 0001:0003968B
    83 0001:000396B3    84 0001:000396C8    86 0001:000396CD    87 0001:000396DB
    89 0001:000396E4    90 0001:000396EB    91 0001:00039711    92 0001:00039737
    93 0001:00039750    95 0001:00039757    96 0001:00039765    97 0001:00039785
    99 0001:00039793   100 0001:000397A0   101 0001:000397C6   103 0001:000397D7
   104 0001:000397E5   107 0001:000397FB   109 0001:00039849   113 0001:0003994C
   114 0001:0003994F   115 0001:0003996D   117 0001:000399A0   117 0001:000399A7

Line numbers for UfrmRelCriancaExpFechamento(..\RELATORIOS\UfrmRelCriancaExpFechamento.pas) segment .text

    75 0001:00039F78    76 0001:00039F7D    82 0001:00039F80    83 0001:00039FA3
    84 0001:00039FB1    85 0001:00039FC3    87 0001:00039FCF    88 0001:00039FE6
    90 0001:00039FF2    91 0001:0003A009    93 0001:0003A015    94 0001:0003A035
    96 0001:0003A041    97 0001:0003A058    99 0001:0003A064   100 0001:0003A07B
   102 0001:0003A087   103 0001:0003A0A7   105 0001:0003A0B3   106 0001:0003A0C1
   108 0001:0003A0CA   110 0001:0003A0D1   111 0001:0003A10E   113 0001:0003A11C
   114 0001:0003A12E   116 0001:0003A163   117 0001:0003A17A   119 0001:0003A1CD
   120 0001:0003A1E4   122 0001:0003A212   123 0001:0003A232   125 0001:0003A25F
   126 0001:0003A276   128 0001:0003A2C9   129 0001:0003A2E0   131 0001:0003A30E
   132 0001:0003A32E   134 0001:0003A35B   136 0001:0003A362   137 0001:0003A370
   138 0001:0003A390   140 0001:0003A39E   141 0001:0003A3AB   142 0001:0003A3D1
   144 0001:0003A3E2   145 0001:0003A3F0   148 0001:0003A406   150 0001:0003A4D2
   154 0001:0003A784   155 0001:0003A787   156 0001:0003A7A5   157 0001:0003A7E0
   158 0001:0003A7F5   159 0001:0003A80A   160 0001:0003A81F   161 0001:0003A834
   162 0001:0003A849   163 0001:0003A85E   165 0001:0003A871   168 0001:0003A924
   169 0001:0003A93A   170 0001:0003A978   172 0001:0003A9B8   172 0001:0003A9BF

Line numbers for UfrmControleGestantes(D:\DESENVOLVIMENTO\SISPROV\lib\RELATORIOS\UfrmControleGestantes.pas) segment .text

    62 0001:0003AE60    63 0001:0003AE63    64 0001:0003AE78    65 0001:0003AE89
    68 0001:0003AE8C    69 0001:0003AEB1    70 0001:0003AEBF    71 0001:0003AEC7
    72 0001:0003AED5    73 0001:0003AEDF    74 0001:0003AEFB    75 0001:0003AF0C
    77 0001:0003AF1F    78 0001:0003AF2D    79 0001:0003AF3B    80 0001:0003AF52
    81 0001:0003AF68    82 0001:0003AF77    83 0001:0003AF80    84 0001:0003AF8F
    85 0001:0003AF98    86 0001:0003AFA7    87 0001:0003AFB0    88 0001:0003AFBF
    89 0001:0003AFC8    90 0001:0003AFD7    91 0001:0003AFE0    92 0001:0003AFE6
    93 0001:0003AFEC    94 0001:0003AFF2    95 0001:0003AFF8    97 0001:0003B00D
    99 0001:0003B035   101 0001:0003B047   102 0001:0003B055   103 0001:0003B08B
   106 0001:0003B0A6   107 0001:0003B0B8   110 0001:0003B0E7   114 0001:0003B198
   115 0001:0003B19B   116 0001:0003B1A8   117 0001:0003B1B5   118 0001:0003B1C2
   122 0001:0003B1C4   123 0001:0003B1C9   126 0001:0003B1CC   127 0001:0003B1CF
   128 0001:0003B1DA   129 0001:0003B1E1   132 0001:0003B1E4   133 0001:0003B1E7
   134 0001:0003B1F2   135 0001:0003B1FF   136 0001:0003B20C   137 0001:0003B219
   140 0001:0003B21C   141 0001:0003B21F   142 0001:0003B22A   143 0001:0003B231
   148 0001:0003B234   150 0001:0003B23F   154 0001:0003B240   155 0001:0003B258
   156 0001:0003B265   157 0001:0003B288   158 0001:0003B2B8   160 0001:0003B30C
   160 0001:0003B313

Line numbers for UfrmRelProdFarmacia(..\RELATORIOS\UfrmRelProdFarmacia.pas) segment .text

    78 0001:0003B7E0    81 0001:0003B7E4    82 0001:0003B803    84 0001:0003B820
    85 0001:0003B82A    88 0001:0003B82F    90 0001:0003B84C    91 0001:0003B856
    94 0001:0003B85B    96 0001:0003B87D    97 0001:0003B887    99 0001:0003B8AE
   102 0001:0003B944   104 0001:0003B947   105 0001:0003B958   106 0001:0003B965
   107 0001:0003B98B   108 0001:0003B9A2   111 0001:0003B9A4   113 0001:0003B9BF
   114 0001:0003B9C6   116 0001:0003B9CD   117 0001:0003B9F2   118 0001:0003BA50
   119 0001:0003BA98   122 0001:0003BAF8   124 0001:0003BAFB   125 0001:0003BB06
   126 0001:0003BB11   127 0001:0003BB1C   129 0001:0003BB27   130 0001:0003BB4E
   131 0001:0003BB75   132 0001:0003BB9C   133 0001:0003BBC3   134 0001:0003BBEA
   135 0001:0003BC11   137 0001:0003BC2E   138 0001:0003BC39   139 0001:0003BC44
   140 0001:0003BC4F   141 0001:0003BC5A   145 0001:0003BC98   147 0001:0003BC99
   149 0001:0003BC9E   151 0001:0003BCAD   153 0001:0003BCE0   153 0001:0003BCE7

Line numbers for UfrmRelProdAgendas(..\RELATORIOS\UfrmRelProdAgendas.pas) segment .text

    71 0001:0003C130    74 0001:0003C134    75 0001:0003C153    77 0001:0003C170
    78 0001:0003C17A    81 0001:0003C17F    83 0001:0003C19C    84 0001:0003C1A6
    87 0001:0003C1AB    89 0001:0003C1CD    90 0001:0003C1D7    92 0001:0003C1FE
    95 0001:0003C294    97 0001:0003C297    98 0001:0003C2A8    99 0001:0003C2B5
   100 0001:0003C2DB   101 0001:0003C2F2   104 0001:0003C2F4   106 0001:0003C30F
   107 0001:0003C316   109 0001:0003C31D   110 0001:0003C342   111 0001:0003C3A0
   112 0001:0003C3E8   116 0001:0003C444   118 0001:0003C445   120 0001:0003C44A
   122 0001:0003C459   125 0001:0003C45C   127 0001:0003C45F   128 0001:0003C46A
   130 0001:0003C475   131 0001:0003C49C   132 0001:0003C4C3   134 0001:0003C4E0
   135 0001:0003C4EB   136 0001:0003C4F6   138 0001:0003C564   138 0001:0003C56B

Line numbers for UfrmRelProdLaboratorio(..\RELATORIOS\UfrmRelProdLaboratorio.pas) segment .text

   114 0001:0003CCC0   117 0001:0003CCC4   118 0001:0003CCE3   120 0001:0003CD00
   121 0001:0003CD0A   124 0001:0003CD0F   126 0001:0003CD2C   127 0001:0003CD36
   130 0001:0003CD3B   132 0001:0003CD5D   133 0001:0003CD67   135 0001:0003CD8E
   138 0001:0003CE24   140 0001:0003CE27   141 0001:0003CE38   142 0001:0003CE45
   143 0001:0003CE6B   144 0001:0003CE82   147 0001:0003CE84   149 0001:0003CE9F
   150 0001:0003CEA6   152 0001:0003CEAD   153 0001:0003CED2   154 0001:0003CF30
   155 0001:0003CF78   158 0001:0003CFD8   159 0001:0003CFF2   160 0001:0003D039
   161 0001:0003D044   162 0001:0003D04F   164 0001:0003D05A   165 0001:0003D081
   166 0001:0003D0A8   167 0001:0003D0CF   168 0001:0003D0F6   170 0001:0003D113
   171 0001:0003D11E   172 0001:0003D129   173 0001:0003D15E   177 0001:0003D1C4
   179 0001:0003D1C5   181 0001:0003D1CA   183 0001:0003D1D9   185 0001:0003D20C
   185 0001:0003D213

Line numbers for UfrmRelQuantitativo(..\RELATORIOS\UfrmRelQuantitativo.pas) segment .text

   147 0001:0003E260   148 0001:0003E27F   150 0001:0003E29C   151 0001:0003E2A6
   154 0001:0003E2AB   156 0001:0003E2C8   157 0001:0003E2D2   160 0001:0003E2D7
   162 0001:0003E2F9   163 0001:0003E303   165 0001:0003E32A   168 0001:0003E3C0
   170 0001:0003E3DA   171 0001:0003E400   172 0001:0003E417   173 0001:0003E441
   174 0001:0003E469   177 0001:0003E484   179 0001:0003E487   180 0001:0003E48E
   182 0001:0003E495   185 0001:0003E498   187 0001:0003E4B9   189 0001:0003E4BE
   190 0001:0003E4C9   191 0001:0003E4D4   192 0001:0003E4DF   193 0001:0003E4EA
   195 0001:0003E4F5   196 0001:0003E51C   197 0001:0003E543   198 0001:0003E56A
   199 0001:0003E591   200 0001:0003E5B8   201 0001:0003E5DF   202 0001:0003E606
   203 0001:0003E62D   205 0001:0003E654   206 0001:0003E65F   207 0001:0003E66A
   208 0001:0003E675   209 0001:0003E680   211 0001:0003E68B   212 0001:0003E6B0
   213 0001:0003E70E   214 0001:0003E76C   215 0001:0003E7CA   216 0001:0003E828
   217 0001:0003E886   218 0001:0003E945   220 0001:0003EA5C   220 0001:0003EA63

Line numbers for UfrmRelFixos(..\RELATORIOS\UfrmRelFixos.pas) segment .text

    83 0001:0003EDF4    84 0001:0003EE13    86 0001:0003EE30    87 0001:0003EE3A
    90 0001:0003EE3F    92 0001:0003EE5C    93 0001:0003EE66    96 0001:0003EE6B
    98 0001:0003EE8D    99 0001:0003EE97   101 0001:0003EEBE   104 0001:0003EF54
   106 0001:0003EF6E   107 0001:0003EF94   108 0001:0003EFAB   109 0001:0003EFD5
   110 0001:0003EFFD   114 0001:0003F018   117 0001:0003F01C   118 0001:0003F023
   119 0001:0003F03F   120 0001:0003F05B   121 0001:0003F077   122 0001:0003F093
   123 0001:0003F0AF   124 0001:0003F0C8   125 0001:0003F0E1   126 0001:0003F0FA
   127 0001:0003F113   128 0001:0003F12C   130 0001:0003F143   132 0001:0003F14C
   133 0001:0003F15A   136 0001:0003F160   137 0001:0003F183   138 0001:0003F18E
   140 0001:0003F19F   141 0001:0003F200   142 0001:0003F223   143 0001:0003F246
   144 0001:0003F269   145 0001:0003F28C   147 0001:0003F2AF   148 0001:0003F2CD
   150 0001:0003F2D7   151 0001:0003F2F7   152 0001:0003F317   153 0001:0003F337
   154 0001:0003F357   157 0001:0003F375   158 0001:0003F38A   160 0001:0003F3A1
   162 0001:0003F3C8   163 0001:0003F3EF   165 0001:0003F3FA   166 0001:0003F459
   167 0001:0003F483   168 0001:0003F4AD   169 0001:0003F4D7   170 0001:0003F501
   171 0001:0003F52B   172 0001:0003F555   173 0001:0003F57F   174 0001:0003F5A6
   175 0001:0003F5CD   176 0001:0003F5F4   178 0001:0003F63B   182 0001:0003F804
   184 0001:0003F820   185 0001:0003F863   186 0001:0003F8EB   189 0001:0003F928
   190 0001:0003F92B   199 0001:0003F937   202 0001:0003FB3C   204 0001:0003FB3F
   221 0001:0003FB4B   224 0001:000400B4   226 0001:000400B7   246 0001:000400C3
   249 0001:0004056C   251 0001:0004056F   256 0001:0004057B   261 0001:00040694
   262 0001:00040697   277 0001:000406A3   280 0001:00040A38   281 0001:00040A3B
   298 0001:00040A47   301 0001:00040D28   302 0001:00040D2B   329 0001:00040D37
   332 0001:0004101C   333 0001:0004101F   361 0001:0004102B   364 0001:00041354
   365 0001:00041357   393 0001:00041363   396 0001:000416B0   397 0001:000416B3
   448 0001:000416BF   451 0001:00041DDC   452 0001:00041DDF   497 0001:00041DEB
   499 0001:000424C0   499 0001:000424C7

Line numbers for SISRelatorios(Q:\lib\Pacotes\SISRelatorios.dpk) segment .text

    97 0001:00043098

Bound resource files

q:\lib\cadastro\ufrmRelGeralAgenda.dfm
q:\lib\cadastro\ufrmRelGeralCaracterizacao.dfm
q:\lib\cadastro\ufrmRelGeralNotificacao.dfm
q:\lib\cadastro\ufrmRelGeralPrograma.dfm
q:\lib\cadastro\ufrmRelListagemGeralExames.dfm
UfrmFiltroEsquemaTotal.dfm
UfrmConEsquemaTotal.dfm
UfrmFiltroEsquemaProcessoTotal.dfm
UfrmConEsquemaProcessoTotal.dfm
UfrmConfRelatorio.dfm
q:\lib\relatorios\ufrmRelSerieCronologica.dfm
q:\lib\relatorios\UfrmRelUnidades.dfm
q:\lib\relatorios\uSplash.dfm
q:\lib\relatorios\UfrmRR.dfm
q:\lib\relatorios\UfrmPainelAR.dfm
q:\lib\relatorios\UfrmAuditoriaRelatorios.dfm
q:\lib\relatorios\UfrmRelUnidadesImp.dfm
q:\lib\relatorios\UfrmRelMapa.dfm
q:\lib\relatorios\UfrmRelNotificacao.dfm
q:\lib\relatorios\UfrmRelMapaMedicoPeriodo.dfm
q:\lib\relatorios\UfrmRelExtratoPaciente.dfm
q:\lib\relatorios\UframeControleGestante.dfm
q:\lib\relatorios\UfrmRelGestante.dfm
q:\lib\relatorios\UfrmRelCriancaExpDPIAlto.dfm
q:\lib\relatorios\UfrmRelCriancaExpFechamento.dfm
q:\lib\relatorios\UfrmControleGestantes.dfm
q:\lib\relatorios\UfrmRelProdFarmacia.dfm
q:\lib\relatorios\UfrmRelProdAgendas.dfm
q:\lib\relatorios\UfrmRelProdLaboratorio.dfm
q:\lib\relatorios\UfrmRelQuantitativo.dfm
q:\lib\relatorios\UfrmRelFixos.dfm
SISRelatorios.res
SISRelatorios.drf


Program entry point at 0001:00043098
