
 Start         Length     Name                   Class
 0001:00000000 000224E4H .text                   CODE
 0002:00000000 00000040H .data                   DATA
 0002:00000040 000006C5H .bss                    BSS


Detailed map of segments

 0001:00000000 000000BE C=CODE     S=.text    G=(none)   M=System   ACBP=A9
 0001:000000C0 000001EC C=CODE     S=.text    G=(none)   M=SysInit  ACBP=A9
 0001:000002AC 0000000E C=CODE     S=.text    G=(none)   M=Types    ACBP=A9
 0001:000002BC 00000038 C=CODE     S=.text    G=(none)   M=Windows  ACBP=A9
 0001:000002F4 00000038 C=CODE     S=.text    G=(none)   M=Messages ACBP=A9
 0001:0000032C 0000000E C=CODE     S=.text    G=(none)   M=SysConst ACBP=A9
 0001:0000033C 00000066 C=CODE     S=.text    G=(none)   M=SysUtils ACBP=A9
 0001:000003A4 0000000E C=CODE     S=.text    G=(none)   M=VarUtils ACBP=A9
 0001:000003B4 00000036 C=CODE     S=.text    G=(none)   M=Variants ACBP=A9
 0001:000003EC 0000000E C=CODE     S=.text    G=(none)   M=ActiveX  ACBP=A9
 0001:000003FC 0000000E C=CODE     S=.text    G=(none)   M=RTLConsts ACBP=A9
 0001:0000040C 0000000E C=CODE     S=.text    G=(none)   M=TypInfo  ACBP=A9
 0001:0000041C 0000002E C=CODE     S=.text    G=(none)   M=Classes  ACBP=A9
 0001:0000044C 0000000E C=CODE     S=.text    G=(none)   M=Consts   ACBP=A9
 0001:0000045C 0000003E C=CODE     S=.text    G=(none)   M=Graphics ACBP=A9
 0001:0000049C 0000000E C=CODE     S=.text    G=(none)   M=Math     ACBP=A9
 0001:000004AC 0000000E C=CODE     S=.text    G=(none)   M=Contnrs  ACBP=A9
 0001:000004BC 00000038 C=CODE     S=.text    G=(none)   M=CommCtrl ACBP=A9
 0001:000004F4 0000000E C=CODE     S=.text    G=(none)   M=HelpIntfs ACBP=A9
 0001:00000504 0000000E C=CODE     S=.text    G=(none)   M=MultiMon ACBP=A9
 0001:00000514 00000038 C=CODE     S=.text    G=(none)   M=Imm      ACBP=A9
 0001:0000054C 0000000E C=CODE     S=.text    G=(none)   M=SyncObjs ACBP=A9
 0001:0000055C 0000000E C=CODE     S=.text    G=(none)   M=UxTheme  ACBP=A9
 0001:0000056C 00000038 C=CODE     S=.text    G=(none)   M=UrlMon   ACBP=A9
 0001:000005A4 00000038 C=CODE     S=.text    G=(none)   M=WinInet  ACBP=A9
 0001:000005DC 00000038 C=CODE     S=.text    G=(none)   M=RegStr   ACBP=A9
 0001:00000614 00000038 C=CODE     S=.text    G=(none)   M=ShellAPI ACBP=A9
 0001:0000064C 00000038 C=CODE     S=.text    G=(none)   M=ShlObj   ACBP=A9
 0001:00000684 0000000E C=CODE     S=.text    G=(none)   M=WinHelpViewer ACBP=A9
 0001:00000694 00000038 C=CODE     S=.text    G=(none)   M=WinSpool ACBP=A9
 0001:000006CC 0000000E C=CODE     S=.text    G=(none)   M=Printers ACBP=A9
 0001:000006DC 00000038 C=CODE     S=.text    G=(none)   M=CommDlg  ACBP=A9
 0001:00000714 00000038 C=CODE     S=.text    G=(none)   M=Dlgs     ACBP=A9
 0001:0000074C 00000016 C=CODE     S=.text    G=(none)   M=Dialogs  ACBP=A9
 0001:00000764 0000000E C=CODE     S=.text    G=(none)   M=StrUtils ACBP=A9
 0001:00000774 0000000E C=CODE     S=.text    G=(none)   M=Clipbrd  ACBP=A9
 0001:00000784 0000000E C=CODE     S=.text    G=(none)   M=StdActns ACBP=A9
 0001:00000794 0000000E C=CODE     S=.text    G=(none)   M=FlatSB   ACBP=A9
 0001:000007A4 00000016 C=CODE     S=.text    G=(none)   M=StdCtrls ACBP=A9
 0001:000007BC 0000000E C=CODE     S=.text    G=(none)   M=ExtCtrls ACBP=A9
 0001:000007CC 0000000E C=CODE     S=.text    G=(none)   M=ToolWin  ACBP=A9
 0001:000007DC 00000038 C=CODE     S=.text    G=(none)   M=RichEdit ACBP=A9
 0001:00000814 0000000E C=CODE     S=.text    G=(none)   M=IniFiles ACBP=A9
 0001:00000824 0000000E C=CODE     S=.text    G=(none)   M=Registry ACBP=A9
 0001:00000834 0000000E C=CODE     S=.text    G=(none)   M=Buttons  ACBP=A9
 0001:00000844 0000000E C=CODE     S=.text    G=(none)   M=ExtDlgs  ACBP=A9
 0001:00000854 0000000E C=CODE     S=.text    G=(none)   M=Mapi     ACBP=A9
 0001:00000864 0000000E C=CODE     S=.text    G=(none)   M=ExtActns ACBP=A9
 0001:00000874 0000000E C=CODE     S=.text    G=(none)   M=ComStrs  ACBP=A9
 0001:00000884 0000000E C=CODE     S=.text    G=(none)   M=ListActns ACBP=A9
 0001:00000894 0000001E C=CODE     S=.text    G=(none)   M=ComCtrls ACBP=A9
 0001:000008B4 0000000E C=CODE     S=.text    G=(none)   M=Themes   ACBP=A9
 0001:000008C4 0000000E C=CODE     S=.text    G=(none)   M=Menus    ACBP=A9
 0001:000008D4 0000012E C=CODE     S=.text    G=(none)   M=Forms    ACBP=A9
 0001:00000A04 0000000E C=CODE     S=.text    G=(none)   M=ImgList  ACBP=A9
 0001:00000A14 0000000E C=CODE     S=.text    G=(none)   M=ActnList ACBP=A9
 0001:00000A24 000000EE C=CODE     S=.text    G=(none)   M=Controls ACBP=A9
 0001:00000B14 0000000E C=CODE     S=.text    G=(none)   M=dxCommon ACBP=A9
 0001:00000B24 0000000E C=CODE     S=.text    G=(none)   M=dxUtils  ACBP=A9
 0001:00000B34 0000000E C=CODE     S=.text    G=(none)   M=dxEdStr  ACBP=A9
 0001:00000B44 0000000E C=CODE     S=.text    G=(none)   M=dxCntner ACBP=A9
 0001:00000B54 0000000E C=CODE     S=.text    G=(none)   M=dxGrDate ACBP=A9
 0001:00000B64 0000000E C=CODE     S=.text    G=(none)   M=dxCalc   ACBP=A9
 0001:00000B74 0000000E C=CODE     S=.text    G=(none)   M=MaskUtils ACBP=A9
 0001:00000B84 0000001E C=CODE     S=.text    G=(none)   M=Mask     ACBP=A9
 0001:00000BA4 0000001E C=CODE     S=.text    G=(none)   M=dxEditor ACBP=A9
 0001:00000BC4 00000016 C=CODE     S=.text    G=(none)   M=dxExEdtr ACBP=A9
 0001:00000BDC 0000000E C=CODE     S=.text    G=(none)   M=dxTLStr  ACBP=A9
 0001:00000BEC 0000000E C=CODE     S=.text    G=(none)   M=dxTL     ACBP=A9
 0001:00000BFC 0000000E C=CODE     S=.text    G=(none)   M=DBConsts ACBP=A9
 0001:00000C0C 0000000E C=CODE     S=.text    G=(none)   M=FMTBcd   ACBP=A9
 0001:00000C1C 00000016 C=CODE     S=.text    G=(none)   M=DateUtils ACBP=A9
 0001:00000C34 0000000E C=CODE     S=.text    G=(none)   M=SqlTimSt ACBP=A9
 0001:00000C44 0000000E C=CODE     S=.text    G=(none)   M=ComConst ACBP=A9
 0001:00000C54 0000000E C=CODE     S=.text    G=(none)   M=ComObj   ACBP=A9
 0001:00000C64 0000003E C=CODE     S=.text    G=(none)   M=DB       ACBP=A9
 0001:00000CA4 0000000E C=CODE     S=.text    G=(none)   M=dxGrFCmn ACBP=A9
 0001:00000CB4 0000000E C=CODE     S=.text    G=(none)   M=VDBConsts ACBP=A9
 0001:00000CC4 0000000E C=CODE     S=.text    G=(none)   M=DBPWDlg  ACBP=A9
 0001:00000CD4 0000000E C=CODE     S=.text    G=(none)   M=DBLogDlg ACBP=A9
 0001:00000CE4 0000000E C=CODE     S=.text    G=(none)   M=DBCtrls  ACBP=A9
 0001:00000CF4 0000000E C=CODE     S=.text    G=(none)   M=dxDBEdtr ACBP=A9
 0001:00000D04 0000000E C=CODE     S=.text    G=(none)   M=dxDBCtrl ACBP=A9
 0001:00000D14 0000000E C=CODE     S=.text    G=(none)   M=dxFilter ACBP=A9
 0001:00000D24 0000000E C=CODE     S=.text    G=(none)   M=dxGrExpt ACBP=A9
 0001:00000D34 0000000E C=CODE     S=.text    G=(none)   M=dxGrFDlg ACBP=A9
 0001:00000D44 0000000E C=CODE     S=.text    G=(none)   M=dxGrFltr ACBP=A9
 0001:00000D54 0000000E C=CODE     S=.text    G=(none)   M=dxDBGrid ACBP=A9
 0001:00000D64 0000000E C=CODE     S=.text    G=(none)   M=dxEdLib  ACBP=A9
 0001:00000D74 0000000E C=CODE     S=.text    G=(none)   M=dxDBELib ACBP=A9
 0001:00000D84 0000000E C=CODE     S=.text    G=(none)   M=DBCommon ACBP=A9
 0001:00000D94 0000000E C=CODE     S=.text    G=(none)   M=IBUtils  ACBP=A9
 0001:00000DA4 0000000E C=CODE     S=.text    G=(none)   M=IBXConst ACBP=A9
 0001:00000DB4 0000000E C=CODE     S=.text    G=(none)   M=IBExternals ACBP=A9
 0001:00000DC4 0000000E C=CODE     S=.text    G=(none)   M=IBInstallHeader ACBP=A9
 0001:00000DD4 0000000E C=CODE     S=.text    G=(none)   M=IBIntf   ACBP=A9
 0001:00000DE4 0000000E C=CODE     S=.text    G=(none)   M=IBHeader ACBP=A9
 0001:00000DF4 0000000E C=CODE     S=.text    G=(none)   M=IB       ACBP=A9
 0001:00000E04 0000000E C=CODE     S=.text    G=(none)   M=IBErrorCodes ACBP=A9
 0001:00000E14 0000000E C=CODE     S=.text    G=(none)   M=IBBlob   ACBP=A9
 0001:00000E24 0000001E C=CODE     S=.text    G=(none)   M=IBCustomDataSet ACBP=A9
 0001:00000E44 0000000E C=CODE     S=.text    G=(none)   M=IBServices ACBP=A9
 0001:00000E54 0000000E C=CODE     S=.text    G=(none)   M=IBSQLMonitor ACBP=A9
 0001:00000E64 0000000E C=CODE     S=.text    G=(none)   M=IBDatabaseInfo ACBP=A9
 0001:00000E74 0000000E C=CODE     S=.text    G=(none)   M=IBDatabase ACBP=A9
 0001:00000E84 00000026 C=CODE     S=.text    G=(none)   M=IBSQL    ACBP=A9
 0001:00000EAC 0000000E C=CODE     S=.text    G=(none)   M=IBQuery  ACBP=A9
 0001:00000EBC 0000000E C=CODE     S=.text    G=(none)   M=IBTable  ACBP=A9
 0001:00000ECC 00000016 C=CODE     S=.text    G=(none)   M=UGeral   ACBP=A9
 0001:00000EE4 00000016 C=CODE     S=.text    G=(none)   M=UDM      ACBP=A9
 0001:00000EFC 0000000E C=CODE     S=.text    G=(none)   M=uRelatorioWEB ACBP=A9
 0001:00000F0C 0000000E C=CODE     S=.text    G=(none)   M=StdVCL   ACBP=A9
 0001:00000F1C 0000000E C=CODE     S=.text    G=(none)   M=AxCtrls  ACBP=A9
 0001:00000F2C 0000000E C=CODE     S=.text    G=(none)   M=OleConst ACBP=A9
 0001:00000F3C 0000000E C=CODE     S=.text    G=(none)   M=OleCtrls ACBP=A9
 0001:00000F4C 0000000E C=CODE     S=.text    G=(none)   M=OleServer ACBP=A9
 0001:00000F5C 0000000E C=CODE     S=.text    G=(none)   M=MSHTML   ACBP=A9
 0001:00000F6C 00000016 C=CODE     S=.text    G=(none)   M=SHDocVw  ACBP=A9
 0001:00000F84 0000000E C=CODE     S=.text    G=(none)   M=uFuncaoGrid ACBP=A9
 0001:00000F94 0000000E C=CODE     S=.text    G=(none)   M=uPermissao ACBP=A9
 0001:00000FA4 0000000E C=CODE     S=.text    G=(none)   M=JConsts  ACBP=A9
 0001:00000FB4 0000000E C=CODE     S=.text    G=(none)   M=jpeg     ACBP=A9
 0001:00000FC4 0000000E C=CODE     S=.text    G=(none)   M=RpDefine ACBP=A9
 0001:00000FD4 0000000E C=CODE     S=.text    G=(none)   M=RpCon    ACBP=A9
 0001:00000FE4 0000000E C=CODE     S=.text    G=(none)   M=RpConDS  ACBP=A9
 0001:00000FF4 0000000E C=CODE     S=.text    G=(none)   M=RpBase   ACBP=A9
 0001:00001004 0000000E C=CODE     S=.text    G=(none)   M=RpDevice ACBP=A9
 0001:00001014 0000000E C=CODE     S=.text    G=(none)   M=RpFont   ACBP=A9
 0001:00001024 0000000E C=CODE     S=.text    G=(none)   M=RpRPTF   ACBP=A9
 0001:00001034 0000000E C=CODE     S=.text    G=(none)   M=RpSystem ACBP=A9
 0001:00001044 0000000E C=CODE     S=.text    G=(none)   M=RpFiler  ACBP=A9
 0001:00001054 0000000E C=CODE     S=.text    G=(none)   M=RpRender ACBP=A9
 0001:00001064 0000000E C=CODE     S=.text    G=(none)   M=RpMBCS   ACBP=A9
 0001:00001074 0000000E C=CODE     S=.text    G=(none)   M=RpRenderPrinter ACBP=A9
 0001:00001084 0000000E C=CODE     S=.text    G=(none)   M=RpRenderCanvas ACBP=A9
 0001:00001094 0000000E C=CODE     S=.text    G=(none)   M=RpRenderPreview ACBP=A9
 0001:000010A4 0000000E C=CODE     S=.text    G=(none)   M=RpFormSetup ACBP=A9
 0001:000010B4 0000000E C=CODE     S=.text    G=(none)   M=RpFormPreview ACBP=A9
 0001:000010C4 0000000E C=CODE     S=.text    G=(none)   M=RpFormStatus ACBP=A9
 0001:000010D4 0000000E C=CODE     S=.text    G=(none)   M=RpRave   ACBP=A9
 0001:000010E4 0000000E C=CODE     S=.text    G=(none)   M=RvDefine ACBP=A9
 0001:000010F4 0000000E C=CODE     S=.text    G=(none)   M=RvClass  ACBP=A9
 0001:00001104 0000000E C=CODE     S=.text    G=(none)   M=RvUtil   ACBP=A9
 0001:00001114 0000000E C=CODE     S=.text    G=(none)   M=RvCmHuff ACBP=A9
 0001:00001124 0000000E C=CODE     S=.text    G=(none)   M=RvProj   ACBP=A9
 0001:00001134 0000000E C=CODE     S=.text    G=(none)   M=RvData   ACBP=A9
 0001:00001144 0000000E C=CODE     S=.text    G=(none)   M=RvDataField ACBP=A9
 0001:00001154 0000000E C=CODE     S=.text    G=(none)   M=RvSecurity ACBP=A9
 0001:00001164 0000000E C=CODE     S=.text    G=(none)   M=RvDirectDataView ACBP=A9
 0001:00001174 0000000E C=CODE     S=.text    G=(none)   M=RvCsStd  ACBP=A9
 0001:00001184 0000000E C=CODE     S=.text    G=(none)   M=RpMemo   ACBP=A9
 0001:00001194 0000000E C=CODE     S=.text    G=(none)   M=RvCsRpt  ACBP=A9
 0001:000011A4 0000000E C=CODE     S=.text    G=(none)   M=RvCsDraw ACBP=A9
 0001:000011B4 0000000E C=CODE     S=.text    G=(none)   M=RvCsData ACBP=A9
 0001:000011C4 0000000E C=CODE     S=.text    G=(none)   M=RvDatabase ACBP=A9
 0001:000011D4 0000000E C=CODE     S=.text    G=(none)   M=RvDataLink ACBP=A9
 0001:000011E4 0000000E C=CODE     S=.text    G=(none)   M=RvDLCommon ACBP=A9
 0001:000011F4 0000000E C=CODE     S=.text    G=(none)   M=RvDLBase ACBP=A9
 0001:00001204 0000000E C=CODE     S=.text    G=(none)   M=RvDriverDataView ACBP=A9
 0001:00001214 0000000E C=CODE     S=.text    G=(none)   M=RvLEModule ACBP=A9
 0001:00001224 0000000E C=CODE     S=.text    G=(none)   M=RvLEDefine ACBP=A9
 0001:00001234 0000000E C=CODE     S=.text    G=(none)   M=RvLEID   ACBP=A9
 0001:00001244 0000000E C=CODE     S=.text    G=(none)   M=RvLEUtil ACBP=A9
 0001:00001254 0000000E C=CODE     S=.text    G=(none)   M=RvLEType ACBP=A9
 0001:00001264 0000000E C=CODE     S=.text    G=(none)   M=RvLERun  ACBP=A9
 0001:00001274 0000000E C=CODE     S=.text    G=(none)   M=RvLESystem ACBP=A9
 0001:00001284 0000000E C=CODE     S=.text    G=(none)   M=RvCsBars ACBP=A9
 0001:00001294 0000000E C=CODE     S=.text    G=(none)   M=RpBars   ACBP=A9
 0001:000012A4 0000000E C=CODE     S=.text    G=(none)   M=UDMGERAL ACBP=A9
 0001:000012B4 0000000E C=CODE     S=.text    G=(none)   M=Midas    ACBP=A9
 0001:000012C4 0000000E C=CODE     S=.text    G=(none)   M=MidConst ACBP=A9
 0001:000012D4 0000000E C=CODE     S=.text    G=(none)   M=DSIntf   ACBP=A9
 0001:000012E4 0000000E C=CODE     S=.text    G=(none)   M=DataBkr  ACBP=A9
 0001:000012F4 0000000E C=CODE     S=.text    G=(none)   M=Provider ACBP=A9
 0001:00001304 0000000E C=CODE     S=.text    G=(none)   M=DBClient ACBP=A9
 0001:00001314 0000000E C=CODE     S=.text    G=(none)   M=uFuncoesWeb ACBP=A9
 0001:00001324 0000000E C=CODE     S=.text    G=(none)   M=CHILKATHTTPLib_TLB ACBP=A9
 0001:00001334 0000000E C=CODE     S=.text    G=(none)   M=CHILKATUPLOADLib_TLB ACBP=A9
 0001:00001344 0000000E C=CODE     S=.text    G=(none)   M=ULogSQL  ACBP=A9
 0001:00001354 0000000E C=CODE     S=.text    G=(none)   M=UGeralSQL ACBP=A9
 0001:00001364 0000006E C=CODE     S=.text    G=(none)   M=Grids    ACBP=A9
 0001:000013D4 0000000E C=CODE     S=.text    G=(none)   M=DBGrids  ACBP=A9
 0001:000013E4 0000000E C=CODE     S=.text    G=(none)   M=FileCtrl ACBP=A9
 0001:000013F4 00000016 C=CODE     S=.text    G=(none)   M=UfrmCadPadSG ACBP=A9
 0001:0000140C 00000066 C=CODE     S=.text    G=(none)   M=UfrmCadPad ACBP=A9
 0001:00001474 00000016 C=CODE     S=.text    G=(none)   M=UfrmCadBase ACBP=A9
 0001:0000148C 0000001E C=CODE     S=.text    G=(none)   M=RxLookup ACBP=A9
 0001:000014AC 0000000E C=CODE     S=.text    G=(none)   M=ToolEdit ACBP=A9
 0001:000014BC 0000000E C=CODE     S=.text    G=(none)   M=rxStrUtils ACBP=A9
 0001:000014CC 0000000E C=CODE     S=.text    G=(none)   M=DateUtil ACBP=A9
 0001:000014DC 0000000E C=CODE     S=.text    G=(none)   M=RXConst  ACBP=A9
 0001:000014EC 0000000E C=CODE     S=.text    G=(none)   M=RxHook   ACBP=A9
 0001:000014FC 0000000E C=CODE     S=.text    G=(none)   M=RXCConst ACBP=A9
 0001:0000150C 0000000E C=CODE     S=.text    G=(none)   M=MaxMin   ACBP=A9
 0001:0000151C 0000000E C=CODE     S=.text    G=(none)   M=VCLUtils ACBP=A9
 0001:0000152C 0000000E C=CODE     S=.text    G=(none)   M=RXProps  ACBP=A9
 0001:0000153C 0000000E C=CODE     S=.text    G=(none)   M=Gauges   ACBP=A9
 0001:0000154C 0000000E C=CODE     S=.text    G=(none)   M=RxPrgrss ACBP=A9
 0001:0000155C 0000000E C=CODE     S=.text    G=(none)   M=FileUtil ACBP=A9
 0001:0000156C 0000000E C=CODE     S=.text    G=(none)   M=AppUtils ACBP=A9
 0001:0000157C 0000000E C=CODE     S=.text    G=(none)   M=Placemnt ACBP=A9
 0001:0000158C 0000000E C=CODE     S=.text    G=(none)   M=RxTimer  ACBP=A9
 0001:0000159C 0000000E C=CODE     S=.text    G=(none)   M=RXCtrls  ACBP=A9
 0001:000015AC 0000000E C=CODE     S=.text    G=(none)   M=PickDate ACBP=A9
 0001:000015BC 0000000E C=CODE     S=.text    G=(none)   M=DBUtils  ACBP=A9
 0001:000015CC 0000000E C=CODE     S=.text    G=(none)   M=RXDConst ACBP=A9
 0001:000015DC 0000000E C=CODE     S=.text    G=(none)   M=ClipIcon ACBP=A9
 0001:000015EC 00000016 C=CODE     S=.text    G=(none)   M=IB_Parse ACBP=A9
 0001:00001604 0000000E C=CODE     S=.text    G=(none)   M=IB_StringList ACBP=A9
 0001:00001614 0000000E C=CODE     S=.text    G=(none)   M=IB_Constants ACBP=A9
 0001:00001624 0000000E C=CODE     S=.text    G=(none)   M=IB_Utils ACBP=A9
 0001:00001634 0000000E C=CODE     S=.text    G=(none)   M=IB_Header ACBP=A9
 0001:00001644 0000000E C=CODE     S=.text    G=(none)   M=Unixpass ACBP=A9
 0001:00001654 0000000E C=CODE     S=.text    G=(none)   M=IB_Components ACBP=A9
 0001:00001664 0000000E C=CODE     S=.text    G=(none)   M=IB_NodeList ACBP=A9
 0001:00001674 0000000E C=CODE     S=.text    G=(none)   M=IB_Session ACBP=A9
 0001:00001684 0000000E C=CODE     S=.text    G=(none)   M=IB_MaskInterface ACBP=A9
 0001:00001694 0000000E C=CODE     S=.text    G=(none)   M=IB_Schema ACBP=A9
 0001:000016A4 0000000E C=CODE     S=.text    G=(none)   M=IB_ParseEx ACBP=A9
 0001:000016B4 0000000E C=CODE     S=.text    G=(none)   M=uRounding ACBP=A9
 0001:000016C4 00004B34 C=CODE     S=.text    G=(none)   M=uCadServicoTARVUnidade ACBP=A9
 0001:000061F8 000036BC C=CODE     S=.text    G=(none)   M=uCadCriancaExposta ACBP=A9
 0001:000098B4 000036CC C=CODE     S=.text    G=(none)   M=uCadCriancaExpostaUnidade ACBP=A9
 0001:0000CF80 00004ACC C=CODE     S=.text    G=(none)   M=uCadServicoAT ACBP=A9
 0001:00011A4C 00004AE4 C=CODE     S=.text    G=(none)   M=uCadServicoATUnidade ACBP=A9
 0001:00016530 000036A0 C=CODE     S=.text    G=(none)   M=uCadServicosCPN ACBP=A9
 0001:00019BD0 000036AC C=CODE     S=.text    G=(none)   M=uCadServicosCPNUnidade ACBP=A9
 0001:0001D27C 00004B10 C=CODE     S=.text    G=(none)   M=uCadServicoTARV ACBP=A9
 0001:00021D8C 00000755 C=CODE     S=.text    G=(none)   M=SISServicos ACBP=A9
 0002:00000000 0000002C C=DATA     S=.data    G=DGROUP   M=SysInit  ACBP=A9
 0002:00001000 00000010 C=BSS      S=.bss     G=DGROUP   M=SysInit  ACBP=A9
 0002:00001010 00000004 C=BSS      S=.bss     G=DGROUP   M=Windows  ACBP=A9
 0002:00001014 00000004 C=BSS      S=.bss     G=DGROUP   M=Messages ACBP=A9
 0002:00001018 00000004 C=BSS      S=.bss     G=DGROUP   M=CommCtrl ACBP=A9
 0002:0000101C 00000004 C=BSS      S=.bss     G=DGROUP   M=Imm      ACBP=A9
 0002:00001020 00000004 C=BSS      S=.bss     G=DGROUP   M=UrlMon   ACBP=A9
 0002:00001024 00000004 C=BSS      S=.bss     G=DGROUP   M=WinInet  ACBP=A9
 0002:00001028 00000004 C=BSS      S=.bss     G=DGROUP   M=RegStr   ACBP=A9
 0002:0000102C 00000004 C=BSS      S=.bss     G=DGROUP   M=ShellAPI ACBP=A9
 0002:00001030 00000004 C=BSS      S=.bss     G=DGROUP   M=ShlObj   ACBP=A9
 0002:00001034 00000004 C=BSS      S=.bss     G=DGROUP   M=WinSpool ACBP=A9
 0002:00001038 00000004 C=BSS      S=.bss     G=DGROUP   M=CommDlg  ACBP=A9
 0002:0000103C 00000004 C=BSS      S=.bss     G=DGROUP   M=Dlgs     ACBP=A9
 0002:00001040 00000004 C=BSS      S=.bss     G=DGROUP   M=RichEdit ACBP=A9
 0002:00001044 000000D0 C=BSS      S=.bss     G=DGROUP   M=uCadServicoTARVUnidade ACBP=A9
 0002:00001114 000000D0 C=BSS      S=.bss     G=DGROUP   M=uCadCriancaExposta ACBP=A9
 0002:000011E4 000000D0 C=BSS      S=.bss     G=DGROUP   M=uCadCriancaExpostaUnidade ACBP=A9
 0002:000012B4 000000D0 C=BSS      S=.bss     G=DGROUP   M=uCadServicoAT ACBP=A9
 0002:00001384 000000D0 C=BSS      S=.bss     G=DGROUP   M=uCadServicoATUnidade ACBP=A9
 0002:00001454 000000D0 C=BSS      S=.bss     G=DGROUP   M=uCadServicosCPN ACBP=A9
 0002:00001524 000000D0 C=BSS      S=.bss     G=DGROUP   M=uCadServicosCPNUnidade ACBP=A9
 0002:000015F4 000000D0 C=BSS      S=.bss     G=DGROUP   M=uCadServicoTARV ACBP=A9


  Address         Publics by Name

 0002:00001030       .1
 0002:00001020       .1
 0002:0000102C       .1
 0002:0000101C       .1
 0002:00001038       .1
 0002:00001028       .1
 0002:0000103C       .1
 0002:00001040       .1
 0002:00001018       .1
 0002:00001014       .1
 0002:00001008       .1
 0002:00001024       .1
 0002:000016C0       .3
 0002:00001034       .3
 0002:00001110       .3
 0002:000011E0       .3
 0002:000015F0       .3
 0002:00001380       .3
 0002:00001010       .3
 0002:00001520       .3
 0002:00001450       .3
 0002:000012B0       .3
 0001:000224BC       @GetPackageInfoTable
 0001:000001F8       @InitPkg
 0001:0000025C       @PackageLoad
 0001:000224C4       @PackageLoad
 0001:00000268       @PackageUnload
 0001:000224D0       @PackageUnload
 0001:000000F8       AllocTlsBuffer
 0002:00001100       Ano
 0002:00001370       Ano
 0002:000011D0       Ano
 0002:000012A0       Ano
 0002:00001440       Ano
 0002:00001510       Ano
 0002:000016B0       Ano
 0002:000015E0       Ano
 0002:0000138A       bConsolidado
 0002:000015FA       bConsolidado
 0002:000011EA       bConsolidado
 0002:0000152A       bConsolidado
 0002:0000111A       bConsolidado
 0002:0000104A       bConsolidado
 0002:000012BA       bConsolidado
 0002:0000145A       bConsolidado
 0002:00001049       bEdit
 0002:000015F9       bEdit
 0002:00001529       bEdit
 0002:00001459       bEdit
 0002:00001119       bEdit
 0002:00001389       bEdit
 0002:000012B9       bEdit
 0002:000011E9       bEdit
 0002:000011E8       bMesclando
 0002:00001528       bMesclando
 0002:000015F8       bMesclando
 0002:00001048       bMesclando
 0002:00001388       bMesclando
 0002:000012B8       bMesclando
 0002:00001458       bMesclando
 0002:00001118       bMesclando
 0001:000004EC       CommCtrl
 0001:0000070C       CommDlg
 0001:00000744       Dlgs
 0001:000001A4       ExitProcessTLS
 0001:0000017C       ExitThreadTLS
 0001:0000056C       Finalization
 0001:00000274       Finalization
 0001:000119C0       Finalization
 0001:000002F4       Finalization
 0001:00000514       Finalization
 0001:0000616C       Finalization
 0001:000004BC       Finalization
 0001:000164A4       Finalization
 0001:0001D1F0       Finalization
 0001:00019B44       Finalization
 0001:0000CEF4       Finalization
 0001:000007DC       Finalization
 0001:000005A4       Finalization
 0001:00000714       Finalization
 0001:00009828       Finalization
 0001:000006DC       Finalization
 0001:000005DC       Finalization
 0001:00021D00       Finalization
 0001:00000694       Finalization
 0001:00000614       Finalization
 0001:0000064C       Finalization
 0001:000002BC       Finalization
 0001:000000C0       FreeLibrary
 0002:00001114       frmCadCriancaExposta
 0002:000011E4       frmCadCriancaExpostaUnidade
 0002:000012B4       frmCadServicoAT
 0002:00001384       frmCadServicoATUnidade
 0002:00001454       frmCadServicosCPN
 0002:00001524       frmCadServicosCPNUnidade
 0002:000015F4       frmCadServicosTARV
 0002:00001044       frmCadServicosTARVUnidade
 0001:00000104       GetTlsSize
 0001:0000A06C       GridXML
 0001:0000D6FC       GridXML
 0001:00001E6C       GridXML
 0001:0001A374       GridXML
 0001:000069A0       GridXML
 0001:00016CBC       GridXML
 0001:0001DA14       GridXML
 0001:000121E0       GridXML
 0002:00001004       HInstance
 0001:00000544       Imm
 0001:000001C8       InitializeModule
 0001:00000150       InitProcessTLS
 0001:0000010C       InitThreadTLS
 0001:000000C8       LocalAlloc
 0001:000000D0       LocalFree
 0002:000011EC       Mes
 0002:0000138C       Mes
 0002:0000145C       Mes
 0002:0000152C       Mes
 0002:000015FC       Mes
 0002:0000111C       Mes
 0002:0000104C       Mes
 0002:000012BC       Mes
 0001:00000324       Messages
 0002:00000004       Module
 0002:00001000       ModuleIsLib
 0002:00001001       ModuleIsPackage
 0002:000011D8       MSQL
 0002:00001378       MSQL
 0002:00001518       MSQL
 0002:000012A8       MSQL
 0002:00001108       MSQL
 0002:00001448       MSQL
 0002:000016B8       MSQL
 0002:000015E8       MSQL
 0002:0000143C       Municipio
 0002:0000129C       Municipio
 0002:000015DC       Municipio
 0002:0000150C       Municipio
 0002:0000136C       Municipio
 0002:000010FC       Municipio
 0002:000016AC       Municipio
 0002:000011CC       Municipio
 0002:00001368       Provincia
 0002:000010F8       Provincia
 0002:00001438       Provincia
 0002:000011C8       Provincia
 0002:00001298       Provincia
 0002:00001508       Provincia
 0002:000015D8       Provincia
 0002:000016A8       Provincia
 0002:00001104       PSQL
 0002:00001444       PSQL
 0002:00001514       PSQL
 0002:00001374       PSQL
 0002:000011D4       PSQL
 0002:000016B4       PSQL
 0002:000015E4       PSQL
 0002:000012A4       PSQL
 0001:0000060C       RegStr
 0001:0000080C       RichEdit
 0002:000015CC       sArq
 0002:0000128C       sArq
 0002:000014FC       sArq
 0002:000011BC       sArq
 0002:0000169C       sArq
 0002:0000142C       sArq
 0002:000010EC       sArq
 0002:0000135C       sArq
 0001:00000644       ShellAPI
 0001:0000067C       ShlObj
 0001:000224DC       SISServicos
 0002:000011C0       sSQLCriancaExposta
 0002:00001290       sSQLCriancaExposta
 0002:00001360       sSQLServicoAT
 0002:00001430       sSQLServicoAT
 0002:000015D0       sSQLServicosCPN
 0002:00001500       sSQLServicosCPN
 0002:000016A0       sSQLServicosTARV
 0002:000010F0       sSQLServicosTARV
 0001:000002A4       SysInit
 0001:00007740       TfrmCadCriancaExposta.AbreConsultas
 0001:00008E64       TfrmCadCriancaExposta.btCancelarClick
 0001:00008598       TfrmCadCriancaExposta.btConsultarClick
 0001:00008ED4       TfrmCadCriancaExposta.bteditarClick
 0001:00008BF4       TfrmCadCriancaExposta.btexcluirClick
 0001:00008478       TfrmCadCriancaExposta.btgravarClick
 0001:0000900C       TfrmCadCriancaExposta.btimprimirClick
 0001:00008354       TfrmCadCriancaExposta.btIncluirClick
 0001:00008E58       TfrmCadCriancaExposta.btLimparClick
 0001:00007830       TfrmCadCriancaExposta.CalculaTotal
 0001:00006E40       TfrmCadCriancaExposta.CarregaComboAno
 0001:00007A9C       TfrmCadCriancaExposta.CarregaGrid
 0001:00008BE4       TfrmCadCriancaExposta.cbAnoChange
 0001:00008B58       TfrmCadCriancaExposta.ckConsolidarClick
 0001:00006F74       TfrmCadCriancaExposta.CriaGrid
 0001:00007808       TfrmCadCriancaExposta.FechaConsultas
 0001:00007D70       TfrmCadCriancaExposta.FormClose
 0001:000082D0       TfrmCadCriancaExposta.FormCreate
 0001:00007D3C       TfrmCadCriancaExposta.FormShow
 0001:00006AF4       TfrmCadCriancaExposta.GeraXML
 0001:00008A2C       TfrmCadCriancaExposta.grDadosDblClick
 0001:000095E0       TfrmCadCriancaExposta.leMunicipioChange
 0001:000094B8       TfrmCadCriancaExposta.leProvinciaChange
 0001:00009704       TfrmCadCriancaExposta.leUnidadeChange
 0001:00009468       TfrmCadCriancaExposta.Limpar
 0001:00008590       TfrmCadCriancaExposta.pgGeralChange
 0001:00007D94       TfrmCadCriancaExposta.sgCriancaExpostaDrawCell
 0001:000083F0       TfrmCadCriancaExposta.sgCriancaExpostaSelectCell
 0001:00008504       TfrmCadCriancaExposta.sgCriancaExpostaSetEditText
 0001:00009170       TfrmCadCriancaExposta.ValidaExclusao
 0001:000072D0       TfrmCadCriancaExposta.Varregrid
 0001:0000AE0C       TfrmCadCriancaExpostaUnidade.AbreConsultas
 0001:0000C530       TfrmCadCriancaExpostaUnidade.btCancelarClick
 0001:0000BC64       TfrmCadCriancaExpostaUnidade.btConsultarClick
 0001:0000C5A0       TfrmCadCriancaExpostaUnidade.bteditarClick
 0001:0000C2C0       TfrmCadCriancaExpostaUnidade.btexcluirClick
 0001:0000BB44       TfrmCadCriancaExpostaUnidade.btgravarClick
 0001:0000C6D8       TfrmCadCriancaExpostaUnidade.btimprimirClick
 0001:0000BA20       TfrmCadCriancaExpostaUnidade.btIncluirClick
 0001:0000C524       TfrmCadCriancaExpostaUnidade.btLimparClick
 0001:0000AEFC       TfrmCadCriancaExpostaUnidade.CalculaTotal
 0001:0000A50C       TfrmCadCriancaExpostaUnidade.CarregaComboAno
 0001:0000B168       TfrmCadCriancaExpostaUnidade.CarregaGrid
 0001:0000C2B0       TfrmCadCriancaExpostaUnidade.cbAnoChange
 0001:0000C224       TfrmCadCriancaExpostaUnidade.ckConsolidarClick
 0001:0000A640       TfrmCadCriancaExpostaUnidade.CriaGrid
 0001:0000AED4       TfrmCadCriancaExpostaUnidade.FechaConsultas
 0001:0000B43C       TfrmCadCriancaExpostaUnidade.FormClose
 0001:0000B99C       TfrmCadCriancaExpostaUnidade.FormCreate
 0001:0000B408       TfrmCadCriancaExpostaUnidade.FormShow
 0001:0000A1C0       TfrmCadCriancaExpostaUnidade.GeraXML
 0001:0000C0F8       TfrmCadCriancaExpostaUnidade.grDadosDblClick
 0001:0000CCAC       TfrmCadCriancaExpostaUnidade.leMunicipioChange
 0001:0000CB84       TfrmCadCriancaExpostaUnidade.leProvinciaChange
 0001:0000CDD0       TfrmCadCriancaExpostaUnidade.leUnidadeChange
 0001:0000CB34       TfrmCadCriancaExpostaUnidade.Limpar
 0001:0000BC5C       TfrmCadCriancaExpostaUnidade.pgGeralChange
 0001:0000B460       TfrmCadCriancaExpostaUnidade.sgCriancaExpostaDrawCell
 0001:0000BABC       TfrmCadCriancaExpostaUnidade.sgCriancaExpostaSelectCell
 0001:0000BBD0       TfrmCadCriancaExpostaUnidade.sgCriancaExpostaSetEditText
 0001:0000C83C       TfrmCadCriancaExpostaUnidade.ValidaExclusao
 0001:0000A99C       TfrmCadCriancaExpostaUnidade.Varregrid
 0001:0000EC48       TfrmCadServicoAT.AbreConsultas
 0001:000112F8       TfrmCadServicoAT.btCancelarClick
 0001:00010A14       TfrmCadServicoAT.btConsultarClick
 0001:00011368       TfrmCadServicoAT.bteditarClick
 0001:00011088       TfrmCadServicoAT.btexcluirClick
 0001:000108F4       TfrmCadServicoAT.btgravarClick
 0001:000114A0       TfrmCadServicoAT.btimprimirClick
 0001:000107D0       TfrmCadServicoAT.btIncluirClick
 0001:000112EC       TfrmCadServicoAT.btLimparClick
 0001:0000ED38       TfrmCadServicoAT.CalculaTotal
 0001:0000DB98       TfrmCadServicoAT.CarregaComboAno
 0001:0000F01C       TfrmCadServicoAT.CarregaGrid
 0001:00011078       TfrmCadServicoAT.cbAnoChange
 0001:00010FEC       TfrmCadServicoAT.ckConsolidarClick
 0001:0000DCCC       TfrmCadServicoAT.CriaGrid
 0001:0000ED10       TfrmCadServicoAT.FechaConsultas
 0001:0000F998       TfrmCadServicoAT.FormClose
 0001:0001074C       TfrmCadServicoAT.FormCreate
 0001:0000F964       TfrmCadServicoAT.FormShow
 0001:0000D850       TfrmCadServicoAT.GeraXML
 0001:00010F08       TfrmCadServicoAT.grDadosDblClick
 0001:00011778       TfrmCadServicoAT.leMunicipioChange
 0001:00011650       TfrmCadServicoAT.leProvinciaChange
 0001:0001189C       TfrmCadServicoAT.leUnidadeChange
 0001:00011600       TfrmCadServicoAT.Limpar
 0001:00010A0C       TfrmCadServicoAT.pgGeralChange
 0001:0000F9BC       TfrmCadServicoAT.sgServicoATDrawCell
 0001:0001086C       TfrmCadServicoAT.sgServicoATSelectCell
 0001:00010980       TfrmCadServicoAT.sgServicoATSetEditText
 0001:0000E204       TfrmCadServicoAT.ValidaExclusao
 0001:0000E4FC       TfrmCadServicoAT.Varregrid
 0001:0001372C       TfrmCadServicoATUnidade.AbreConsultas
 0001:00015DDC       TfrmCadServicoATUnidade.btCancelarClick
 0001:000154F8       TfrmCadServicoATUnidade.btConsultarClick
 0001:00015E4C       TfrmCadServicoATUnidade.bteditarClick
 0001:00015B6C       TfrmCadServicoATUnidade.btexcluirClick
 0001:000153D8       TfrmCadServicoATUnidade.btgravarClick
 0001:00015F84       TfrmCadServicoATUnidade.btimprimirClick
 0001:000152B4       TfrmCadServicoATUnidade.btIncluirClick
 0001:00015DD0       TfrmCadServicoATUnidade.btLimparClick
 0001:0001381C       TfrmCadServicoATUnidade.CalculaTotal
 0001:0001267C       TfrmCadServicoATUnidade.CarregaComboAno
 0001:00013B00       TfrmCadServicoATUnidade.CarregaGrid
 0001:00015B5C       TfrmCadServicoATUnidade.cbAnoChange
 0001:00015AD0       TfrmCadServicoATUnidade.ckConsolidarClick
 0001:000127B0       TfrmCadServicoATUnidade.CriaGrid
 0001:000137F4       TfrmCadServicoATUnidade.FechaConsultas
 0001:0001447C       TfrmCadServicoATUnidade.FormClose
 0001:00015230       TfrmCadServicoATUnidade.FormCreate
 0001:00014448       TfrmCadServicoATUnidade.FormShow
 0001:00012334       TfrmCadServicoATUnidade.GeraXML
 0001:000159EC       TfrmCadServicoATUnidade.grDadosDblClick
 0001:0001625C       TfrmCadServicoATUnidade.leMunicipioChange
 0001:00016134       TfrmCadServicoATUnidade.leProvinciaChange
 0001:00016380       TfrmCadServicoATUnidade.leUnidadeChange
 0001:000160E4       TfrmCadServicoATUnidade.Limpar
 0001:000154F0       TfrmCadServicoATUnidade.pgGeralChange
 0001:000144A0       TfrmCadServicoATUnidade.sgServicoATDrawCell
 0001:00015350       TfrmCadServicoATUnidade.sgServicoATSelectCell
 0001:00015464       TfrmCadServicoATUnidade.sgServicoATSetEditText
 0001:00012CE8       TfrmCadServicoATUnidade.ValidaExclusao
 0001:00012FE0       TfrmCadServicoATUnidade.Varregrid
 0001:00017D34       TfrmCadServicosCPN.AbreConsultas
 0001:00019478       TfrmCadServicosCPN.btCancelarClick
 0001:00018B8C       TfrmCadServicosCPN.btConsultarClick
 0001:000194E8       TfrmCadServicosCPN.bteditarClick
 0001:00019200       TfrmCadServicosCPN.btexcluirClick
 0001:00018A6C       TfrmCadServicosCPN.btgravarClick
 0001:00019620       TfrmCadServicosCPN.btimprimirClick
 0001:00018948       TfrmCadServicosCPN.btIncluirClick
 0001:0001946C       TfrmCadServicosCPN.btLimparClick
 0001:00017E24       TfrmCadServicosCPN.CalculaTotal
 0001:00017158       TfrmCadServicosCPN.CarregaComboAno
 0001:00018090       TfrmCadServicosCPN.CarregaGrid
 0001:000191F0       TfrmCadServicosCPN.cbAnoChange
 0001:00019164       TfrmCadServicosCPN.ckConsolidarClick
 0001:0001728C       TfrmCadServicosCPN.CriaGrid
 0001:00017DFC       TfrmCadServicosCPN.FechaConsultas
 0001:00018364       TfrmCadServicosCPN.FormClose
 0001:000188C4       TfrmCadServicosCPN.FormCreate
 0001:00018330       TfrmCadServicosCPN.FormShow
 0001:00016E10       TfrmCadServicosCPN.GeraXML
 0001:00019080       TfrmCadServicosCPN.grDadosDblClick
 0001:000198FC       TfrmCadServicosCPN.leMunicipioChange
 0001:000197D4       TfrmCadServicosCPN.leProvinciaChange
 0001:00019A20       TfrmCadServicosCPN.leUnidadeChange
 0001:00019784       TfrmCadServicosCPN.Limpar
 0001:00018B84       TfrmCadServicosCPN.pgGeralChange
 0001:00018388       TfrmCadServicosCPN.sgServicosCPNDrawCell
 0001:000189E4       TfrmCadServicosCPN.sgServicosCPNSelectCell
 0001:00018AF8       TfrmCadServicosCPN.sgServicosCPNSetEditText
 0001:000175CC       TfrmCadServicosCPN.ValidaExclusao
 0001:000178C4       TfrmCadServicosCPN.Varregrid
 0001:0001B3E0       TfrmCadServicosCPNUnidade.AbreConsultas
 0001:0001CB24       TfrmCadServicosCPNUnidade.btCancelarClick
 0001:0001C238       TfrmCadServicosCPNUnidade.btConsultarClick
 0001:0001CB94       TfrmCadServicosCPNUnidade.bteditarClick
 0001:0001C8AC       TfrmCadServicosCPNUnidade.btexcluirClick
 0001:0001C118       TfrmCadServicosCPNUnidade.btgravarClick
 0001:0001CCCC       TfrmCadServicosCPNUnidade.btimprimirClick
 0001:0001BFF4       TfrmCadServicosCPNUnidade.btIncluirClick
 0001:0001CB18       TfrmCadServicosCPNUnidade.btLimparClick
 0001:0001B4D0       TfrmCadServicosCPNUnidade.CalculaTotal
 0001:0001A810       TfrmCadServicosCPNUnidade.CarregaComboAno
 0001:0001B73C       TfrmCadServicosCPNUnidade.CarregaGrid
 0001:0001C89C       TfrmCadServicosCPNUnidade.cbAnoChange
 0001:0001C810       TfrmCadServicosCPNUnidade.ckConsolidarClick
 0001:0001A944       TfrmCadServicosCPNUnidade.CriaGrid
 0001:0001B4A8       TfrmCadServicosCPNUnidade.FechaConsultas
 0001:0001BA10       TfrmCadServicosCPNUnidade.FormClose
 0001:0001BF70       TfrmCadServicosCPNUnidade.FormCreate
 0001:0001B9DC       TfrmCadServicosCPNUnidade.FormShow
 0001:0001A4C8       TfrmCadServicosCPNUnidade.GeraXML
 0001:0001C72C       TfrmCadServicosCPNUnidade.grDadosDblClick
 0001:0001CFA8       TfrmCadServicosCPNUnidade.leMunicipioChange
 0001:0001CE80       TfrmCadServicosCPNUnidade.leProvinciaChange
 0001:0001D0CC       TfrmCadServicosCPNUnidade.leUnidadeChange
 0001:0001CE30       TfrmCadServicosCPNUnidade.Limpar
 0001:0001C230       TfrmCadServicosCPNUnidade.pgGeralChange
 0001:0001BA34       TfrmCadServicosCPNUnidade.sgServicosCPNDrawCell
 0001:0001C090       TfrmCadServicosCPNUnidade.sgServicosCPNSelectCell
 0001:0001C1A4       TfrmCadServicosCPNUnidade.sgServicosCPNSetEditText
 0001:0001AC78       TfrmCadServicosCPNUnidade.ValidaExclusao
 0001:0001AF70       TfrmCadServicosCPNUnidade.Varregrid
 0001:0001EF60       TfrmCadServicosTARV.AbreConsultas
 0001:00021634       TfrmCadServicosTARV.btCancelarClick
 0001:00020D2C       TfrmCadServicosTARV.btConsultarClick
 0001:000216A4       TfrmCadServicosTARV.bteditarClick
 0001:000213C4       TfrmCadServicosTARV.btexcluirClick
 0001:00020C0C       TfrmCadServicosTARV.btgravarClick
 0001:000217DC       TfrmCadServicosTARV.btimprimirClick
 0001:00020AE8       TfrmCadServicosTARV.btIncluirClick
 0001:00021628       TfrmCadServicosTARV.btLimparClick
 0001:0001F050       TfrmCadServicosTARV.CalculaTotal
 0001:0001DEB0       TfrmCadServicosTARV.CarregaComboAno
 0001:0001F334       TfrmCadServicosTARV.CarregaGrid
 0001:000213B4       TfrmCadServicosTARV.cbAnoChange
 0001:00021328       TfrmCadServicosTARV.ckConsolidarClick
 0001:0001DFE4       TfrmCadServicosTARV.CriaGrid
 0001:0001F028       TfrmCadServicosTARV.FechaConsultas
 0001:0001FCB0       TfrmCadServicosTARV.FormClose
 0001:00020A64       TfrmCadServicosTARV.FormCreate
 0001:0001FC7C       TfrmCadServicosTARV.FormShow
 0001:0001DB68       TfrmCadServicosTARV.GeraXML
 0001:00021238       TfrmCadServicosTARV.grDadosDblClick
 0001:00021AB8       TfrmCadServicosTARV.leMunicipioChange
 0001:00021990       TfrmCadServicosTARV.leProvinciaChange
 0001:00021BDC       TfrmCadServicosTARV.leUnidadeChange
 0001:00021940       TfrmCadServicosTARV.Limpar
 0001:00020D24       TfrmCadServicosTARV.pgGeralChange
 0001:0001FCD4       TfrmCadServicosTARV.sgServicosTARVDrawCell
 0001:00020B84       TfrmCadServicosTARV.sgServicosTARVSelectCell
 0001:00020C98       TfrmCadServicosTARV.sgServicosTARVSetEditText
 0001:0001E51C       TfrmCadServicosTARV.ValidaExclusao
 0001:0001E814       TfrmCadServicosTARV.Varregrid
 0001:000033B8       TfrmCadServicosTARVUnidade.AbreConsultas
 0001:00005AA0       TfrmCadServicosTARVUnidade.btCancelarClick
 0001:00005198       TfrmCadServicosTARVUnidade.btConsultarClick
 0001:00005B10       TfrmCadServicosTARVUnidade.bteditarClick
 0001:00005830       TfrmCadServicosTARVUnidade.btexcluirClick
 0001:00005078       TfrmCadServicosTARVUnidade.btgravarClick
 0001:00005C48       TfrmCadServicosTARVUnidade.btimprimirClick
 0001:00004F54       TfrmCadServicosTARVUnidade.btIncluirClick
 0001:00005A94       TfrmCadServicosTARVUnidade.btLimparClick
 0001:000034A8       TfrmCadServicosTARVUnidade.CalculaTotal
 0001:00002308       TfrmCadServicosTARVUnidade.CarregaComboAno
 0001:0000378C       TfrmCadServicosTARVUnidade.CarregaGrid
 0001:00005820       TfrmCadServicosTARVUnidade.cbAnoChange
 0001:00005794       TfrmCadServicosTARVUnidade.ckConsolidarClick
 0001:0000243C       TfrmCadServicosTARVUnidade.CriaGrid
 0001:00003480       TfrmCadServicosTARVUnidade.FechaConsultas
 0001:00004108       TfrmCadServicosTARVUnidade.FormClose
 0001:00004ED0       TfrmCadServicosTARVUnidade.FormCreate
 0001:000040D4       TfrmCadServicosTARVUnidade.FormShow
 0001:00001FC0       TfrmCadServicosTARVUnidade.GeraXML
 0001:000056A4       TfrmCadServicosTARVUnidade.grDadosDblClick
 0001:00005F24       TfrmCadServicosTARVUnidade.leMunicipioChange
 0001:00005DFC       TfrmCadServicosTARVUnidade.leProvinciaChange
 0001:00006048       TfrmCadServicosTARVUnidade.leUnidadeChange
 0001:00005DAC       TfrmCadServicosTARVUnidade.Limpar
 0001:00005190       TfrmCadServicosTARVUnidade.pgGeralChange
 0001:0000412C       TfrmCadServicosTARVUnidade.sgServicosTARVDrawCell
 0001:00004FF0       TfrmCadServicosTARVUnidade.sgServicosTARVSelectCell
 0001:00005104       TfrmCadServicosTARVUnidade.sgServicosTARVSetEditText
 0001:00002974       TfrmCadServicosTARVUnidade.ValidaExclusao
 0001:00002C6C       TfrmCadServicosTARVUnidade.Varregrid
 0001:000000D8       TlsAlloc
 0002:0000100C       tlsBuffer
 0001:000000E0       TlsFree
 0001:000000E8       TlsGetValue
 0002:00000000       TlsIndex
 0002:FFBDC000       TlsLast
 0002:0000001C       TlsProc
 0001:000000F0       TlsSetValue
 0001:000098AC       uCadCriancaExposta
 0001:0000CF78       uCadCriancaExpostaUnidade
 0001:00011A44       uCadServicoAT
 0001:00016528       uCadServicoATUnidade
 0001:00019BC8       uCadServicosCPN
 0001:0001D274       uCadServicosCPNUnidade
 0001:00021D84       uCadServicoTARV
 0001:000061F0       uCadServicoTARVUnidade
 0002:00001294       Unidade
 0002:00001434       Unidade
 0002:00001364       Unidade
 0002:000015D4       Unidade
 0002:000011C4       Unidade
 0002:000010F4       Unidade
 0002:000016A4       Unidade
 0002:00001504       Unidade
 0001:000001D4       UninitializeModule
 0001:0000059C       UrlMon
 0002:000012AC       USQL
 0002:0000137C       USQL
 0002:000011DC       USQL
 0002:0000144C       USQL
 0002:000015EC       USQL
 0002:000016BC       USQL
 0002:0000110C       USQL
 0002:0000151C       USQL
 0001:000002EC       Windows
 0001:000005D4       WinInet
 0001:000006C4       WinSpool


  Address         Publics by Value

 0002:FFBDC000       TlsLast
 0001:000000C0       FreeLibrary
 0001:000000C8       LocalAlloc
 0001:000000D0       LocalFree
 0001:000000D8       TlsAlloc
 0001:000000E0       TlsFree
 0001:000000E8       TlsGetValue
 0001:000000F0       TlsSetValue
 0001:000000F8       AllocTlsBuffer
 0001:00000104       GetTlsSize
 0001:0000010C       InitThreadTLS
 0001:00000150       InitProcessTLS
 0001:0000017C       ExitThreadTLS
 0001:000001A4       ExitProcessTLS
 0001:000001C8       InitializeModule
 0001:000001D4       UninitializeModule
 0001:000001F8       @InitPkg
 0001:0000025C       @PackageLoad
 0001:00000268       @PackageUnload
 0001:00000274       Finalization
 0001:000002A4       SysInit
 0001:000002BC       Finalization
 0001:000002EC       Windows
 0001:000002F4       Finalization
 0001:00000324       Messages
 0001:000004BC       Finalization
 0001:000004EC       CommCtrl
 0001:00000514       Finalization
 0001:00000544       Imm
 0001:0000056C       Finalization
 0001:0000059C       UrlMon
 0001:000005A4       Finalization
 0001:000005D4       WinInet
 0001:000005DC       Finalization
 0001:0000060C       RegStr
 0001:00000614       Finalization
 0001:00000644       ShellAPI
 0001:0000064C       Finalization
 0001:0000067C       ShlObj
 0001:00000694       Finalization
 0001:000006C4       WinSpool
 0001:000006DC       Finalization
 0001:0000070C       CommDlg
 0001:00000714       Finalization
 0001:00000744       Dlgs
 0001:000007DC       Finalization
 0001:0000080C       RichEdit
 0001:00001E6C       GridXML
 0001:00001FC0       TfrmCadServicosTARVUnidade.GeraXML
 0001:00002308       TfrmCadServicosTARVUnidade.CarregaComboAno
 0001:0000243C       TfrmCadServicosTARVUnidade.CriaGrid
 0001:00002974       TfrmCadServicosTARVUnidade.ValidaExclusao
 0001:00002C6C       TfrmCadServicosTARVUnidade.Varregrid
 0001:000033B8       TfrmCadServicosTARVUnidade.AbreConsultas
 0001:00003480       TfrmCadServicosTARVUnidade.FechaConsultas
 0001:000034A8       TfrmCadServicosTARVUnidade.CalculaTotal
 0001:0000378C       TfrmCadServicosTARVUnidade.CarregaGrid
 0001:000040D4       TfrmCadServicosTARVUnidade.FormShow
 0001:00004108       TfrmCadServicosTARVUnidade.FormClose
 0001:0000412C       TfrmCadServicosTARVUnidade.sgServicosTARVDrawCell
 0001:00004ED0       TfrmCadServicosTARVUnidade.FormCreate
 0001:00004F54       TfrmCadServicosTARVUnidade.btIncluirClick
 0001:00004FF0       TfrmCadServicosTARVUnidade.sgServicosTARVSelectCell
 0001:00005078       TfrmCadServicosTARVUnidade.btgravarClick
 0001:00005104       TfrmCadServicosTARVUnidade.sgServicosTARVSetEditText
 0001:00005190       TfrmCadServicosTARVUnidade.pgGeralChange
 0001:00005198       TfrmCadServicosTARVUnidade.btConsultarClick
 0001:000056A4       TfrmCadServicosTARVUnidade.grDadosDblClick
 0001:00005794       TfrmCadServicosTARVUnidade.ckConsolidarClick
 0001:00005820       TfrmCadServicosTARVUnidade.cbAnoChange
 0001:00005830       TfrmCadServicosTARVUnidade.btexcluirClick
 0001:00005A94       TfrmCadServicosTARVUnidade.btLimparClick
 0001:00005AA0       TfrmCadServicosTARVUnidade.btCancelarClick
 0001:00005B10       TfrmCadServicosTARVUnidade.bteditarClick
 0001:00005C48       TfrmCadServicosTARVUnidade.btimprimirClick
 0001:00005DAC       TfrmCadServicosTARVUnidade.Limpar
 0001:00005DFC       TfrmCadServicosTARVUnidade.leProvinciaChange
 0001:00005F24       TfrmCadServicosTARVUnidade.leMunicipioChange
 0001:00006048       TfrmCadServicosTARVUnidade.leUnidadeChange
 0001:0000616C       Finalization
 0001:000061F0       uCadServicoTARVUnidade
 0001:000069A0       GridXML
 0001:00006AF4       TfrmCadCriancaExposta.GeraXML
 0001:00006E40       TfrmCadCriancaExposta.CarregaComboAno
 0001:00006F74       TfrmCadCriancaExposta.CriaGrid
 0001:000072D0       TfrmCadCriancaExposta.Varregrid
 0001:00007740       TfrmCadCriancaExposta.AbreConsultas
 0001:00007808       TfrmCadCriancaExposta.FechaConsultas
 0001:00007830       TfrmCadCriancaExposta.CalculaTotal
 0001:00007A9C       TfrmCadCriancaExposta.CarregaGrid
 0001:00007D3C       TfrmCadCriancaExposta.FormShow
 0001:00007D70       TfrmCadCriancaExposta.FormClose
 0001:00007D94       TfrmCadCriancaExposta.sgCriancaExpostaDrawCell
 0001:000082D0       TfrmCadCriancaExposta.FormCreate
 0001:00008354       TfrmCadCriancaExposta.btIncluirClick
 0001:000083F0       TfrmCadCriancaExposta.sgCriancaExpostaSelectCell
 0001:00008478       TfrmCadCriancaExposta.btgravarClick
 0001:00008504       TfrmCadCriancaExposta.sgCriancaExpostaSetEditText
 0001:00008590       TfrmCadCriancaExposta.pgGeralChange
 0001:00008598       TfrmCadCriancaExposta.btConsultarClick
 0001:00008A2C       TfrmCadCriancaExposta.grDadosDblClick
 0001:00008B58       TfrmCadCriancaExposta.ckConsolidarClick
 0001:00008BE4       TfrmCadCriancaExposta.cbAnoChange
 0001:00008BF4       TfrmCadCriancaExposta.btexcluirClick
 0001:00008E58       TfrmCadCriancaExposta.btLimparClick
 0001:00008E64       TfrmCadCriancaExposta.btCancelarClick
 0001:00008ED4       TfrmCadCriancaExposta.bteditarClick
 0001:0000900C       TfrmCadCriancaExposta.btimprimirClick
 0001:00009170       TfrmCadCriancaExposta.ValidaExclusao
 0001:00009468       TfrmCadCriancaExposta.Limpar
 0001:000094B8       TfrmCadCriancaExposta.leProvinciaChange
 0001:000095E0       TfrmCadCriancaExposta.leMunicipioChange
 0001:00009704       TfrmCadCriancaExposta.leUnidadeChange
 0001:00009828       Finalization
 0001:000098AC       uCadCriancaExposta
 0001:0000A06C       GridXML
 0001:0000A1C0       TfrmCadCriancaExpostaUnidade.GeraXML
 0001:0000A50C       TfrmCadCriancaExpostaUnidade.CarregaComboAno
 0001:0000A640       TfrmCadCriancaExpostaUnidade.CriaGrid
 0001:0000A99C       TfrmCadCriancaExpostaUnidade.Varregrid
 0001:0000AE0C       TfrmCadCriancaExpostaUnidade.AbreConsultas
 0001:0000AED4       TfrmCadCriancaExpostaUnidade.FechaConsultas
 0001:0000AEFC       TfrmCadCriancaExpostaUnidade.CalculaTotal
 0001:0000B168       TfrmCadCriancaExpostaUnidade.CarregaGrid
 0001:0000B408       TfrmCadCriancaExpostaUnidade.FormShow
 0001:0000B43C       TfrmCadCriancaExpostaUnidade.FormClose
 0001:0000B460       TfrmCadCriancaExpostaUnidade.sgCriancaExpostaDrawCell
 0001:0000B99C       TfrmCadCriancaExpostaUnidade.FormCreate
 0001:0000BA20       TfrmCadCriancaExpostaUnidade.btIncluirClick
 0001:0000BABC       TfrmCadCriancaExpostaUnidade.sgCriancaExpostaSelectCell
 0001:0000BB44       TfrmCadCriancaExpostaUnidade.btgravarClick
 0001:0000BBD0       TfrmCadCriancaExpostaUnidade.sgCriancaExpostaSetEditText
 0001:0000BC5C       TfrmCadCriancaExpostaUnidade.pgGeralChange
 0001:0000BC64       TfrmCadCriancaExpostaUnidade.btConsultarClick
 0001:0000C0F8       TfrmCadCriancaExpostaUnidade.grDadosDblClick
 0001:0000C224       TfrmCadCriancaExpostaUnidade.ckConsolidarClick
 0001:0000C2B0       TfrmCadCriancaExpostaUnidade.cbAnoChange
 0001:0000C2C0       TfrmCadCriancaExpostaUnidade.btexcluirClick
 0001:0000C524       TfrmCadCriancaExpostaUnidade.btLimparClick
 0001:0000C530       TfrmCadCriancaExpostaUnidade.btCancelarClick
 0001:0000C5A0       TfrmCadCriancaExpostaUnidade.bteditarClick
 0001:0000C6D8       TfrmCadCriancaExpostaUnidade.btimprimirClick
 0001:0000C83C       TfrmCadCriancaExpostaUnidade.ValidaExclusao
 0001:0000CB34       TfrmCadCriancaExpostaUnidade.Limpar
 0001:0000CB84       TfrmCadCriancaExpostaUnidade.leProvinciaChange
 0001:0000CCAC       TfrmCadCriancaExpostaUnidade.leMunicipioChange
 0001:0000CDD0       TfrmCadCriancaExpostaUnidade.leUnidadeChange
 0001:0000CEF4       Finalization
 0001:0000CF78       uCadCriancaExpostaUnidade
 0001:0000D6FC       GridXML
 0001:0000D850       TfrmCadServicoAT.GeraXML
 0001:0000DB98       TfrmCadServicoAT.CarregaComboAno
 0001:0000DCCC       TfrmCadServicoAT.CriaGrid
 0001:0000E204       TfrmCadServicoAT.ValidaExclusao
 0001:0000E4FC       TfrmCadServicoAT.Varregrid
 0001:0000EC48       TfrmCadServicoAT.AbreConsultas
 0001:0000ED10       TfrmCadServicoAT.FechaConsultas
 0001:0000ED38       TfrmCadServicoAT.CalculaTotal
 0001:0000F01C       TfrmCadServicoAT.CarregaGrid
 0001:0000F964       TfrmCadServicoAT.FormShow
 0001:0000F998       TfrmCadServicoAT.FormClose
 0001:0000F9BC       TfrmCadServicoAT.sgServicoATDrawCell
 0001:0001074C       TfrmCadServicoAT.FormCreate
 0001:000107D0       TfrmCadServicoAT.btIncluirClick
 0001:0001086C       TfrmCadServicoAT.sgServicoATSelectCell
 0001:000108F4       TfrmCadServicoAT.btgravarClick
 0001:00010980       TfrmCadServicoAT.sgServicoATSetEditText
 0001:00010A0C       TfrmCadServicoAT.pgGeralChange
 0001:00010A14       TfrmCadServicoAT.btConsultarClick
 0001:00010F08       TfrmCadServicoAT.grDadosDblClick
 0001:00010FEC       TfrmCadServicoAT.ckConsolidarClick
 0001:00011078       TfrmCadServicoAT.cbAnoChange
 0001:00011088       TfrmCadServicoAT.btexcluirClick
 0001:000112EC       TfrmCadServicoAT.btLimparClick
 0001:000112F8       TfrmCadServicoAT.btCancelarClick
 0001:00011368       TfrmCadServicoAT.bteditarClick
 0001:000114A0       TfrmCadServicoAT.btimprimirClick
 0001:00011600       TfrmCadServicoAT.Limpar
 0001:00011650       TfrmCadServicoAT.leProvinciaChange
 0001:00011778       TfrmCadServicoAT.leMunicipioChange
 0001:0001189C       TfrmCadServicoAT.leUnidadeChange
 0001:000119C0       Finalization
 0001:00011A44       uCadServicoAT
 0001:000121E0       GridXML
 0001:00012334       TfrmCadServicoATUnidade.GeraXML
 0001:0001267C       TfrmCadServicoATUnidade.CarregaComboAno
 0001:000127B0       TfrmCadServicoATUnidade.CriaGrid
 0001:00012CE8       TfrmCadServicoATUnidade.ValidaExclusao
 0001:00012FE0       TfrmCadServicoATUnidade.Varregrid
 0001:0001372C       TfrmCadServicoATUnidade.AbreConsultas
 0001:000137F4       TfrmCadServicoATUnidade.FechaConsultas
 0001:0001381C       TfrmCadServicoATUnidade.CalculaTotal
 0001:00013B00       TfrmCadServicoATUnidade.CarregaGrid
 0001:00014448       TfrmCadServicoATUnidade.FormShow
 0001:0001447C       TfrmCadServicoATUnidade.FormClose
 0001:000144A0       TfrmCadServicoATUnidade.sgServicoATDrawCell
 0001:00015230       TfrmCadServicoATUnidade.FormCreate
 0001:000152B4       TfrmCadServicoATUnidade.btIncluirClick
 0001:00015350       TfrmCadServicoATUnidade.sgServicoATSelectCell
 0001:000153D8       TfrmCadServicoATUnidade.btgravarClick
 0001:00015464       TfrmCadServicoATUnidade.sgServicoATSetEditText
 0001:000154F0       TfrmCadServicoATUnidade.pgGeralChange
 0001:000154F8       TfrmCadServicoATUnidade.btConsultarClick
 0001:000159EC       TfrmCadServicoATUnidade.grDadosDblClick
 0001:00015AD0       TfrmCadServicoATUnidade.ckConsolidarClick
 0001:00015B5C       TfrmCadServicoATUnidade.cbAnoChange
 0001:00015B6C       TfrmCadServicoATUnidade.btexcluirClick
 0001:00015DD0       TfrmCadServicoATUnidade.btLimparClick
 0001:00015DDC       TfrmCadServicoATUnidade.btCancelarClick
 0001:00015E4C       TfrmCadServicoATUnidade.bteditarClick
 0001:00015F84       TfrmCadServicoATUnidade.btimprimirClick
 0001:000160E4       TfrmCadServicoATUnidade.Limpar
 0001:00016134       TfrmCadServicoATUnidade.leProvinciaChange
 0001:0001625C       TfrmCadServicoATUnidade.leMunicipioChange
 0001:00016380       TfrmCadServicoATUnidade.leUnidadeChange
 0001:000164A4       Finalization
 0001:00016528       uCadServicoATUnidade
 0001:00016CBC       GridXML
 0001:00016E10       TfrmCadServicosCPN.GeraXML
 0001:00017158       TfrmCadServicosCPN.CarregaComboAno
 0001:0001728C       TfrmCadServicosCPN.CriaGrid
 0001:000175CC       TfrmCadServicosCPN.ValidaExclusao
 0001:000178C4       TfrmCadServicosCPN.Varregrid
 0001:00017D34       TfrmCadServicosCPN.AbreConsultas
 0001:00017DFC       TfrmCadServicosCPN.FechaConsultas
 0001:00017E24       TfrmCadServicosCPN.CalculaTotal
 0001:00018090       TfrmCadServicosCPN.CarregaGrid
 0001:00018330       TfrmCadServicosCPN.FormShow
 0001:00018364       TfrmCadServicosCPN.FormClose
 0001:00018388       TfrmCadServicosCPN.sgServicosCPNDrawCell
 0001:000188C4       TfrmCadServicosCPN.FormCreate
 0001:00018948       TfrmCadServicosCPN.btIncluirClick
 0001:000189E4       TfrmCadServicosCPN.sgServicosCPNSelectCell
 0001:00018A6C       TfrmCadServicosCPN.btgravarClick
 0001:00018AF8       TfrmCadServicosCPN.sgServicosCPNSetEditText
 0001:00018B84       TfrmCadServicosCPN.pgGeralChange
 0001:00018B8C       TfrmCadServicosCPN.btConsultarClick
 0001:00019080       TfrmCadServicosCPN.grDadosDblClick
 0001:00019164       TfrmCadServicosCPN.ckConsolidarClick
 0001:000191F0       TfrmCadServicosCPN.cbAnoChange
 0001:00019200       TfrmCadServicosCPN.btexcluirClick
 0001:0001946C       TfrmCadServicosCPN.btLimparClick
 0001:00019478       TfrmCadServicosCPN.btCancelarClick
 0001:000194E8       TfrmCadServicosCPN.bteditarClick
 0001:00019620       TfrmCadServicosCPN.btimprimirClick
 0001:00019784       TfrmCadServicosCPN.Limpar
 0001:000197D4       TfrmCadServicosCPN.leProvinciaChange
 0001:000198FC       TfrmCadServicosCPN.leMunicipioChange
 0001:00019A20       TfrmCadServicosCPN.leUnidadeChange
 0001:00019B44       Finalization
 0001:00019BC8       uCadServicosCPN
 0001:0001A374       GridXML
 0001:0001A4C8       TfrmCadServicosCPNUnidade.GeraXML
 0001:0001A810       TfrmCadServicosCPNUnidade.CarregaComboAno
 0001:0001A944       TfrmCadServicosCPNUnidade.CriaGrid
 0001:0001AC78       TfrmCadServicosCPNUnidade.ValidaExclusao
 0001:0001AF70       TfrmCadServicosCPNUnidade.Varregrid
 0001:0001B3E0       TfrmCadServicosCPNUnidade.AbreConsultas
 0001:0001B4A8       TfrmCadServicosCPNUnidade.FechaConsultas
 0001:0001B4D0       TfrmCadServicosCPNUnidade.CalculaTotal
 0001:0001B73C       TfrmCadServicosCPNUnidade.CarregaGrid
 0001:0001B9DC       TfrmCadServicosCPNUnidade.FormShow
 0001:0001BA10       TfrmCadServicosCPNUnidade.FormClose
 0001:0001BA34       TfrmCadServicosCPNUnidade.sgServicosCPNDrawCell
 0001:0001BF70       TfrmCadServicosCPNUnidade.FormCreate
 0001:0001BFF4       TfrmCadServicosCPNUnidade.btIncluirClick
 0001:0001C090       TfrmCadServicosCPNUnidade.sgServicosCPNSelectCell
 0001:0001C118       TfrmCadServicosCPNUnidade.btgravarClick
 0001:0001C1A4       TfrmCadServicosCPNUnidade.sgServicosCPNSetEditText
 0001:0001C230       TfrmCadServicosCPNUnidade.pgGeralChange
 0001:0001C238       TfrmCadServicosCPNUnidade.btConsultarClick
 0001:0001C72C       TfrmCadServicosCPNUnidade.grDadosDblClick
 0001:0001C810       TfrmCadServicosCPNUnidade.ckConsolidarClick
 0001:0001C89C       TfrmCadServicosCPNUnidade.cbAnoChange
 0001:0001C8AC       TfrmCadServicosCPNUnidade.btexcluirClick
 0001:0001CB18       TfrmCadServicosCPNUnidade.btLimparClick
 0001:0001CB24       TfrmCadServicosCPNUnidade.btCancelarClick
 0001:0001CB94       TfrmCadServicosCPNUnidade.bteditarClick
 0001:0001CCCC       TfrmCadServicosCPNUnidade.btimprimirClick
 0001:0001CE30       TfrmCadServicosCPNUnidade.Limpar
 0001:0001CE80       TfrmCadServicosCPNUnidade.leProvinciaChange
 0001:0001CFA8       TfrmCadServicosCPNUnidade.leMunicipioChange
 0001:0001D0CC       TfrmCadServicosCPNUnidade.leUnidadeChange
 0001:0001D1F0       Finalization
 0001:0001D274       uCadServicosCPNUnidade
 0001:0001DA14       GridXML
 0001:0001DB68       TfrmCadServicosTARV.GeraXML
 0001:0001DEB0       TfrmCadServicosTARV.CarregaComboAno
 0001:0001DFE4       TfrmCadServicosTARV.CriaGrid
 0001:0001E51C       TfrmCadServicosTARV.ValidaExclusao
 0001:0001E814       TfrmCadServicosTARV.Varregrid
 0001:0001EF60       TfrmCadServicosTARV.AbreConsultas
 0001:0001F028       TfrmCadServicosTARV.FechaConsultas
 0001:0001F050       TfrmCadServicosTARV.CalculaTotal
 0001:0001F334       TfrmCadServicosTARV.CarregaGrid
 0001:0001FC7C       TfrmCadServicosTARV.FormShow
 0001:0001FCB0       TfrmCadServicosTARV.FormClose
 0001:0001FCD4       TfrmCadServicosTARV.sgServicosTARVDrawCell
 0001:00020A64       TfrmCadServicosTARV.FormCreate
 0001:00020AE8       TfrmCadServicosTARV.btIncluirClick
 0001:00020B84       TfrmCadServicosTARV.sgServicosTARVSelectCell
 0001:00020C0C       TfrmCadServicosTARV.btgravarClick
 0001:00020C98       TfrmCadServicosTARV.sgServicosTARVSetEditText
 0001:00020D24       TfrmCadServicosTARV.pgGeralChange
 0001:00020D2C       TfrmCadServicosTARV.btConsultarClick
 0001:00021238       TfrmCadServicosTARV.grDadosDblClick
 0001:00021328       TfrmCadServicosTARV.ckConsolidarClick
 0001:000213B4       TfrmCadServicosTARV.cbAnoChange
 0001:000213C4       TfrmCadServicosTARV.btexcluirClick
 0001:00021628       TfrmCadServicosTARV.btLimparClick
 0001:00021634       TfrmCadServicosTARV.btCancelarClick
 0001:000216A4       TfrmCadServicosTARV.bteditarClick
 0001:000217DC       TfrmCadServicosTARV.btimprimirClick
 0001:00021940       TfrmCadServicosTARV.Limpar
 0001:00021990       TfrmCadServicosTARV.leProvinciaChange
 0001:00021AB8       TfrmCadServicosTARV.leMunicipioChange
 0001:00021BDC       TfrmCadServicosTARV.leUnidadeChange
 0001:00021D00       Finalization
 0001:00021D84       uCadServicoTARV
 0001:000224BC       @GetPackageInfoTable
 0001:000224C4       @PackageLoad
 0001:000224D0       @PackageUnload
 0001:000224DC       SISServicos
 0002:00000000       TlsIndex
 0002:00000004       Module
 0002:0000001C       TlsProc
 0002:00001000       ModuleIsLib
 0002:00001001       ModuleIsPackage
 0002:00001004       HInstance
 0002:00001008       .1
 0002:0000100C       tlsBuffer
 0002:00001010       .3
 0002:00001014       .1
 0002:00001018       .1
 0002:0000101C       .1
 0002:00001020       .1
 0002:00001024       .1
 0002:00001028       .1
 0002:0000102C       .1
 0002:00001030       .1
 0002:00001034       .3
 0002:00001038       .1
 0002:0000103C       .1
 0002:00001040       .1
 0002:00001044       frmCadServicosTARVUnidade
 0002:00001048       bMesclando
 0002:00001049       bEdit
 0002:0000104A       bConsolidado
 0002:0000104C       Mes
 0002:000010EC       sArq
 0002:000010F0       sSQLServicosTARV
 0002:000010F4       Unidade
 0002:000010F8       Provincia
 0002:000010FC       Municipio
 0002:00001100       Ano
 0002:00001104       PSQL
 0002:00001108       MSQL
 0002:0000110C       USQL
 0002:00001110       .3
 0002:00001114       frmCadCriancaExposta
 0002:00001118       bMesclando
 0002:00001119       bEdit
 0002:0000111A       bConsolidado
 0002:0000111C       Mes
 0002:000011BC       sArq
 0002:000011C0       sSQLCriancaExposta
 0002:000011C4       Unidade
 0002:000011C8       Provincia
 0002:000011CC       Municipio
 0002:000011D0       Ano
 0002:000011D4       PSQL
 0002:000011D8       MSQL
 0002:000011DC       USQL
 0002:000011E0       .3
 0002:000011E4       frmCadCriancaExpostaUnidade
 0002:000011E8       bMesclando
 0002:000011E9       bEdit
 0002:000011EA       bConsolidado
 0002:000011EC       Mes
 0002:0000128C       sArq
 0002:00001290       sSQLCriancaExposta
 0002:00001294       Unidade
 0002:00001298       Provincia
 0002:0000129C       Municipio
 0002:000012A0       Ano
 0002:000012A4       PSQL
 0002:000012A8       MSQL
 0002:000012AC       USQL
 0002:000012B0       .3
 0002:000012B4       frmCadServicoAT
 0002:000012B8       bMesclando
 0002:000012B9       bEdit
 0002:000012BA       bConsolidado
 0002:000012BC       Mes
 0002:0000135C       sArq
 0002:00001360       sSQLServicoAT
 0002:00001364       Unidade
 0002:00001368       Provincia
 0002:0000136C       Municipio
 0002:00001370       Ano
 0002:00001374       PSQL
 0002:00001378       MSQL
 0002:0000137C       USQL
 0002:00001380       .3
 0002:00001384       frmCadServicoATUnidade
 0002:00001388       bMesclando
 0002:00001389       bEdit
 0002:0000138A       bConsolidado
 0002:0000138C       Mes
 0002:0000142C       sArq
 0002:00001430       sSQLServicoAT
 0002:00001434       Unidade
 0002:00001438       Provincia
 0002:0000143C       Municipio
 0002:00001440       Ano
 0002:00001444       PSQL
 0002:00001448       MSQL
 0002:0000144C       USQL
 0002:00001450       .3
 0002:00001454       frmCadServicosCPN
 0002:00001458       bMesclando
 0002:00001459       bEdit
 0002:0000145A       bConsolidado
 0002:0000145C       Mes
 0002:000014FC       sArq
 0002:00001500       sSQLServicosCPN
 0002:00001504       Unidade
 0002:00001508       Provincia
 0002:0000150C       Municipio
 0002:00001510       Ano
 0002:00001514       PSQL
 0002:00001518       MSQL
 0002:0000151C       USQL
 0002:00001520       .3
 0002:00001524       frmCadServicosCPNUnidade
 0002:00001528       bMesclando
 0002:00001529       bEdit
 0002:0000152A       bConsolidado
 0002:0000152C       Mes
 0002:000015CC       sArq
 0002:000015D0       sSQLServicosCPN
 0002:000015D4       Unidade
 0002:000015D8       Provincia
 0002:000015DC       Municipio
 0002:000015E0       Ano
 0002:000015E4       PSQL
 0002:000015E8       MSQL
 0002:000015EC       USQL
 0002:000015F0       .3
 0002:000015F4       frmCadServicosTARV
 0002:000015F8       bMesclando
 0002:000015F9       bEdit
 0002:000015FA       bConsolidado
 0002:000015FC       Mes
 0002:0000169C       sArq
 0002:000016A0       sSQLServicosTARV
 0002:000016A4       Unidade
 0002:000016A8       Provincia
 0002:000016AC       Municipio
 0002:000016B0       Ano
 0002:000016B4       PSQL
 0002:000016B8       MSQL
 0002:000016BC       USQL
 0002:000016C0       .3


Line numbers for SysInit(SysInit.pas) segment .text

    93 0001:000000C0   102 0001:000000C8   105 0001:000000D0   108 0001:000000D8
   111 0001:000000E0   114 0001:000000E8   117 0001:000000F0   128 0001:000000F8
   129 0001:00000100   285 0001:00000104   286 0001:00000109   293 0001:0000010C
   294 0001:0000010D   295 0001:00000114   299 0001:00000118   300 0001:0000012B
   301 0001:00000132   302 0001:00000136   304 0001:00000142   305 0001:0000014E
   310 0001:00000150   312 0001:00000159   313 0001:00000163   314 0001:00000168
   315 0001:00000178   321 0001:0000017C   323 0001:00000185   324 0001:0000018E
   325 0001:00000199   326 0001:0000019D   328 0001:000001A3   332 0001:000001A4
   334 0001:000001AD   335 0001:000001B2   336 0001:000001BB   337 0001:000001C6
   423 0001:000001C8   424 0001:000001D2   428 0001:000001D4   429 0001:000001DE
   430 0001:000001EF   431 0001:000001F5   495 0001:000001F8   496 0001:00000203
   497 0001:0000020A   498 0001:00000211   499 0001:00000216   500 0001:0000021E
   501 0001:00000226   502 0001:0000022B   503 0001:00000234   504 0001:0000023D
   505 0001:00000242   506 0001:00000249   507 0001:0000024D   508 0001:00000252
   509 0001:00000255   540 0001:0000025C   541 0001:00000266   545 0001:00000268
   546 0001:00000272   840 0001:000002A4   840 0001:000002AB

Line numbers for uCadServicoTARVUnidade(..\CADASTRO\uCadServicoTARVUnidade.pas) segment .text

   131 0001:00001E6C   132 0001:00001E8C   133 0001:00001EA9   135 0001:00001EBD
   136 0001:00001EF5   137 0001:00001F3E   133 0001:00001F3F   137 0001:00001F46
   132 0001:00001F49   138 0001:00001F7C   140 0001:00001FC0   141 0001:00001FDD
   142 0001:00001FEC   143 0001:00001FFA   144 0001:00002007   145 0001:00002014
   146 0001:00002021   147 0001:0000202E   148 0001:00002061   149 0001:00002094
   150 0001:000020C7   151 0001:000020D4   153 0001:000020E1   155 0001:000020EE
   156 0001:000020FB   158 0001:00002108   160 0001:00002123   162 0001:00002178
   165 0001:00002308   166 0001:00002326   167 0001:00002336   168 0001:0000235D
   169 0001:00002384   171 0001:00002389   172 0001:000023C2   173 0001:000023FB
   169 0001:000023FC   174 0001:00002423   178 0001:0000243C   179 0001:0000245D
   180 0001:0000245F   181 0001:00002461   180 0001:00002473   181 0001:00002478
   179 0001:00002479   183 0001:0000247E   184 0001:0000248E   185 0001:0000249E
   186 0001:000024AB   187 0001:000024BB   188 0001:000024CF   189 0001:000024E6
   190 0001:000024FD   191 0001:00002514   192 0001:0000252B   193 0001:00002542
   194 0001:00002559   195 0001:00002570   196 0001:00002587   197 0001:0000259E
   199 0001:000025B5   200 0001:000025CF   201 0001:000025E9   202 0001:00002603
   203 0001:0000261D   204 0001:00002637   205 0001:00002651   206 0001:0000266B
   207 0001:00002685   208 0001:0000269F   209 0001:000026B9   210 0001:000026D3
   211 0001:000026ED   212 0001:00002707   213 0001:00002721   214 0001:0000273B
   215 0001:00002755   216 0001:0000276F   218 0001:00002789   220 0001:000027A0
   221 0001:000027B0   222 0001:000027C0   223 0001:000027D5   229 0001:000027E7
   230 0001:000027F7   231 0001:00002812   233 0001:00002817   234 0001:0000281C
   236 0001:00002826   237 0001:00002845   238 0001:00002846   234 0001:00002849
   239 0001:0000284C   240 0001:0000287C   243 0001:00002974   244 0001:0000299D
   245 0001:000029AB   248 0001:000029C4   249 0001:000029CA   251 0001:000029DA
   253 0001:000029E7   254 0001:000029FB   255 0001:00002A2A   256 0001:00002A3E
   257 0001:00002A6D   258 0001:00002A81   260 0001:00002AB0   262 0001:00002ABD
   264 0001:00002ACC   263 0001:00002AD1   266 0001:00002AE2   269 0001:00002AE4
   272 0001:00002AFD   273 0001:00002B03   275 0001:00002B13   276 0001:00002B20
   277 0001:00002B34   278 0001:00002B51   279 0001:00002B65   280 0001:00002B82
   281 0001:00002B96   283 0001:00002BB3   285 0001:00002BC0   287 0001:00002BCF
   286 0001:00002BD4   289 0001:00002BE5   293 0001:00002BF6   295 0001:00002C21
   301 0001:00002C6C   302 0001:00002C8D   304 0001:00002CA1   305 0001:00002CB6
   306 0001:00002CC4   309 0001:00002CC9   311 0001:00002CDD   314 0001:00002CF7
   315 0001:00002D05   319 0001:00002D0A   321 0001:00002D1E   324 0001:00002D38
   325 0001:00002D46   337 0001:00002D4B   338 0001:00002D64   340 0001:00002D72
   341 0001:00002D86   343 0001:00002D9F   344 0001:00002DB3   346 0001:00002DCC
   351 0001:00002DD1   352 0001:00002DEC   354 0001:00002DF7   355 0001:00002E1B
   357 0001:00002E33   359 0001:00002E4B   360 0001:00002E6F   362 0001:00002E87
   363 0001:00002E9A   364 0001:00002EB2   365 0001:00002EC9   367 0001:00002EF1
   368 0001:00002F1F   369 0001:00002F4D   370 0001:00002F7B   371 0001:00002FA9
   372 0001:00002FDD   373 0001:00003011   374 0001:00003045   375 0001:00003079
   376 0001:000030AD   377 0001:000030E1   378 0001:00003115   379 0001:00003149
   380 0001:0000317D   381 0001:000031B1   382 0001:000031E5   383 0001:00003219
   384 0001:0000324D   386 0001:00003281   389 0001:00003296   346 0001:00003297
   390 0001:00003305   393 0001:000033B8   394 0001:000033D2   395 0001:000033F3
   396 0001:00003414   397 0001:00003435   398 0001:00003440   399 0001:0000344B
   400 0001:00003478   403 0001:00003480   404 0001:00003483   405 0001:0000348E
   406 0001:00003499   407 0001:000034A4   411 0001:000034A8   412 0001:000034CB
   414 0001:000034D0   425 0001:00003667   427 0001:00003695   412 0001:00003696
   428 0001:0000369F   430 0001:000036A4   431 0001:000036AC   432 0001:000036B1
   431 0001:000036DA   433 0001:000036DF   435 0001:0000370D   428 0001:0000370E
   436 0001:00003783   440 0001:0000378C   441 0001:000037AE   442 0001:000037B8
   448 0001:000037CF   449 0001:000037FD   451 0001:00003843   453 0001:0000386B
   455 0001:000038B1   457 0001:000038D9   459 0001:0000391F   461 0001:00003947
   463 0001:0000398D   465 0001:000039B5   467 0001:000039FB   469 0001:00003A23
   471 0001:00003A69   473 0001:00003A91   475 0001:00003AD7   477 0001:00003AFF
   479 0001:00003B45   481 0001:00003B6D   483 0001:00003BB3   485 0001:00003BDB
   487 0001:00003C2D   489 0001:00003C5B   491 0001:00003CAD   493 0001:00003CDB
   495 0001:00003D2D   497 0001:00003D5B   499 0001:00003DAD   501 0001:00003DDB
   503 0001:00003E2D   505 0001:00003E5B   507 0001:00003EAD   509 0001:00003EDB
   511 0001:00003F2D   513 0001:00003F5B   515 0001:00003FAD   517 0001:00003FDB
   519 0001:0000402D   522 0001:0000405B   443 0001:0000406D   525 0001:00004087
   526 0001:00004095   528 0001:000040CE   531 0001:000040D4   532 0001:000040D7
   533 0001:000040DE   534 0001:000040E9   535 0001:000040F3   536 0001:00004103
   541 0001:00004108   542 0001:0000410D   544 0001:0000412A   549 0001:0000412C
   551 0001:0000415C   552 0001:0000416F   556 0001:00004188   559 0001:00004198
   561 0001:0000419D   563 0001:000041BA   565 0001:000041C3   566 0001:000041D3
   567 0001:000041E1   568 0001:0000420F   569 0001:0000423B   570 0001:00004275
   574 0001:0000428B   576 0001:00004290   578 0001:000042AD   580 0001:000042B6
   581 0001:000042C6   582 0001:000042D4   583 0001:00004302   584 0001:0000432E
   585 0001:00004368   588 0001:0000437E   590 0001:00004383   592 0001:000043A0
   594 0001:000043A9   595 0001:000043B9   596 0001:000043C7   597 0001:000043F5
   598 0001:00004421   599 0001:0000445B   602 0001:00004471   604 0001:00004476
   606 0001:00004493   608 0001:0000449C   609 0001:000044AC   610 0001:000044BA
   611 0001:000044E8   612 0001:00004514   613 0001:0000454E   616 0001:00004564
   618 0001:00004569   620 0001:00004586   622 0001:0000458F   623 0001:0000459F
   624 0001:000045AD   625 0001:000045DB   626 0001:00004607   627 0001:00004641
   630 0001:00004657   632 0001:0000465C   634 0001:00004679   636 0001:00004682
   637 0001:00004692   638 0001:000046A0   639 0001:000046CE   640 0001:000046FA
   641 0001:00004734   644 0001:0000474A   646 0001:0000474F   648 0001:0000476C
   650 0001:00004775   651 0001:00004785   652 0001:00004793   653 0001:000047C1
   654 0001:000047EC   655 0001:00004826   658 0001:0000483C   660 0001:00004841
   662 0001:0000485E   664 0001:00004867   665 0001:00004877   666 0001:00004885
   667 0001:000048B3   668 0001:000048DE   669 0001:00004918   672 0001:0000492E
   674 0001:00004933   676 0001:00004950   678 0001:00004959   679 0001:00004969
   680 0001:00004977   681 0001:000049A5   682 0001:000049D0   683 0001:00004A0A
   686 0001:00004A20   688 0001:00004A25   690 0001:00004A42   692 0001:00004A4B
   693 0001:00004A5B   694 0001:00004A69   695 0001:00004A97   696 0001:00004AC2
   697 0001:00004AFC   719 0001:00004B12   721 0001:00004B2A   723 0001:00004B2E
   724 0001:00004B3E   727 0001:00004B4B   729 0001:00004B54   730 0001:00004B5C
   731 0001:00004B64   732 0001:00004B6A   734 0001:00004B72   735 0001:00004B8C
   736 0001:00004BA0   737 0001:00004BB7   738 0001:00004BCB   739 0001:00004BE3
   742 0001:00004C05   804 0001:00004C1B   807 0001:00004C43   809 0001:00004C51
   810 0001:00004C5F   811 0001:00004C79   812 0001:00004C8D   813 0001:00004CA1
   814 0001:00004CB5   815 0001:00004CCD   817 0001:00004CEC   823 0001:00004D02
   826 0001:00004D21   827 0001:00004D2F   828 0001:00004D48   829 0001:00004D62
   830 0001:00004D76   831 0001:00004D8A   832 0001:00004D9F   833 0001:00004DB7
   860 0001:00004DD6   862 0001:00004DE7   863 0001:00004DF1   864 0001:00004E0A
   865 0001:00004E24   866 0001:00004E38   867 0001:00004E4C   868 0001:00004E61
   869 0001:00004E78   872 0001:00004EB4   875 0001:00004ED0   876 0001:00004EE6
   877 0001:00004EED   878 0001:00004EF4   879 0001:00004EFB   880 0001:00004F02
   881 0001:00004F09   882 0001:00004F4D   885 0001:00004F54   886 0001:00004F5A
   887 0001:00004F6A   888 0001:00004F7C   890 0001:00004F8E   891 0001:00004F97
   892 0001:00004FA4   893 0001:00004FB1   894 0001:00004FBE   895 0001:00004FCC
   896 0001:00004FDA   898 0001:00004FE1   911 0001:00004FEB   917 0001:00004FF0
   922 0001:00004FFA   923 0001:00005013   924 0001:00005031   926 0001:0000504E
   935 0001:0000506B   938 0001:00005078   939 0001:0000507E   941 0001:00005087
   945 0001:0000509F   946 0001:000050A6   947 0001:000050AD   950 0001:000050B6
   957 0001:00005104   963 0001:0000510B   964 0001:00005127   965 0001:00005145
   967 0001:00005162   977 0001:0000517F   979 0001:00005186   984 0001:00005190
  1012 0001:00005195  1016 0001:00005198  1018 0001:000051BF  1021 0001:000051D9
  1022 0001:000051DE  1023 0001:000051F6  1024 0001:00005204  1026 0001:0000521A
  1027 0001:00005222  1029 0001:0000522F  1031 0001:00005243  1032 0001:00005253
  1035 0001:00005260  1037 0001:00005274  1038 0001:0000528C  1041 0001:00005299
  1043 0001:000052AD  1044 0001:000052C5  1047 0001:000052D2  1049 0001:00005310
  1050 0001:00005328  1053 0001:00005335  1054 0001:00005343  1055 0001:00005358
  1057 0001:00005396  1058 0001:000053C0  1061 0001:000053EA  1064 0001:000053F3
  1068 0001:000053FA  1069 0001:0000540E  1070 0001:0000544C  1071 0001:00005460
  1072 0001:0000549E  1073 0001:000054B2  1076 0001:000054FC  1077 0001:00005509
  1078 0001:0000557A  1080 0001:000056A4  1082 0001:000056C1  1083 0001:000056D3
  1085 0001:000056F4  1086 0001:00005706  1088 0001:00005727  1089 0001:00005739
  1092 0001:0000575A  1093 0001:00005763  1095 0001:0000578E  1097 0001:00005794
  1099 0001:00005797  1100 0001:000057B2  1101 0001:000057CD  1102 0001:000057E8
  1103 0001:00005803  1104 0001:0000581E  1108 0001:00005820  1110 0001:0000582E
  1113 0001:00005830  1114 0001:0000584F  1115 0001:0000585F  1137 0001:00005868
  1139 0001:00005871  1148 0001:0000588B  1149 0001:000058A8  1153 0001:000058B2
  1154 0001:000058C4  1155 0001:000058D8  1156 0001:0000590C  1157 0001:00005920
  1158 0001:00005954  1159 0001:00005968  1161 0001:0000599C  1182 0001:000059AE
  1188 0001:000059D9  1193 0001:00005A94  1194 0001:00005A9C  1198 0001:00005AA0
  1200 0001:00005AA9  1203 0001:00005ABF  1205 0001:00005AC4  1207 0001:00005B10
  1208 0001:00005B29  1209 0001:00005B39  1210 0001:00005B42  1212 0001:00005B4B
  1214 0001:00005B54  1218 0001:00005B6B  1219 0001:00005B82  1220 0001:00005B99
  1221 0001:00005BB0  1222 0001:00005BD2  1238 0001:00005BF8  1240 0001:00005C48
  1241 0001:00005C60  1242 0001:00005C7C  1243 0001:00005C8A  1244 0001:00005CC6
  1245 0001:00005CCD  1246 0001:00005CF0  1248 0001:00005D0C  1249 0001:00005D18
  1250 0001:00005D26  1252 0001:00005D5D  1255 0001:00005DAC  1256 0001:00005DAF
  1257 0001:00005DB6  1258 0001:00005DC3  1259 0001:00005DD0  1260 0001:00005DDD
  1261 0001:00005DEA  1262 0001:00005DF7  1266 0001:00005DFC  1268 0001:00005E16
  1270 0001:00005E25  1271 0001:00005E30  1272 0001:00005E47  1273 0001:00005E8E
  1277 0001:00005E9B  1278 0001:00005EB2  1281 0001:00005EE7  1284 0001:00005F24
  1286 0001:00005F3E  1288 0001:00005F4D  1289 0001:00005F58  1290 0001:00005F6F
  1291 0001:00005FB6  1295 0001:00005FC3  1296 0001:00005FDA  1299 0001:0000600F
  1302 0001:00006048  1304 0001:00006062  1306 0001:00006071  1307 0001:0000607C
  1308 0001:00006093  1309 0001:000060DA  1313 0001:000060E7  1314 0001:000060FE
  1316 0001:00006133  1321 0001:000061F0  1321 0001:000061F7

Line numbers for uCadCriancaExposta(..\CADASTRO\uCadCriancaExposta.pas) segment .text

   130 0001:000069A0   131 0001:000069C0   132 0001:000069DD   134 0001:000069F1
   135 0001:00006A29   136 0001:00006A72   132 0001:00006A73   136 0001:00006A7A
   131 0001:00006A7D   137 0001:00006AB0   139 0001:00006AF4   140 0001:00006B11
   141 0001:00006B20   142 0001:00006B2E   143 0001:00006B3B   144 0001:00006B48
   145 0001:00006B55   146 0001:00006B62   147 0001:00006B95   148 0001:00006BC8
   149 0001:00006BFB   150 0001:00006C08   152 0001:00006C15   154 0001:00006C22
   155 0001:00006C2F   157 0001:00006C3C   159 0001:00006C57   161 0001:00006CAC
   166 0001:00006E40   167 0001:00006E5E   168 0001:00006E6E   169 0001:00006E95
   170 0001:00006EBC   172 0001:00006EC1   173 0001:00006EFA   174 0001:00006F33
   170 0001:00006F34   175 0001:00006F5B   180 0001:00006F74   181 0001:00006F95
   182 0001:00006F97   183 0001:00006F99   182 0001:00006FAB   183 0001:00006FB0
   181 0001:00006FB1   185 0001:00006FB6   186 0001:00006FC6   187 0001:00006FD6
   188 0001:00006FE6   189 0001:00006FF6   190 0001:0000700D   191 0001:00007021
   192 0001:00007038   193 0001:00007052   194 0001:0000706C   196 0001:00007086
   198 0001:0000709D   199 0001:000070AD   200 0001:000070BD   201 0001:000070D2
   202 0001:000070E4   203 0001:000070F9   204 0001:0000710E   205 0001:00007123
   207 0001:00007138   208 0001:00007148   209 0001:00007163   211 0001:00007168
   212 0001:0000716D   214 0001:00007177   215 0001:00007196   216 0001:00007197
   212 0001:0000719A   217 0001:0000719D   219 0001:000071CD   227 0001:000072D0
   228 0001:000072F1   230 0001:00007305   231 0001:0000731A   232 0001:00007328
   235 0001:0000732D   237 0001:00007341   240 0001:0000735B   241 0001:00007369
   245 0001:0000736E   247 0001:00007382   250 0001:0000739C   251 0001:000073AA
   263 0001:000073AF   264 0001:000073C8   266 0001:000073D6   267 0001:000073EA
   269 0001:00007403   270 0001:00007417   272 0001:00007430   277 0001:00007435
   278 0001:00007450   280 0001:0000745B   281 0001:0000747F   283 0001:00007497
   285 0001:000074AF   286 0001:000074D3   288 0001:000074EB   289 0001:000074FE
   290 0001:00007516   291 0001:0000752D   293 0001:00007555   294 0001:00007583
   295 0001:000075B1   296 0001:000075DF   298 0001:0000760D   301 0001:00007622
   272 0001:00007623   302 0001:0000768E   305 0001:00007740   306 0001:0000775A
   307 0001:0000777B   308 0001:0000779C   309 0001:000077BD   310 0001:000077C8
   311 0001:000077D3   312 0001:00007800   315 0001:00007808   316 0001:0000780B
   317 0001:00007816   318 0001:00007821   319 0001:0000782C   323 0001:00007830
   324 0001:00007852   326 0001:00007857   337 0001:000079EE   339 0001:00007A1C
   324 0001:00007A1D   340 0001:00007A96   344 0001:00007A9C   345 0001:00007ABE
   346 0001:00007AC8   352 0001:00007ADF   354 0001:00007B0D   356 0001:00007B53
   358 0001:00007B7B   360 0001:00007BC1   362 0001:00007BE9   364 0001:00007C2F
   366 0001:00007C57   368 0001:00007C9D   370 0001:00007CC5   347 0001:00007CD7
   373 0001:00007CF1   374 0001:00007CFF   376 0001:00007D35   380 0001:00007D3C
   381 0001:00007D3F   382 0001:00007D46   383 0001:00007D51   384 0001:00007D5B
   385 0001:00007D6B   390 0001:00007D70   391 0001:00007D75   393 0001:00007D92
   398 0001:00007D94   400 0001:00007DC1   401 0001:00007DD4   405 0001:00007DED
   407 0001:00007DFE   409 0001:00007E03   410 0001:00007E13   413 0001:00007E20
   415 0001:00007E29   416 0001:00007E31   417 0001:00007E39   418 0001:00007E41
   420 0001:00007E47   421 0001:00007E61   422 0001:00007E75   423 0001:00007E8C
   424 0001:00007EA1   425 0001:00007EB9   426 0001:00007EDB   433 0001:00007EF1
   435 0001:00007F04   437 0001:00007F08   438 0001:00007F18   441 0001:00007F25
   443 0001:00007F2E   444 0001:00007F36   445 0001:00007F3E   446 0001:00007F44
   448 0001:00007F4C   449 0001:00007F66   450 0001:00007F7A   451 0001:00007F91
   452 0001:00007FA6   453 0001:00007FBE   456 0001:00007FE0   462 0001:00007FF6
   464 0001:0000800A   466 0001:0000800E   467 0001:0000801E   470 0001:0000802B
   472 0001:00008034   473 0001:0000803C   474 0001:00008044   475 0001:0000804A
   477 0001:00008052   478 0001:0000806C   479 0001:00008080   480 0001:00008097
   481 0001:000080AC   482 0001:000080C4   484 0001:000080E6   489 0001:000080FC
   492 0001:00008119   494 0001:00008127   495 0001:00008135   496 0001:0000814F
   497 0001:00008163   498 0001:00008177   499 0001:0000818C   500 0001:000081A4
   502 0001:000081C3   531 0001:000081D9   533 0001:000081EA   534 0001:000081F4
[...]
   220 0001:0001ABCA   223 0001:0001AC78   224 0001:0001ACA1   225 0001:0001ACAF
   228 0001:0001ACC8   229 0001:0001ACCE   231 0001:0001ACDE   232 0001:0001ACEB
   233 0001:0001ACFF   234 0001:0001AD2E   235 0001:0001AD42   236 0001:0001AD71
   237 0001:0001AD85   239 0001:0001ADB4   241 0001:0001ADC1   243 0001:0001ADD0
   242 0001:0001ADD5   245 0001:0001ADE6   248 0001:0001ADE8   251 0001:0001AE01
   252 0001:0001AE07   254 0001:0001AE17   255 0001:0001AE24   256 0001:0001AE38
   257 0001:0001AE55   258 0001:0001AE69   259 0001:0001AE86   260 0001:0001AE9A
   262 0001:0001AEB7   264 0001:0001AEC4   266 0001:0001AED3   265 0001:0001AED8
   268 0001:0001AEE9   272 0001:0001AEFA   274 0001:0001AF25   280 0001:0001AF70
   281 0001:0001AF91   283 0001:0001AFA5   284 0001:0001AFBA   285 0001:0001AFC8
   288 0001:0001AFCD   290 0001:0001AFE1   293 0001:0001AFFB   294 0001:0001B009
   298 0001:0001B00E   300 0001:0001B022   303 0001:0001B03C   304 0001:0001B04A
   316 0001:0001B04F   317 0001:0001B068   319 0001:0001B076   320 0001:0001B08A
   322 0001:0001B0A3   323 0001:0001B0B7   325 0001:0001B0D0   330 0001:0001B0D5
   331 0001:0001B0F0   333 0001:0001B0FB   334 0001:0001B11F   336 0001:0001B137
   338 0001:0001B14F   339 0001:0001B173   341 0001:0001B18B   342 0001:0001B19E
   343 0001:0001B1B6   344 0001:0001B1CD   346 0001:0001B1F5   347 0001:0001B223
   348 0001:0001B251   349 0001:0001B27F   351 0001:0001B2AD   354 0001:0001B2C2
   325 0001:0001B2C3   355 0001:0001B32E   358 0001:0001B3E0   359 0001:0001B3FA
   360 0001:0001B41B   361 0001:0001B43C   362 0001:0001B45D   363 0001:0001B468
   364 0001:0001B473   365 0001:0001B4A0   368 0001:0001B4A8   369 0001:0001B4AB
   370 0001:0001B4B6   371 0001:0001B4C1   372 0001:0001B4CC   376 0001:0001B4D0
   377 0001:0001B4F2   379 0001:0001B4F7   390 0001:0001B68E   392 0001:0001B6BC
   377 0001:0001B6BD   393 0001:0001B736   397 0001:0001B73C   398 0001:0001B75E
   399 0001:0001B768   406 0001:0001B77F   408 0001:0001B7AD   410 0001:0001B7F3
   412 0001:0001B81B   414 0001:0001B861   416 0001:0001B889   418 0001:0001B8CF
   420 0001:0001B8F7   422 0001:0001B93D   424 0001:0001B965   400 0001:0001B977
   427 0001:0001B991   428 0001:0001B99F   430 0001:0001B9D5   434 0001:0001B9DC
   435 0001:0001B9DF   436 0001:0001B9E6   437 0001:0001B9F1   438 0001:0001B9FB
   439 0001:0001BA0B   444 0001:0001BA10   445 0001:0001BA15   446 0001:0001BA32
   451 0001:0001BA34   453 0001:0001BA61   456 0001:0001BA74   460 0001:0001BA8D
   462 0001:0001BA9E   464 0001:0001BAA3   465 0001:0001BAB3   468 0001:0001BAC0
   470 0001:0001BAC9   471 0001:0001BAD1   472 0001:0001BAD9   473 0001:0001BAE1
   475 0001:0001BAE7   476 0001:0001BB01   477 0001:0001BB15   478 0001:0001BB2C
   479 0001:0001BB41   480 0001:0001BB59   481 0001:0001BB7B   488 0001:0001BB91
   490 0001:0001BBA4   492 0001:0001BBA8   493 0001:0001BBB8   496 0001:0001BBC5
   498 0001:0001BBCE   499 0001:0001BBD6   500 0001:0001BBDE   501 0001:0001BBE4
   503 0001:0001BBEC   504 0001:0001BC06   505 0001:0001BC1A   506 0001:0001BC31
   507 0001:0001BC46   508 0001:0001BC5E   511 0001:0001BC80   517 0001:0001BC96
   519 0001:0001BCAA   521 0001:0001BCAE   522 0001:0001BCBE   525 0001:0001BCCB
   527 0001:0001BCD4   528 0001:0001BCDC   529 0001:0001BCE4   530 0001:0001BCEA
   532 0001:0001BCF2   533 0001:0001BD0C   534 0001:0001BD20   535 0001:0001BD37
   536 0001:0001BD4C   537 0001:0001BD64   539 0001:0001BD86   545 0001:0001BD9C
   548 0001:0001BDB9   550 0001:0001BDC7   551 0001:0001BDD5   552 0001:0001BDEF
   553 0001:0001BE03   554 0001:0001BE17   555 0001:0001BE2C   556 0001:0001BE44
   558 0001:0001BE63   589 0001:0001BE79   591 0001:0001BE8A   592 0001:0001BE94
   593 0001:0001BEAD   594 0001:0001BEC7   595 0001:0001BEDB   596 0001:0001BEEF
   597 0001:0001BF04   598 0001:0001BF1B   600 0001:0001BF57   604 0001:0001BF70
   605 0001:0001BF86   606 0001:0001BF8D   607 0001:0001BF94   608 0001:0001BF9B
   609 0001:0001BFA2   610 0001:0001BFA9   612 0001:0001BFED   615 0001:0001BFF4
   616 0001:0001BFFA   617 0001:0001C00A   618 0001:0001C01C   620 0001:0001C02E
   621 0001:0001C037   622 0001:0001C044   623 0001:0001C051   624 0001:0001C05E
   625 0001:0001C06C   626 0001:0001C07A   628 0001:0001C081   641 0001:0001C08B
   647 0001:0001C090   652 0001:0001C09A   653 0001:0001C0B3   654 0001:0001C0D1
   656 0001:0001C0EE   665 0001:0001C10B   668 0001:0001C118   669 0001:0001C11E
   671 0001:0001C127   675 0001:0001C13F   676 0001:0001C146   677 0001:0001C14D
   680 0001:0001C156   687 0001:0001C1A4   693 0001:0001C1AB   694 0001:0001C1C7
   695 0001:0001C1E5   697 0001:0001C202   706 0001:0001C21F   708 0001:0001C226
   713 0001:0001C230   746 0001:0001C235   750 0001:0001C238   752 0001:0001C25F
   755 0001:0001C279   756 0001:0001C27E   757 0001:0001C296   758 0001:0001C2A4
   760 0001:0001C2BA   761 0001:0001C2C2   763 0001:0001C2CF   765 0001:0001C2E3
   766 0001:0001C2F3   769 0001:0001C300   771 0001:0001C314   772 0001:0001C32C
   775 0001:0001C339   777 0001:0001C34D   778 0001:0001C365   781 0001:0001C372
   783 0001:0001C3B0   784 0001:0001C3C8   787 0001:0001C3D5   788 0001:0001C3E3
   789 0001:0001C3F8   791 0001:0001C436   792 0001:0001C460   795 0001:0001C48A
   798 0001:0001C493   804 0001:0001C49A   805 0001:0001C4AE   806 0001:0001C4E3
   807 0001:0001C4F7   808 0001:0001C52C   809 0001:0001C540   811 0001:0001C581
   812 0001:0001C58E   813 0001:0001C5FF   816 0001:0001C72C   818 0001:0001C749
   819 0001:0001C75B   821 0001:0001C777   822 0001:0001C789   824 0001:0001C7A5
   825 0001:0001C7B7   828 0001:0001C7D3   829 0001:0001C7DC   831 0001:0001C807
   834 0001:0001C810   836 0001:0001C813   837 0001:0001C82E   838 0001:0001C849
   839 0001:0001C864   840 0001:0001C87F   842 0001:0001C89A   847 0001:0001C89C
   849 0001:0001C8AA   853 0001:0001C8AC   854 0001:0001C8CB   855 0001:0001C8DB
   856 0001:0001C8E4   878 0001:0001C8ED   880 0001:0001C8F6   889 0001:0001C910
   890 0001:0001C92D   894 0001:0001C937   895 0001:0001C949   896 0001:0001C95D
   897 0001:0001C991   898 0001:0001C9A5   899 0001:0001C9D9   900 0001:0001C9ED
   902 0001:0001CA21   923 0001:0001CA33   929 0001:0001CA5E   934 0001:0001CB18
   935 0001:0001CB20   939 0001:0001CB24   941 0001:0001CB2D   944 0001:0001CB43
   946 0001:0001CB48   949 0001:0001CB94   950 0001:0001CBAD   951 0001:0001CBBD
   952 0001:0001CBC6   954 0001:0001CBCF   956 0001:0001CBD8   960 0001:0001CBEF
   961 0001:0001CC06   962 0001:0001CC1D   963 0001:0001CC34   964 0001:0001CC56
   980 0001:0001CC7C   983 0001:0001CCCC   984 0001:0001CCE4   985 0001:0001CD00
   986 0001:0001CD0E   987 0001:0001CD4A   988 0001:0001CD51   989 0001:0001CD74
   991 0001:0001CD90   992 0001:0001CD9C   993 0001:0001CDAA   995 0001:0001CDE1
   998 0001:0001CE30   999 0001:0001CE33  1000 0001:0001CE3A  1001 0001:0001CE47
  1002 0001:0001CE54  1003 0001:0001CE61  1004 0001:0001CE6E  1005 0001:0001CE7B
  1008 0001:0001CE80  1010 0001:0001CE9A  1012 0001:0001CEA9  1013 0001:0001CEB4
  1014 0001:0001CECB  1015 0001:0001CF12  1019 0001:0001CF1F  1020 0001:0001CF36
  1023 0001:0001CF6B  1026 0001:0001CFA8  1028 0001:0001CFC2  1030 0001:0001CFD1
  1031 0001:0001CFDC  1032 0001:0001CFF3  1033 0001:0001D03A  1037 0001:0001D047
  1038 0001:0001D05E  1041 0001:0001D093  1044 0001:0001D0CC  1046 0001:0001D0E6
  1048 0001:0001D0F5  1049 0001:0001D100  1050 0001:0001D117  1051 0001:0001D15E
  1055 0001:0001D16B  1056 0001:0001D182  1058 0001:0001D1B7  1060 0001:0001D274
  1060 0001:0001D27B

Line numbers for uCadServicoTARV(..\CADASTRO\uCadServicoTARV.pas) segment .text

   131 0001:0001DA14   132 0001:0001DA34   133 0001:0001DA51   135 0001:0001DA65
   136 0001:0001DA9D   137 0001:0001DAE6   133 0001:0001DAE7   137 0001:0001DAEE
   132 0001:0001DAF1   138 0001:0001DB24   140 0001:0001DB68   141 0001:0001DB85
   142 0001:0001DB94   143 0001:0001DBA2   144 0001:0001DBAF   145 0001:0001DBBC
   146 0001:0001DBC9   147 0001:0001DBD6   148 0001:0001DC09   149 0001:0001DC3C
   150 0001:0001DC6F   151 0001:0001DC7C   153 0001:0001DC89   155 0001:0001DC96
   156 0001:0001DCA3   158 0001:0001DCB0   160 0001:0001DCCB   162 0001:0001DD20
   165 0001:0001DEB0   166 0001:0001DECE   167 0001:0001DEDE   168 0001:0001DF05
   169 0001:0001DF2C   171 0001:0001DF31   172 0001:0001DF6A   173 0001:0001DFA3
   169 0001:0001DFA4   174 0001:0001DFCB   178 0001:0001DFE4   179 0001:0001E005
   180 0001:0001E007   181 0001:0001E009   180 0001:0001E01B   181 0001:0001E020
   179 0001:0001E021   183 0001:0001E026   184 0001:0001E036   185 0001:0001E046
   186 0001:0001E056   187 0001:0001E066   188 0001:0001E07A   189 0001:0001E091
   190 0001:0001E0A8   191 0001:0001E0BF   192 0001:0001E0D6   193 0001:0001E0ED
   194 0001:0001E104   195 0001:0001E11B   196 0001:0001E132   197 0001:0001E149
   199 0001:0001E160   200 0001:0001E17A   201 0001:0001E194   202 0001:0001E1AE
   203 0001:0001E1C8   204 0001:0001E1E2   205 0001:0001E1FC   206 0001:0001E216
   207 0001:0001E230   208 0001:0001E24A   209 0001:0001E264   210 0001:0001E27E
   211 0001:0001E298   212 0001:0001E2B2   213 0001:0001E2CC   214 0001:0001E2E6
   215 0001:0001E300   216 0001:0001E31A   218 0001:0001E334   220 0001:0001E34B
   221 0001:0001E35B   222 0001:0001E36B   223 0001:0001E380   229 0001:0001E392
   230 0001:0001E3A2   231 0001:0001E3BD   233 0001:0001E3C2   234 0001:0001E3C7
   236 0001:0001E3D1   237 0001:0001E3F0   238 0001:0001E3F1   234 0001:0001E3F4
   239 0001:0001E3F7   240 0001:0001E427   243 0001:0001E51C   244 0001:0001E545
   245 0001:0001E553   248 0001:0001E56C   249 0001:0001E572   251 0001:0001E582
   253 0001:0001E58F   254 0001:0001E5A3   255 0001:0001E5D2   256 0001:0001E5E6
   257 0001:0001E615   258 0001:0001E629   260 0001:0001E658   262 0001:0001E665
   264 0001:0001E674   263 0001:0001E679   266 0001:0001E68A   269 0001:0001E68C
   272 0001:0001E6A5   273 0001:0001E6AB   275 0001:0001E6BB   276 0001:0001E6C8
   277 0001:0001E6DC   278 0001:0001E6F9   279 0001:0001E70D   280 0001:0001E72A
   281 0001:0001E73E   283 0001:0001E75B   285 0001:0001E768   287 0001:0001E777
   286 0001:0001E77C   289 0001:0001E78D   293 0001:0001E79E   295 0001:0001E7C9
   301 0001:0001E814   302 0001:0001E835   304 0001:0001E849   305 0001:0001E85E
   306 0001:0001E86C   309 0001:0001E871   311 0001:0001E885   314 0001:0001E89F
   315 0001:0001E8AD   319 0001:0001E8B2   321 0001:0001E8C6   324 0001:0001E8E0
   325 0001:0001E8EE   337 0001:0001E8F3   338 0001:0001E90C   340 0001:0001E91A
   341 0001:0001E92E   343 0001:0001E947   344 0001:0001E95B   346 0001:0001E974
   351 0001:0001E979   352 0001:0001E994   354 0001:0001E99F   355 0001:0001E9C3
   357 0001:0001E9DB   359 0001:0001E9F3   360 0001:0001EA17   362 0001:0001EA2F
   363 0001:0001EA42   364 0001:0001EA5A   365 0001:0001EA71   367 0001:0001EA99
   368 0001:0001EAC7   369 0001:0001EAF5   370 0001:0001EB23   371 0001:0001EB51
   372 0001:0001EB85   373 0001:0001EBB9   374 0001:0001EBED   375 0001:0001EC21
   376 0001:0001EC55   377 0001:0001EC89   378 0001:0001ECBD   379 0001:0001ECF1
   380 0001:0001ED25   381 0001:0001ED59   382 0001:0001ED8D   383 0001:0001EDC1
   384 0001:0001EDF5   386 0001:0001EE29   389 0001:0001EE3E   346 0001:0001EE3F
   390 0001:0001EEAD   393 0001:0001EF60   394 0001:0001EF7A   395 0001:0001EF9B
   396 0001:0001EFBC   397 0001:0001EFDD   398 0001:0001EFE8   399 0001:0001EFF3
   400 0001:0001F020   403 0001:0001F028   404 0001:0001F02B   405 0001:0001F036
   406 0001:0001F041   407 0001:0001F04C   411 0001:0001F050   412 0001:0001F073
   414 0001:0001F078   425 0001:0001F20F   427 0001:0001F23D   412 0001:0001F23E
   428 0001:0001F247   430 0001:0001F24C   431 0001:0001F254   432 0001:0001F259
   431 0001:0001F282   433 0001:0001F287   435 0001:0001F2B5   428 0001:0001F2B6
   436 0001:0001F32B   440 0001:0001F334   441 0001:0001F356   442 0001:0001F360
   448 0001:0001F377   449 0001:0001F3A5   451 0001:0001F3EB   453 0001:0001F413
   455 0001:0001F459   457 0001:0001F481   459 0001:0001F4C7   461 0001:0001F4EF
   463 0001:0001F535   465 0001:0001F55D   467 0001:0001F5A3   469 0001:0001F5CB
   471 0001:0001F611   473 0001:0001F639   475 0001:0001F67F   477 0001:0001F6A7
   479 0001:0001F6ED   481 0001:0001F715   483 0001:0001F75B   485 0001:0001F783
   487 0001:0001F7D5   489 0001:0001F803   491 0001:0001F855   493 0001:0001F883
   495 0001:0001F8D5   497 0001:0001F903   499 0001:0001F955   501 0001:0001F983
   503 0001:0001F9D5   505 0001:0001FA03   507 0001:0001FA55   509 0001:0001FA83
   511 0001:0001FAD5   513 0001:0001FB03   515 0001:0001FB55   517 0001:0001FB83
   519 0001:0001FBD5   522 0001:0001FC03   443 0001:0001FC15   525 0001:0001FC2F
   526 0001:0001FC3D   528 0001:0001FC76   531 0001:0001FC7C   532 0001:0001FC7F
   533 0001:0001FC86   534 0001:0001FC91   535 0001:0001FC9B   536 0001:0001FCAB
   541 0001:0001FCB0   542 0001:0001FCB5   544 0001:0001FCD2   549 0001:0001FCD4
   551 0001:0001FD04   552 0001:0001FD17   556 0001:0001FD30   559 0001:0001FD40
   561 0001:0001FD45   563 0001:0001FD62   565 0001:0001FD6B   566 0001:0001FD7B
   567 0001:0001FD89   568 0001:0001FDB7   569 0001:0001FDE3   570 0001:0001FE1D
   574 0001:0001FE33   576 0001:0001FE38   578 0001:0001FE55   580 0001:0001FE5E
   581 0001:0001FE6E   582 0001:0001FE7C   583 0001:0001FEAA   584 0001:0001FED6
   585 0001:0001FF10   588 0001:0001FF26   590 0001:0001FF2B   592 0001:0001FF48
   594 0001:0001FF51   595 0001:0001FF61   596 0001:0001FF6F   597 0001:0001FF9D
   598 0001:0001FFC9   599 0001:00020003   602 0001:00020019   604 0001:0002001E
   606 0001:0002003B   608 0001:00020044   609 0001:00020054   610 0001:00020062
   611 0001:00020090   612 0001:000200BC   613 0001:000200F6   616 0001:0002010C
   618 0001:00020111   620 0001:0002012E   622 0001:00020137   623 0001:00020147
   624 0001:00020155   625 0001:00020183   626 0001:000201AF   627 0001:000201E9
   630 0001:000201FF   632 0001:00020204   634 0001:00020221   636 0001:0002022A
   637 0001:0002023A   638 0001:00020248   639 0001:00020276   640 0001:000202A2
   641 0001:000202DC   644 0001:000202F2   646 0001:000202F7   648 0001:00020314
   650 0001:0002031D   651 0001:0002032D   652 0001:0002033B   653 0001:00020369
   654 0001:00020394   655 0001:000203CE   658 0001:000203E4   660 0001:000203E9
   662 0001:00020406   664 0001:0002040F   665 0001:0002041F   666 0001:0002042D
   667 0001:0002045B   668 0001:00020486   669 0001:000204C0   672 0001:000204D6
   674 0001:000204DB   676 0001:000204F8   678 0001:00020501   679 0001:00020511
   680 0001:0002051F   681 0001:0002054D   682 0001:00020578   683 0001:000205B2
   686 0001:000205C8   688 0001:000205CD   690 0001:000205EA   692 0001:000205F3
   693 0001:00020603   694 0001:00020611   695 0001:0002063F   696 0001:0002066A
   697 0001:000206A4   719 0001:000206BA   721 0001:000206CD   723 0001:000206D1
   724 0001:000206E1   727 0001:000206EE   729 0001:000206F7   730 0001:000206FF
   731 0001:00020707   732 0001:0002070D   734 0001:00020715   735 0001:0002072F
   736 0001:00020743   737 0001:0002075A   738 0001:0002076E   739 0001:00020786
   742 0001:000207A8   804 0001:000207BE   807 0001:000207DA   809 0001:000207E8
   810 0001:000207F6   811 0001:00020810   812 0001:00020824   813 0001:00020838
   814 0001:0002084C   815 0001:00020864   817 0001:00020883   823 0001:00020899
   826 0001:000208B8   827 0001:000208C6   828 0001:000208DF   829 0001:000208F9
   830 0001:0002090D   831 0001:00020921   832 0001:00020936   833 0001:0002094E
   860 0001:0002096D   862 0001:0002097E   863 0001:00020988   864 0001:000209A1
   865 0001:000209BB   866 0001:000209CF   867 0001:000209E3   868 0001:000209F8
   869 0001:00020A0F   872 0001:00020A4B   875 0001:00020A64   876 0001:00020A7A
   877 0001:00020A81   878 0001:00020A88   879 0001:00020A8F   880 0001:00020A96
   881 0001:00020A9D   882 0001:00020AE1   885 0001:00020AE8   886 0001:00020AEE
   887 0001:00020AFE   888 0001:00020B10   890 0001:00020B22   891 0001:00020B2B
   892 0001:00020B38   893 0001:00020B45   894 0001:00020B52   895 0001:00020B60
   896 0001:00020B6E   898 0001:00020B75   911 0001:00020B7F   917 0001:00020B84
   922 0001:00020B8E   923 0001:00020BA7   924 0001:00020BC5   926 0001:00020BE2
   935 0001:00020BFF   938 0001:00020C0C   939 0001:00020C12   941 0001:00020C1B
   945 0001:00020C33   946 0001:00020C3A   947 0001:00020C41   950 0001:00020C4A
   957 0001:00020C98   963 0001:00020C9F   964 0001:00020CBB   965 0001:00020CD9
   967 0001:00020CF6   977 0001:00020D13   979 0001:00020D1A   984 0001:00020D24
  1012 0001:00020D29  1016 0001:00020D2C  1018 0001:00020D53  1021 0001:00020D6D
  1022 0001:00020D72  1023 0001:00020D8A  1024 0001:00020D98  1026 0001:00020DAE
  1027 0001:00020DB6  1029 0001:00020DC3  1031 0001:00020DD7  1032 0001:00020DE7
  1035 0001:00020DF4  1037 0001:00020E08  1038 0001:00020E20  1041 0001:00020E2D
  1043 0001:00020E41  1044 0001:00020E59  1047 0001:00020E66  1049 0001:00020EA4
  1050 0001:00020EBC  1053 0001:00020EC9  1054 0001:00020ED7  1055 0001:00020EEC
  1057 0001:00020F2A  1058 0001:00020F54  1061 0001:00020F7E  1064 0001:00020F87
  1068 0001:00020F8E  1069 0001:00020FA2  1070 0001:00020FE0  1071 0001:00020FF4
  1072 0001:00021032  1073 0001:00021046  1076 0001:00021090  1077 0001:0002109D
  1078 0001:0002110E  1080 0001:00021238  1082 0001:00021255  1083 0001:00021267
  1085 0001:00021288  1086 0001:0002129A  1088 0001:000212BB  1089 0001:000212CD
  1092 0001:000212EE  1093 0001:000212F7  1095 0001:00021322  1097 0001:00021328
  1099 0001:0002132B  1100 0001:00021346  1101 0001:00021361  1102 0001:0002137C
  1103 0001:00021397  1104 0001:000213B2  1108 0001:000213B4  1110 0001:000213C2
  1113 0001:000213C4  1114 0001:000213E3  1115 0001:000213F3  1137 0001:000213FC
  1139 0001:00021405  1148 0001:0002141F  1149 0001:0002143C  1153 0001:00021446
  1154 0001:00021458  1155 0001:0002146C  1156 0001:000214A0  1157 0001:000214B4
  1158 0001:000214E8  1159 0001:000214FC  1161 0001:00021530  1182 0001:00021542
  1188 0001:0002156D  1193 0001:00021628  1194 0001:00021630  1198 0001:00021634
  1200 0001:0002163D  1203 0001:00021653  1205 0001:00021658  1207 0001:000216A4
  1208 0001:000216BD  1209 0001:000216CD  1210 0001:000216D6  1212 0001:000216DF
  1214 0001:000216E8  1218 0001:000216FF  1219 0001:00021716  1220 0001:0002172D
  1221 0001:00021744  1222 0001:00021766  1238 0001:0002178C  1240 0001:000217DC
  1241 0001:000217F4  1242 0001:00021810  1243 0001:0002181E  1244 0001:0002185A
  1245 0001:00021861  1246 0001:00021884  1248 0001:000218A0  1249 0001:000218AC
  1250 0001:000218BA  1252 0001:000218F1  1255 0001:00021940  1256 0001:00021943
  1257 0001:0002194A  1258 0001:00021957  1259 0001:00021964  1260 0001:00021971
  1261 0001:0002197E  1262 0001:0002198B  1266 0001:00021990  1268 0001:000219AA
  1270 0001:000219B9  1271 0001:000219C4  1272 0001:000219DB  1273 0001:00021A22
  1277 0001:00021A2F  1278 0001:00021A46  1281 0001:00021A7B  1284 0001:00021AB8
  1286 0001:00021AD2  1288 0001:00021AE1  1289 0001:00021AEC  1290 0001:00021B03
  1291 0001:00021B4A  1295 0001:00021B57  1296 0001:00021B6E  1299 0001:00021BA3
  1302 0001:00021BDC  1304 0001:00021BF6  1306 0001:00021C05  1307 0001:00021C10
  1308 0001:00021C27  1309 0001:00021C6E  1313 0001:00021C7B  1314 0001:00021C92
  1316 0001:00021CC7  1321 0001:00021D84  1321 0001:00021D8B

Line numbers for SISServicos(Q:\lib\Pacotes\SISServicos.dpk) segment .text

    62 0001:000224DC

Bound resource files

q:\lib\cadastro\uCadServicoTARVUnidade.dfm
q:\lib\cadastro\uCadCriancaExposta.dfm
q:\lib\cadastro\uCadCriancaExpostaUnidade.dfm
q:\lib\cadastro\uCadServicoAT.dfm
q:\lib\cadastro\uCadServicoATUnidade.dfm
q:\lib\cadastro\uCadServicosCPN.dfm
q:\lib\cadastro\uCadServicosCPNUnidade.dfm
q:\lib\cadastro\uCadServicoTARV.dfm
SISServicos.res
SISServicos.drf


Program entry point at 0001:000224DC
